Component: ARM Compiler 5.06 update 6 (build 750) Tool: armlink [4d35ed]

==============================================================================

Section Cross References

    startup_stm32l051xx.o(RESET) refers to startup_stm32l051xx.o(STACK) for __initial_sp
    startup_stm32l051xx.o(RESET) refers to startup_stm32l051xx.o(.text) for Reset_Handler
    startup_stm32l051xx.o(RESET) refers to stm32l0xx_it.o(i.NMI_Handler) for NMI_Handler
    startup_stm32l051xx.o(RESET) refers to stm32l0xx_it.o(i.HardFault_Handler) for HardFault_Handler
    startup_stm32l051xx.o(RESET) refers to stm32l0xx_it.o(i.SVC_Handler) for SVC_Handler
    startup_stm32l051xx.o(RESET) refers to port_s.o(.text) for PendSV_Handler
    startup_stm32l051xx.o(RESET) refers to stm32l0xx_it.o(i.SysTick_Handler) for SysTick_Handler
    startup_stm32l051xx.o(.text) refers to system_stm32l0xx.o(i.SystemInit) for SystemInit
    startup_stm32l051xx.o(.text) refers to entry.o(.ARM.Collect$$$$00000000) for __main
    main.o(i.SystemClock_Config) refers to memseta.o(.text) for __aeabi_memclr4
    main.o(i.SystemClock_Config) refers to stm32l0xx_hal_rcc.o(i.HAL_RCC_OscConfig) for HAL_RCC_OscConfig
    main.o(i.SystemClock_Config) refers to stm32l0xx_hal_rcc.o(i.HAL_RCC_ClockConfig) for HAL_RCC_ClockConfig
    main.o(i.SystemClock_Config) refers to stm32l0xx_hal_rcc_ex.o(i.HAL_RCCEx_PeriphCLKConfig) for HAL_RCCEx_PeriphCLKConfig
    main.o(i.entry_task_demo1) refers to main.o(.data) for .data
    main.o(i.entry_task_demo2) refers to main.o(.data) for .data
    main.o(i.entry_task_sample) refers to printfa.o(i.__0printf) for __2printf
    main.o(i.entry_task_sample) refers to dfltul.o(.text) for __aeabi_ul2d
    main.o(i.entry_task_sample) refers to ddiv.o(.text) for __aeabi_ddiv
    main.o(i.entry_task_sample) refers to tos_task.o(i.tos_task_delay) for tos_task_delay
    main.o(i.entry_task_sample) refers to main.o(.data) for .data
    main.o(i.main) refers to stm32l0xx_hal.o(i.HAL_Init) for HAL_Init
    main.o(i.main) refers to main.o(i.SystemClock_Config) for SystemClock_Config
    main.o(i.main) refers to gpio.o(i.MX_GPIO_Init) for MX_GPIO_Init
    main.o(i.main) refers to usart.o(i.MX_USART1_UART_Init) for MX_USART1_UART_Init
    main.o(i.main) refers to tos_sys.o(i.tos_knl_init) for tos_knl_init
    main.o(i.main) refers to tos_robin.o(i.tos_robin_default_timeslice_config) for tos_robin_default_timeslice_config
    main.o(i.main) refers to tos_task.o(i.tos_task_create) for tos_task_create
    main.o(i.main) refers to tos_sys.o(i.tos_knl_start) for tos_knl_start
    main.o(i.main) refers to main.o(.bss) for .bss
    main.o(i.main) refers to main.o(i.entry_task_demo1) for entry_task_demo1
    main.o(i.main) refers to main.o(i.entry_task_demo2) for entry_task_demo2
    main.o(i.main) refers to main.o(i.entry_task_sample) for entry_task_sample
    gpio.o(i.MX_GPIO_Init) refers to memseta.o(.text) for __aeabi_memclr4
    gpio.o(i.MX_GPIO_Init) refers to stm32l0xx_hal_gpio.o(i.HAL_GPIO_WritePin) for HAL_GPIO_WritePin
    gpio.o(i.MX_GPIO_Init) refers to stm32l0xx_hal_gpio.o(i.HAL_GPIO_Init) for HAL_GPIO_Init
    usart.o(i.HAL_UART_MspDeInit) refers to stm32l0xx_hal_gpio.o(i.HAL_GPIO_DeInit) for HAL_GPIO_DeInit
    usart.o(i.HAL_UART_MspInit) refers to memseta.o(.text) for __aeabi_memclr4
    usart.o(i.HAL_UART_MspInit) refers to stm32l0xx_hal_gpio.o(i.HAL_GPIO_Init) for HAL_GPIO_Init
    usart.o(i.MX_USART1_UART_Init) refers to stm32l0xx_hal_uart.o(i.HAL_UART_Init) for HAL_UART_Init
    usart.o(i.MX_USART1_UART_Init) refers to main.o(i.Error_Handler) for Error_Handler
    usart.o(i.MX_USART1_UART_Init) refers to usart.o(.bss) for .bss
    usart.o(i.fputc) refers to stm32l0xx_hal_uart.o(i.HAL_UART_Transmit) for HAL_UART_Transmit
    usart.o(i.fputc) refers to usart.o(.bss) for .bss
    stm32l0xx_it.o(i.SysTick_Handler) refers to stm32l0xx_hal.o(i.HAL_IncTick) for HAL_IncTick
    stm32l0xx_it.o(i.SysTick_Handler) refers to tos_sys.o(i.tos_knl_is_running) for tos_knl_is_running
    stm32l0xx_it.o(i.SysTick_Handler) refers to tos_sys.o(i.tos_knl_irq_enter) for tos_knl_irq_enter
    stm32l0xx_it.o(i.SysTick_Handler) refers to tos_tick.o(i.tos_tick_handler) for tos_tick_handler
    stm32l0xx_it.o(i.SysTick_Handler) refers to tos_sys.o(i.tos_knl_irq_leave) for tos_knl_irq_leave
    stm32l0xx_hal_uart.o(i.HAL_HalfDuplex_Init) refers to usart.o(i.HAL_UART_MspInit) for HAL_UART_MspInit
    stm32l0xx_hal_uart.o(i.HAL_HalfDuplex_Init) refers to stm32l0xx_hal_uart.o(i.UART_SetConfig) for UART_SetConfig
    stm32l0xx_hal_uart.o(i.HAL_HalfDuplex_Init) refers to stm32l0xx_hal_uart.o(i.UART_AdvFeatureConfig) for UART_AdvFeatureConfig
    stm32l0xx_hal_uart.o(i.HAL_HalfDuplex_Init) refers to stm32l0xx_hal_uart.o(i.UART_CheckIdleState) for UART_CheckIdleState
    stm32l0xx_hal_uart.o(i.HAL_LIN_Init) refers to usart.o(i.HAL_UART_MspInit) for HAL_UART_MspInit
    stm32l0xx_hal_uart.o(i.HAL_LIN_Init) refers to stm32l0xx_hal_uart.o(i.UART_SetConfig) for UART_SetConfig
[...]
    Removing tos_timer.o(i.tos_timer_destroy), (92 bytes).
    Removing tos_timer.o(i.tos_timer_period_change), (10 bytes).
    Removing tos_timer.o(i.tos_timer_start), (104 bytes).
    Removing tos_timer.o(i.tos_timer_stop), (84 bytes).
    Removing tos_pm.o(.rev16_text), (4 bytes).
    Removing tos_pm.o(.revsh_text), (4 bytes).
    Removing tos_tickless.o(.rev16_text), (4 bytes).
    Removing tos_tickless.o(.revsh_text), (4 bytes).
    Removing cmsis_os.o(.rev16_text), (4 bytes).
    Removing cmsis_os.o(.revsh_text), (4 bytes).
    Removing cmsis_os.o(i.errno_knl2cmsis), (8 bytes).
    Removing cmsis_os.o(i.osDelay), (26 bytes).
    Removing cmsis_os.o(i.osKernelInitialize), (12 bytes).
    Removing cmsis_os.o(i.osKernelRunning), (8 bytes).
    Removing cmsis_os.o(i.osKernelStart), (12 bytes).
    Removing cmsis_os.o(i.osKernelSysTick), (8 bytes).
    Removing cmsis_os.o(i.osMessageCreate), (28 bytes).
    Removing cmsis_os.o(i.osMessageGet), (60 bytes).
    Removing cmsis_os.o(i.osMessagePut), (14 bytes).
    Removing cmsis_os.o(i.osMutexCreate), (24 bytes).
    Removing cmsis_os.o(i.osMutexDelete), (12 bytes).
    Removing cmsis_os.o(i.osMutexRelease), (12 bytes).
    Removing cmsis_os.o(i.osMutexWait), (34 bytes).
    Removing cmsis_os.o(i.osPoolAlloc), (24 bytes).
    Removing cmsis_os.o(i.osPoolCAlloc), (36 bytes).
    Removing cmsis_os.o(i.osPoolCreate), (30 bytes).
    Removing cmsis_os.o(i.osPoolFree), (12 bytes).
    Removing cmsis_os.o(i.osSemaphoreCreate), (26 bytes).
    Removing cmsis_os.o(i.osSemaphoreDelete), (12 bytes).
    Removing cmsis_os.o(i.osSemaphoreRelease), (12 bytes).
    Removing cmsis_os.o(i.osSemaphoreWait), (44 bytes).
    Removing cmsis_os.o(i.osThreadCreate), (100 bytes).
    Removing cmsis_os.o(i.osThreadGetId), (12 bytes).
    Removing cmsis_os.o(i.osThreadGetPriority), (16 bytes).
    Removing cmsis_os.o(i.osThreadSetPriority), (24 bytes).
    Removing cmsis_os.o(i.osThreadTerminate), (12 bytes).
    Removing cmsis_os.o(i.osTimerCreate), (48 bytes).
    Removing cmsis_os.o(i.osTimerDelete), (12 bytes).
    Removing cmsis_os.o(i.osTimerStart), (50 bytes).
    Removing cmsis_os.o(i.osTimerStop), (12 bytes).
    Removing cmsis_os.o(i.priority_cmsis2knl), (16 bytes).

592 unused section(s) (total 35339 bytes) removed from the image.

==============================================================================

Image Symbol Table

    Local Symbols

    Symbol Name                              Value     Ov Type        Size  Object(Section)

    ../Drivers/STM32L0xx_HAL_Driver/Src/stm32l0xx_hal.c 0x00000000   Number         0  stm32l0xx_hal.o ABSOLUTE
    ../Drivers/STM32L0xx_HAL_Driver/Src/stm32l0xx_hal_cortex.c 0x00000000   Number         0  stm32l0xx_hal_cortex.o ABSOLUTE
    ../Drivers/STM32L0xx_HAL_Driver/Src/stm32l0xx_hal_dma.c 0x00000000   Number         0  stm32l0xx_hal_dma.o ABSOLUTE
    ../Drivers/STM32L0xx_HAL_Driver/Src/stm32l0xx_hal_flash.c 0x00000000   Number         0  stm32l0xx_hal_flash.o ABSOLUTE
    ../Drivers/STM32L0xx_HAL_Driver/Src/stm32l0xx_hal_flash_ex.c 0x00000000   Number         0  stm32l0xx_hal_flash_ex.o ABSOLUTE
    ../Drivers/STM32L0xx_HAL_Driver/Src/stm32l0xx_hal_flash_ramfunc.c 0x00000000   Number         0  stm32l0xx_hal_flash_ramfunc.o ABSOLUTE
    ../Drivers/STM32L0xx_HAL_Driver/Src/stm32l0xx_hal_gpio.c 0x00000000   Number         0  stm32l0xx_hal_gpio.o ABSOLUTE
    ../Drivers/STM32L0xx_HAL_Driver/Src/stm32l0xx_hal_i2c.c 0x00000000   Number         0  stm32l0xx_hal_i2c.o ABSOLUTE
    ../Drivers/STM32L0xx_HAL_Driver/Src/stm32l0xx_hal_i2c_ex.c 0x00000000   Number         0  stm32l0xx_hal_i2c_ex.o ABSOLUTE
    ../Drivers/STM32L0xx_HAL_Driver/Src/stm32l0xx_hal_pwr.c 0x00000000   Number         0  stm32l0xx_hal_pwr.o ABSOLUTE
    ../Drivers/STM32L0xx_HAL_Driver/Src/stm32l0xx_hal_pwr_ex.c 0x00000000   Number         0  stm32l0xx_hal_pwr_ex.o ABSOLUTE
    ../Drivers/STM32L0xx_HAL_Driver/Src/stm32l0xx_hal_rcc.c 0x00000000   Number         0  stm32l0xx_hal_rcc.o ABSOLUTE
    ../Drivers/STM32L0xx_HAL_Driver/Src/stm32l0xx_hal_rcc_ex.c 0x00000000   Number         0  stm32l0xx_hal_rcc_ex.o ABSOLUTE
    ../Drivers/STM32L0xx_HAL_Driver/Src/stm32l0xx_hal_tim.c 0x00000000   Number         0  stm32l0xx_hal_tim.o ABSOLUTE
    ../Drivers/STM32L0xx_HAL_Driver/Src/stm32l0xx_hal_tim_ex.c 0x00000000   Number         0  stm32l0xx_hal_tim_ex.o ABSOLUTE
    ../Drivers/STM32L0xx_HAL_Driver/Src/stm32l0xx_hal_uart.c 0x00000000   Number         0  stm32l0xx_hal_uart.o ABSOLUTE
    ../Drivers/STM32L0xx_HAL_Driver/Src/stm32l0xx_hal_uart_ex.c 0x00000000   Number         0  stm32l0xx_hal_uart_ex.o ABSOLUTE
    ../Src/gpio.c                            0x00000000   Number         0  gpio.o ABSOLUTE
    ../Src/main.c                            0x00000000   Number         0  main.o ABSOLUTE
    ../Src/stm32l0xx_hal_msp.c               0x00000000   Number         0  stm32l0xx_hal_msp.o ABSOLUTE
    ../Src/stm32l0xx_it.c                    0x00000000   Number         0  stm32l0xx_it.o ABSOLUTE
    ../Src/system_stm32l0xx.c                0x00000000   Number         0  system_stm32l0xx.o ABSOLUTE
    ../Src/usart.c                           0x00000000   Number         0  usart.o ABSOLUTE
    ../clib/microlib/division.c              0x00000000   Number         0  uidiv.o ABSOLUTE
    ../clib/microlib/division.c              0x00000000   Number         0  uldiv.o ABSOLUTE
    ../clib/microlib/init/entry.s            0x00000000   Number         0  entry10b.o ABSOLUTE
    ../clib/microlib/init/entry.s            0x00000000   Number         0  entry7b.o ABSOLUTE
    ../clib/microlib/init/entry.s            0x00000000   Number         0  entry7a.o ABSOLUTE
    ../clib/microlib/init/entry.s            0x00000000   Number         0  entry11a.o ABSOLUTE
    ../clib/microlib/init/entry.s            0x00000000   Number         0  entry5.o ABSOLUTE
    ../clib/microlib/init/entry.s            0x00000000   Number         0  entry8b.o ABSOLUTE
    ../clib/microlib/init/entry.s            0x00000000   Number         0  entry9a.o ABSOLUTE
    ../clib/microlib/init/entry.s            0x00000000   Number         0  entry9b.o ABSOLUTE
    ../clib/microlib/init/entry.s            0x00000000   Number         0  entry10a.o ABSOLUTE
    ../clib/microlib/init/entry.s            0x00000000   Number         0  entry8a.o ABSOLUTE
    ../clib/microlib/init/entry.s            0x00000000   Number         0  entry11b.o ABSOLUTE
    ../clib/microlib/init/entry.s            0x00000000   Number         0  entry.o ABSOLUTE
    ../clib/microlib/init/entry.s            0x00000000   Number         0  entry2.o ABSOLUTE
    ../clib/microlib/longlong.c              0x00000000   Number         0  llshl.o ABSOLUTE
    ../clib/microlib/longlong.c              0x00000000   Number         0  llsshr.o ABSOLUTE
    ../clib/microlib/longlong.c              0x00000000   Number         0  llushr.o ABSOLUTE
    ../clib/microlib/printf/printf.c         0x00000000   Number         0  printfb.o ABSOLUTE
    ../clib/microlib/printf/printf.c         0x00000000   Number         0  printf5.o ABSOLUTE
    ../clib/microlib/printf/printf.c         0x00000000   Number         0  printf1.o ABSOLUTE
    ../clib/microlib/printf/printf.c         0x00000000   Number         0  printf7.o ABSOLUTE
    ../clib/microlib/printf/printf.c         0x00000000   Number         0  printf8.o ABSOLUTE
    ../clib/microlib/printf/printf.c         0x00000000   Number         0  printfa.o ABSOLUTE
    ../clib/microlib/printf/printf.c         0x00000000   Number         0  printf2.o ABSOLUTE
    ../clib/microlib/printf/printf.c         0x00000000   Number         0  printf6.o ABSOLUTE
    ../clib/microlib/printf/printf.c         0x00000000   Number         0  printf3.o ABSOLUTE
    ../clib/microlib/printf/printf.c         0x00000000   Number         0  printf0.o ABSOLUTE
    ../clib/microlib/printf/printf.c         0x00000000   Number         0  printf4.o ABSOLUTE
    ../clib/microlib/printf/stubs.s          0x00000000   Number         0  stubs.o ABSOLUTE
    ../clib/microlib/stdio/streams.c         0x00000000   Number         0  stdout.o ABSOLUTE
    ../clib/microlib/string/memcpy.c         0x00000000   Number         0  memcpya.o ABSOLUTE
    ../clib/microlib/string/memcpy.c         0x00000000   Number         0  memcpyb.o ABSOLUTE
    ../clib/microlib/string/memset.c         0x00000000   Number         0  memseta.o ABSOLUTE
    ../clib/microlib/stubs.s                 0x00000000   Number         0  iusefp.o ABSOLUTE
    ../fplib/microlib/fpadd.c                0x00000000   Number         0  dadd.o ABSOLUTE
    ../fplib/microlib/fpdiv.c                0x00000000   Number         0  ddiv.o ABSOLUTE
    ../fplib/microlib/fpepilogue.c           0x00000000   Number         0  depilogue.o ABSOLUTE
    ../fplib/microlib/fpfix.c                0x00000000   Number         0  dfixul.o ABSOLUTE
    ../fplib/microlib/fpflt.c                0x00000000   Number         0  dfltul.o ABSOLUTE
    ../fplib/microlib/fpmul.c                0x00000000   Number         0  dmul.o ABSOLUTE
    ..\..\..\arch\arm\arm-v7m\common\tos_cpu.c 0x00000000   Number         0  tos_cpu.o ABSOLUTE
    ..\..\..\arch\arm\arm-v7m\cortex-m0+\armcc\port_c.c 0x00000000   Number         0  port_c.o ABSOLUTE
    ..\..\..\arch\arm\arm-v7m\cortex-m0+\armcc\port_s.S 0x00000000   Number         0  port_s.o ABSOLUTE
    ..\..\..\kernel\core\tos_binary_heap.c   0x00000000   Number         0  tos_binary_heap.o ABSOLUTE
    ..\..\..\kernel\core\tos_char_fifo.c     0x00000000   Number         0  tos_char_fifo.o ABSOLUTE
    ..\..\..\kernel\core\tos_completion.c    0x00000000   Number         0  tos_completion.o ABSOLUTE
    ..\..\..\kernel\core\tos_countdownlatch.c 0x00000000   Number         0  tos_countdownlatch.o ABSOLUTE
    ..\..\..\kernel\core\tos_event.c         0x00000000   Number         0  tos_event.o ABSOLUTE
    ..\..\..\kernel\core\tos_global.c        0x00000000   Number         0  tos_global.o ABSOLUTE
    ..\..\..\kernel\core\tos_mail_queue.c    0x00000000   Number         0  tos_mail_queue.o ABSOLUTE
    ..\..\..\kernel\core\tos_message_queue.c 0x00000000   Number         0  tos_message_queue.o ABSOLUTE
    ..\..\..\kernel\core\tos_mmblk.c         0x00000000   Number         0  tos_mmblk.o ABSOLUTE
    ..\..\..\kernel\core\tos_mmheap.c        0x00000000   Number         0  tos_mmheap.o ABSOLUTE
    ..\..\..\kernel\core\tos_mutex.c         0x00000000   Number         0  tos_mutex.o ABSOLUTE
    ..\..\..\kernel\core\tos_pend.c          0x00000000   Number         0  tos_pend.o ABSOLUTE
    ..\..\..\kernel\core\tos_priority_mail_queue.c 0x00000000   Number         0  tos_priority_mail_queue.o ABSOLUTE
    ..\..\..\kernel\core\tos_priority_message_queue.c 0x00000000   Number         0  tos_priority_message_queue.o ABSOLUTE
    ..\..\..\kernel\core\tos_priority_queue.c 0x00000000   Number         0  tos_priority_queue.o ABSOLUTE
    ..\..\..\kernel\core\tos_ring_queue.c    0x00000000   Number         0  tos_ring_queue.o ABSOLUTE
    ..\..\..\kernel\core\tos_robin.c         0x00000000   Number         0  tos_robin.o ABSOLUTE
    ..\..\..\kernel\core\tos_sched.c         0x00000000   Number         0  tos_sched.o ABSOLUTE
    ..\..\..\kernel\core\tos_sem.c           0x00000000   Number         0  tos_sem.o ABSOLUTE
    ..\..\..\kernel\core\tos_sys.c           0x00000000   Number         0  tos_sys.o ABSOLUTE
    ..\..\..\kernel\core\tos_task.c          0x00000000   Number         0  tos_task.o ABSOLUTE
    ..\..\..\kernel\core\tos_tick.c          0x00000000   Number         0  tos_tick.o ABSOLUTE
    ..\..\..\kernel\core\tos_time.c          0x00000000   Number         0  tos_time.o ABSOLUTE
    ..\..\..\kernel\core\tos_timer.c         0x00000000   Number         0  tos_timer.o ABSOLUTE
    ..\..\..\kernel\pm\tos_pm.c              0x00000000   Number         0  tos_pm.o ABSOLUTE
    ..\..\..\kernel\pm\tos_tickless.c        0x00000000   Number         0  tos_tickless.o ABSOLUTE
    ..\..\..\osal\cmsis_os\cmsis_os.c        0x00000000   Number         0  cmsis_os.o ABSOLUTE
    ..\Drivers\STM32L0xx_HAL_Driver\Src\stm32l0xx_hal.c 0x00000000   Number         0  stm32l0xx_hal.o ABSOLUTE
    ..\Drivers\STM32L0xx_HAL_Driver\Src\stm32l0xx_hal_cortex.c 0x00000000   Number         0  stm32l0xx_hal_cortex.o ABSOLUTE
    ..\Drivers\STM32L0xx_HAL_Driver\Src\stm32l0xx_hal_dma.c 0x00000000   Number         0  stm32l0xx_hal_dma.o ABSOLUTE
    ..\Drivers\STM32L0xx_HAL_Driver\Src\stm32l0xx_hal_flash.c 0x00000000   Number         0  stm32l0xx_hal_flash.o ABSOLUTE
    ..\Drivers\STM32L0xx_HAL_Driver\Src\stm32l0xx_hal_flash_ex.c 0x00000000   Number         0  stm32l0xx_hal_flash_ex.o ABSOLUTE
    ..\Drivers\STM32L0xx_HAL_Driver\Src\stm32l0xx_hal_flash_ramfunc.c 0x00000000   Number         0  stm32l0xx_hal_flash_ramfunc.o ABSOLUTE
    ..\Drivers\STM32L0xx_HAL_Driver\Src\stm32l0xx_hal_gpio.c 0x00000000   Number         0  stm32l0xx_hal_gpio.o ABSOLUTE
    ..\Drivers\STM32L0xx_HAL_Driver\Src\stm32l0xx_hal_i2c.c 0x00000000   Number         0  stm32l0xx_hal_i2c.o ABSOLUTE
    ..\Drivers\STM32L0xx_HAL_Driver\Src\stm32l0xx_hal_i2c_ex.c 0x00000000   Number         0  stm32l0xx_hal_i2c_ex.o ABSOLUTE
    ..\Drivers\STM32L0xx_HAL_Driver\Src\stm32l0xx_hal_pwr.c 0x00000000   Number         0  stm32l0xx_hal_pwr.o ABSOLUTE
    ..\Drivers\STM32L0xx_HAL_Driver\Src\stm32l0xx_hal_pwr_ex.c 0x00000000   Number         0  stm32l0xx_hal_pwr_ex.o ABSOLUTE
    ..\Drivers\STM32L0xx_HAL_Driver\Src\stm32l0xx_hal_rcc.c 0x00000000   Number         0  stm32l0xx_hal_rcc.o ABSOLUTE
    ..\Drivers\STM32L0xx_HAL_Driver\Src\stm32l0xx_hal_rcc_ex.c 0x00000000   Number         0  stm32l0xx_hal_rcc_ex.o ABSOLUTE
    ..\Drivers\STM32L0xx_HAL_Driver\Src\stm32l0xx_hal_tim.c 0x00000000   Number         0  stm32l0xx_hal_tim.o ABSOLUTE
    ..\Drivers\STM32L0xx_HAL_Driver\Src\stm32l0xx_hal_tim_ex.c 0x00000000   Number         0  stm32l0xx_hal_tim_ex.o ABSOLUTE
    ..\Drivers\STM32L0xx_HAL_Driver\Src\stm32l0xx_hal_uart.c 0x00000000   Number         0  stm32l0xx_hal_uart.o ABSOLUTE
    ..\Drivers\STM32L0xx_HAL_Driver\Src\stm32l0xx_hal_uart_ex.c 0x00000000   Number         0  stm32l0xx_hal_uart_ex.o ABSOLUTE
    ..\Src\gpio.c                            0x00000000   Number         0  gpio.o ABSOLUTE
    ..\Src\main.c                            0x00000000   Number         0  main.o ABSOLUTE
    ..\Src\stm32l0xx_hal_msp.c               0x00000000   Number         0  stm32l0xx_hal_msp.o ABSOLUTE
    ..\Src\stm32l0xx_it.c                    0x00000000   Number         0  stm32l0xx_it.o ABSOLUTE
    ..\Src\system_stm32l0xx.c                0x00000000   Number         0  system_stm32l0xx.o ABSOLUTE
    ..\Src\usart.c                           0x00000000   Number         0  usart.o ABSOLUTE
    ..\\..\\..\\arch\\arm\\arm-v7m\\common\\tos_cpu.c 0x00000000   Number         0  tos_cpu.o ABSOLUTE
    ..\\..\\..\\arch\\arm\\arm-v7m\\cortex-m0+\\armcc\\port_c.c 0x00000000   Number         0  port_c.o ABSOLUTE
    ..\\..\\..\\kernel\\core\\tos_binary_heap.c 0x00000000   Number         0  tos_binary_heap.o ABSOLUTE
    ..\\..\\..\\kernel\\core\\tos_char_fifo.c 0x00000000   Number         0  tos_char_fifo.o ABSOLUTE
    ..\\..\\..\\kernel\\core\\tos_completion.c 0x00000000   Number         0  tos_completion.o ABSOLUTE
    ..\\..\\..\\kernel\\core\\tos_countdownlatch.c 0x00000000   Number         0  tos_countdownlatch.o ABSOLUTE
    ..\\..\\..\\kernel\\core\\tos_event.c    0x00000000   Number         0  tos_event.o ABSOLUTE
    ..\\..\\..\\kernel\\core\\tos_global.c   0x00000000   Number         0  tos_global.o ABSOLUTE
    ..\\..\\..\\kernel\\core\\tos_mail_queue.c 0x00000000   Number         0  tos_mail_queue.o ABSOLUTE
    ..\\..\\..\\kernel\\core\\tos_message_queue.c 0x00000000   Number         0  tos_message_queue.o ABSOLUTE
    ..\\..\\..\\kernel\\core\\tos_mmblk.c    0x00000000   Number         0  tos_mmblk.o ABSOLUTE
    ..\\..\\..\\kernel\\core\\tos_mmheap.c   0x00000000   Number         0  tos_mmheap.o ABSOLUTE
    ..\\..\\..\\kernel\\core\\tos_mutex.c    0x00000000   Number         0  tos_mutex.o ABSOLUTE
    ..\\..\\..\\kernel\\core\\tos_pend.c     0x00000000   Number         0  tos_pend.o ABSOLUTE
    ..\\..\\..\\kernel\\core\\tos_priority_mail_queue.c 0x00000000   Number         0  tos_priority_mail_queue.o ABSOLUTE
    ..\\..\\..\\kernel\\core\\tos_priority_message_queue.c 0x00000000   Number         0  tos_priority_message_queue.o ABSOLUTE
    ..\\..\\..\\kernel\\core\\tos_priority_queue.c 0x00000000   Number         0  tos_priority_queue.o ABSOLUTE
    ..\\..\\..\\kernel\\core\\tos_ring_queue.c 0x00000000   Number         0  tos_ring_queue.o ABSOLUTE
    ..\\..\\..\\kernel\\core\\tos_robin.c    0x00000000   Number         0  tos_robin.o ABSOLUTE
    ..\\..\\..\\kernel\\core\\tos_sched.c    0x00000000   Number         0  tos_sched.o ABSOLUTE
    ..\\..\\..\\kernel\\core\\tos_sem.c      0x00000000   Number         0  tos_sem.o ABSOLUTE
    ..\\..\\..\\kernel\\core\\tos_sys.c      0x00000000   Number         0  tos_sys.o ABSOLUTE
    ..\\..\\..\\kernel\\core\\tos_task.c     0x00000000   Number         0  tos_task.o ABSOLUTE
    ..\\..\\..\\kernel\\core\\tos_tick.c     0x00000000   Number         0  tos_tick.o ABSOLUTE
    ..\\..\\..\\kernel\\core\\tos_time.c     0x00000000   Number         0  tos_time.o ABSOLUTE
    ..\\..\\..\\kernel\\core\\tos_timer.c    0x00000000   Number         0  tos_timer.o ABSOLUTE
    ..\\..\\..\\kernel\\pm\\tos_pm.c         0x00000000   Number         0  tos_pm.o ABSOLUTE
    ..\\..\\..\\kernel\\pm\\tos_tickless.c   0x00000000   Number         0  tos_tickless.o ABSOLUTE
    ..\\..\\..\\osal\\cmsis_os\\cmsis_os.c   0x00000000   Number         0  cmsis_os.o ABSOLUTE
    cdrcmple.s                               0x00000000   Number         0  cdrcmple.o ABSOLUTE
    dc.s                                     0x00000000   Number         0  dc.o ABSOLUTE
    handlers.s                               0x00000000   Number         0  handlers.o ABSOLUTE
    init.s                                   0x00000000   Number         0  init.o ABSOLUTE
    startup_stm32l051xx.s                    0x00000000   Number         0  startup_stm32l051xx.o ABSOLUTE
    RESET                                    0x08000000   Section      192  startup_stm32l051xx.o(RESET)
    .ARM.Collect$$$$00000000                 0x080000c0   Section        0  entry.o(.ARM.Collect$$$$00000000)
    .ARM.Collect$$$$00000001                 0x080000c0   Section        4  entry2.o(.ARM.Collect$$$$00000001)
    .ARM.Collect$$$$00000004                 0x080000c4   Section        4  entry5.o(.ARM.Collect$$$$00000004)
    .ARM.Collect$$$$00000008                 0x080000c8   Section        0  entry7b.o(.ARM.Collect$$$$00000008)
    .ARM.Collect$$$$0000000A                 0x080000c8   Section        0  entry8b.o(.ARM.Collect$$$$0000000A)
    .ARM.Collect$$$$0000000B                 0x080000c8   Section        8  entry9a.o(.ARM.Collect$$$$0000000B)
    .ARM.Collect$$$$0000000D                 0x080000d0   Section        0  entry10a.o(.ARM.Collect$$$$0000000D)
    .ARM.Collect$$$$0000000F                 0x080000d0   Section        0  entry11a.o(.ARM.Collect$$$$0000000F)
    .ARM.Collect$$$$00002712                 0x080000d0   Section        4  entry2.o(.ARM.Collect$$$$00002712)
    __lit__00000000                          0x080000d0   Data           4  entry2.o(.ARM.Collect$$$$00002712)
    .text                                    0x080000d4   Section       28  startup_stm32l051xx.o(.text)
    .text                                    0x080000f0   Section      156  port_s.o(.text)
    .text                                    0x0800018c   Section        0  uidiv.o(.text)
    .text                                    0x080001b8   Section        0  uldiv.o(.text)
    .text                                    0x08000218   Section        0  memseta.o(.text)
    .text                                    0x0800023c   Section        0  ddiv.o(.text)
    .text                                    0x0800032c   Section        0  dfltul.o(.text)
    .text                                    0x08000348   Section        0  llshl.o(.text)
    .text                                    0x08000368   Section        0  llushr.o(.text)
    .text                                    0x0800038a   Section        0  iusefp.o(.text)
    .text                                    0x0800038a   Section        0  depilogue.o(.text)
    .text                                    0x08000448   Section        0  dadd.o(.text)
    .text                                    0x080005ac   Section        0  dmul.o(.text)
    .text                                    0x0800067c   Section        0  dfixul.o(.text)
    .text                                    0x080006bc   Section       40  cdrcmple.o(.text)
    .text                                    0x080006e4   Section       36  init.o(.text)
    .text                                    0x08000708   Section        0  llsshr.o(.text)
    i.Error_Handler                          0x0800072e   Section        0  main.o(i.Error_Handler)
    i.HAL_GPIO_Init                          0x08000730   Section        0  stm32l0xx_hal_gpio.o(i.HAL_GPIO_Init)
    i.HAL_GPIO_WritePin                      0x080008a8   Section        0  stm32l0xx_hal_gpio.o(i.HAL_GPIO_WritePin)
    i.HAL_GetTick                            0x080008b4   Section        0  stm32l0xx_hal.o(i.HAL_GetTick)
    i.HAL_IncTick                            0x080008c0   Section        0  stm32l0xx_hal.o(i.HAL_IncTick)
    i.HAL_Init                               0x080008d0   Section        0  stm32l0xx_hal.o(i.HAL_Init)
    i.HAL_InitTick                           0x080008f8   Section        0  stm32l0xx_hal.o(i.HAL_InitTick)
    i.HAL_MspInit                            0x08000928   Section        0  stm32l0xx_hal_msp.o(i.HAL_MspInit)
    i.HAL_NVIC_SetPriority                   0x08000940   Section        0  stm32l0xx_hal_cortex.o(i.HAL_NVIC_SetPriority)
    i.HAL_RCCEx_PeriphCLKConfig              0x08000948   Section        0  stm32l0xx_hal_rcc_ex.o(i.HAL_RCCEx_PeriphCLKConfig)
    i.HAL_RCC_ClockConfig                    0x08000aac   Section        0  stm32l0xx_hal_rcc.o(i.HAL_RCC_ClockConfig)
    i.HAL_RCC_GetPCLK1Freq                   0x08000c18   Section        0  stm32l0xx_hal_rcc.o(i.HAL_RCC_GetPCLK1Freq)
    i.HAL_RCC_GetPCLK2Freq                   0x08000c38   Section        0  stm32l0xx_hal_rcc.o(i.HAL_RCC_GetPCLK2Freq)
    i.HAL_RCC_GetSysClockFreq                0x08000c58   Section        0  stm32l0xx_hal_rcc.o(i.HAL_RCC_GetSysClockFreq)
    i.HAL_RCC_OscConfig                      0x08000cd0   Section        0  stm32l0xx_hal_rcc.o(i.HAL_RCC_OscConfig)
    i.HAL_SYSTICK_Config                     0x080010ec   Section        0  stm32l0xx_hal_cortex.o(i.HAL_SYSTICK_Config)
    i.HAL_UART_Init                          0x0800111c   Section        0  stm32l0xx_hal_uart.o(i.HAL_UART_Init)
    i.HAL_UART_MspInit                       0x08001188   Section        0  usart.o(i.HAL_UART_MspInit)
    i.HAL_UART_Transmit                      0x080011e4   Section        0  stm32l0xx_hal_uart.o(i.HAL_UART_Transmit)
    i.HardFault_Handler                      0x080012b2   Section        0  stm32l0xx_it.o(i.HardFault_Handler)
    i.MX_GPIO_Init                           0x080012b4   Section        0  gpio.o(i.MX_GPIO_Init)
    i.MX_USART1_UART_Init                    0x08001340   Section        0  usart.o(i.MX_USART1_UART_Init)
    i.NMI_Handler                            0x08001378   Section        0  stm32l0xx_it.o(i.NMI_Handler)
    i.NVIC_SetPriority                       0x0800137c   Section        0  stm32l0xx_hal_cortex.o(i.NVIC_SetPriority)
    NVIC_SetPriority                         0x0800137d   Thumb Code    60  stm32l0xx_hal_cortex.o(i.NVIC_SetPriority)
    i.NVIC_SetPriority                       0x080013c0   Section        0  port_c.o(i.NVIC_SetPriority)
    NVIC_SetPriority                         0x080013c1   Thumb Code    60  port_c.o(i.NVIC_SetPriority)
    i.SVC_Handler                            0x08001404   Section        0  stm32l0xx_it.o(i.SVC_Handler)
    i.SysTick_Handler                        0x08001406   Section        0  stm32l0xx_it.o(i.SysTick_Handler)
    i.SystemClock_Config                     0x08001424   Section        0  main.o(i.SystemClock_Config)
    i.SystemInit                             0x08001498   Section        0  system_stm32l0xx.o(i.SystemInit)
    i.UART_AdvFeatureConfig                  0x080014ec   Section        0  stm32l0xx_hal_uart.o(i.UART_AdvFeatureConfig)
    i.UART_CheckIdleState                    0x080015b8   Section        0  stm32l0xx_hal_uart.o(i.UART_CheckIdleState)
    i.UART_SetConfig                         0x08001618   Section        0  stm32l0xx_hal_uart.o(i.UART_SetConfig)
    i.UART_WaitOnFlagUntilTimeout            0x08001840   Section        0  stm32l0xx_hal_uart.o(i.UART_WaitOnFlagUntilTimeout)
    i.__0printf                              0x080018a4   Section        0  printfa.o(i.__0printf)
    i.__ARM_clz                              0x080018c4   Section        0  depilogue.o(i.__ARM_clz)
    i.__ARM_common_switch8                   0x080018f2   Section        0  stm32l0xx_hal_uart.o(i.__ARM_common_switch8)
    i.__fls                                  0x0800190c   Section        0  tos_mmheap.o(i.__fls)
    __fls                                    0x0800190d   Thumb Code    10  tos_mmheap.o(i.__fls)
    i.__scatterload_copy                     0x08001916   Section       14  handlers.o(i.__scatterload_copy)
    i.__scatterload_null                     0x08001924   Section        2  handlers.o(i.__scatterload_null)
    i.__scatterload_zeroinit                 0x08001926   Section       14  handlers.o(i.__scatterload_zeroinit)
    i._fp_digits                             0x08001934   Section        0  printfa.o(i._fp_digits)
    _fp_digits                               0x08001935   Thumb Code   344  printfa.o(i._fp_digits)
    i._printf_core                           0x08001aa8   Section        0  printfa.o(i._printf_core)
    _printf_core                             0x08001aa9   Thumb Code  1754  printfa.o(i._printf_core)
    i._printf_post_padding                   0x08002194   Section        0  printfa.o(i._printf_post_padding)
    _printf_post_padding                     0x08002195   Thumb Code    32  printfa.o(i._printf_post_padding)
    i._printf_pre_padding                    0x080021b4   Section        0  printfa.o(i._printf_pre_padding)
    _printf_pre_padding                      0x080021b5   Thumb Code    44  printfa.o(i._printf_pre_padding)
    i.blk_absorb                             0x080021e0   Section        0  tos_mmheap.o(i.blk_absorb)
    blk_absorb                               0x080021e1   Thumb Code    28  tos_mmheap.o(i.blk_absorb)
    i.blk_insert                             0x080021fc   Section        0  tos_mmheap.o(i.blk_insert)
    blk_insert                               0x080021fd   Thumb Code    74  tos_mmheap.o(i.blk_insert)
    i.blk_link_next                          0x0800224c   Section        0  tos_mmheap.o(i.blk_link_next)
    blk_link_next                            0x0800224d   Thumb Code    12  tos_mmheap.o(i.blk_link_next)
    i.blk_mark_as_free                       0x08002258   Section        0  tos_mmheap.o(i.blk_mark_as_free)
    blk_mark_as_free                         0x08002259   Thumb Code    26  tos_mmheap.o(i.blk_mark_as_free)
    i.blk_merge_next                         0x08002272   Section        0  tos_mmheap.o(i.blk_merge_next)
    blk_merge_next                           0x08002273   Thumb Code    36  tos_mmheap.o(i.blk_merge_next)
    i.blk_next                               0x08002296   Section        0  tos_mmheap.o(i.blk_next)
    blk_next                                 0x08002297   Thumb Code    16  tos_mmheap.o(i.blk_next)
    i.blk_remove                             0x080022a6   Section        0  tos_mmheap.o(i.blk_remove)
    blk_remove                               0x080022a7   Thumb Code    30  tos_mmheap.o(i.blk_remove)
    i.cpu_context_switch                     0x080022c4   Section        0  tos_cpu.o(i.cpu_context_switch)
    i.cpu_init                               0x080022cc   Section        0  tos_cpu.o(i.cpu_init)
    i.cpu_irq_context_switch                 0x080022f0   Section        0  tos_cpu.o(i.cpu_irq_context_switch)
    i.cpu_sched_start                        0x080022f8   Section        0  tos_cpu.o(i.cpu_sched_start)
    i.cpu_systick_init                       0x080022fc   Section        0  tos_cpu.o(i.cpu_systick_init)
    i.cpu_task_stk_init                      0x08002310   Section        0  tos_cpu.o(i.cpu_task_stk_init)
    i.entry_task_demo1                       0x080023a8   Section        0  main.o(i.entry_task_demo1)
    i.entry_task_demo2                       0x080023c0   Section        0  main.o(i.entry_task_demo2)
    i.entry_task_sample                      0x080023d8   Section        0  main.o(i.entry_task_sample)
    i.fputc                                  0x080024e0   Section        0  usart.o(i.fputc)
    i.generic_fls                            0x080024fc   Section        0  tos_mmheap.o(i.generic_fls)
    generic_fls                              0x080024fd   Thumb Code    48  tos_mmheap.o(i.generic_fls)
    i.knl_idle_entry                         0x0800252c   Section        0  tos_sys.o(i.knl_idle_entry)
    knl_idle_entry                           0x0800252d   Thumb Code     6  tos_sys.o(i.knl_idle_entry)
    i.knl_idle_init                          0x08002534   Section        0  tos_sys.o(i.knl_idle_init)
    i.knl_is_idle                            0x0800256c   Section        0  tos_sys.o(i.knl_is_idle)
    i.knl_is_inirq                           0x08002580   Section        0  tos_sys.o(i.knl_is_inirq)
    i.knl_is_sched_locked                    0x08002590   Section        0  tos_sys.o(i.knl_is_sched_locked)
    i.knl_is_self                            0x080025a0   Section        0  tos_sys.o(i.knl_is_self)
    i.knl_sched                              0x080025b4   Section        0  tos_sys.o(i.knl_sched)
    i.main                                   0x08002604   Section        0  main.o(i.main)
    i.mapping_insert                         0x080026b0   Section        0  tos_mmheap.o(i.mapping_insert)
    mapping_insert                           0x080026b1   Thumb Code    44  tos_mmheap.o(i.mapping_insert)
    i.mmheap_ctl_init                        0x080026dc   Section        0  tos_mmheap.o(i.mmheap_ctl_init)
    mmheap_ctl_init                          0x080026dd   Thumb Code    68  tos_mmheap.o(i.mmheap_ctl_init)
    i.mmheap_init_with_pool                  0x08002724   Section        0  tos_mmheap.o(i.mmheap_init_with_pool)
    i.mmheap_pool_is_exist                   0x08002738   Section        0  tos_mmheap.o(i.mmheap_pool_is_exist)
    mmheap_pool_is_exist                     0x08002739   Thumb Code    34  tos_mmheap.o(i.mmheap_pool_is_exist)
    i.mutex_old_owner_release                0x08002760   Section        0  tos_mutex.o(i.mutex_old_owner_release)
    mutex_old_owner_release                  0x08002761   Thumb Code    56  tos_mutex.o(i.mutex_old_owner_release)
    i.mutex_release                          0x08002798   Section        0  tos_mutex.o(i.mutex_release)
    i.pend_highest_pending_prio_get          0x080027aa   Section        0  tos_pend.o(i.pend_highest_pending_prio_get)
    i.pend_list_add                          0x080027bc   Section        0  tos_pend.o(i.pend_list_add)
    pend_list_add                            0x080027bd   Thumb Code    54  tos_pend.o(i.pend_list_add)
    i.pend_list_adjust                       0x080027f2   Section        0  tos_pend.o(i.pend_list_adjust)
    i.pend_list_remove                       0x08002804   Section        0  tos_pend.o(i.pend_list_remove)
    i.pend_task_wakeup                       0x0800281a   Section        0  tos_pend.o(i.pend_task_wakeup)
    i.pend_wakeup_all                        0x08002848   Section        0  tos_pend.o(i.pend_wakeup_all)
    i.port_systick_config                    0x0800286c   Section        0  port_c.o(i.port_systick_config)
    i.port_systick_priority_set              0x08002894   Section        0  port_c.o(i.port_systick_priority_set)
    i.readyqueue_add                         0x080028a4   Section        0  tos_sched.o(i.readyqueue_add)
    i.readyqueue_add_head                    0x080028c4   Section        0  tos_sched.o(i.readyqueue_add_head)
    i.readyqueue_add_tail                    0x080028ec   Section        0  tos_sched.o(i.readyqueue_add_tail)
    i.readyqueue_first_task_get              0x08002914   Section        0  tos_sched.o(i.readyqueue_first_task_get)
    i.readyqueue_highest_ready_task_get      0x0800292c   Section        0  tos_sched.o(i.readyqueue_highest_ready_task_get)
    i.readyqueue_init                        0x08002944   Section        0  tos_sched.o(i.readyqueue_init)
    i.readyqueue_is_prio_onlyone             0x08002978   Section        0  tos_sched.o(i.readyqueue_is_prio_onlyone)
    i.readyqueue_move_head_to_tail           0x08002994   Section        0  tos_sched.o(i.readyqueue_move_head_to_tail)
    i.readyqueue_prio_mark                   0x080029b8   Section        0  tos_sched.o(i.readyqueue_prio_mark)
    readyqueue_prio_mark                     0x080029b9   Thumb Code    42  tos_sched.o(i.readyqueue_prio_mark)
    i.readyqueue_remove                      0x080029e8   Section        0  tos_sched.o(i.readyqueue_remove)
    i.remove_free_block                      0x08002a48   Section        0  tos_mmheap.o(i.remove_free_block)
    remove_free_block                        0x08002a49   Thumb Code    66  tos_mmheap.o(i.remove_free_block)
    i.robin_sched                            0x08002a90   Section        0  tos_robin.o(i.robin_sched)
    i.task_do_destroy                        0x08002b04   Section        0  tos_task.o(i.task_do_destroy)
    task_do_destroy                          0x08002b05   Thumb Code   122  tos_task.o(i.task_do_destroy)
    i.task_exit                              0x08002b84   Section        0  tos_task.o(i.task_exit)
    task_exit                                0x08002b85   Thumb Code    10  tos_task.o(i.task_exit)
    i.task_free                              0x08002b8e   Section        0  tos_task.o(i.task_free)
    task_free                                0x08002b8f   Thumb Code    18  tos_task.o(i.task_free)
    i.task_free_all                          0x08002ba0   Section        0  tos_task.o(i.task_free_all)
    i.task_reset                             0x08002bd8   Section        0  tos_task.o(i.task_reset)
    task_reset                               0x08002bd9   Thumb Code    56  tos_task.o(i.task_reset)
    i.tick_list_add                          0x08002c10   Section        0  tos_tick.o(i.tick_list_add)
    i.tick_list_remove                       0x08002c24   Section        0  tos_tick.o(i.tick_list_remove)
    i.tick_task_place                        0x08002c7c   Section        0  tos_tick.o(i.tick_task_place)
    tick_task_place                          0x08002c7d   Thumb Code    94  tos_tick.o(i.tick_task_place)
    i.tick_update                            0x08002ce0   Section        0  tos_tick.o(i.tick_update)
    i.timer_init                             0x08002d40   Section        0  tos_timer.o(i.timer_init)
    i.timer_place                            0x08002d44   Section        0  tos_timer.o(i.timer_place)
    timer_place                              0x08002d45   Thumb Code    76  tos_timer.o(i.timer_place)
    i.timer_takeoff                          0x08002d98   Section        0  tos_timer.o(i.timer_takeoff)
    timer_takeoff                            0x08002d99   Thumb Code    58  tos_timer.o(i.timer_takeoff)
    i.timer_update                           0x08002dd8   Section        0  tos_timer.o(i.timer_update)
    i.tos_cpu_clz                            0x08002e38   Section        0  tos_cpu.o(i.tos_cpu_clz)
    i.tos_cpu_cpsr_restore                   0x08002e6a   Section        0  tos_cpu.o(i.tos_cpu_cpsr_restore)
    i.tos_cpu_cpsr_save                      0x08002e72   Section        0  tos_cpu.o(i.tos_cpu_cpsr_save)
    i.tos_knl_init                           0x08002e7c   Section        0  tos_sys.o(i.tos_knl_init)
    i.tos_knl_irq_enter                      0x08002ea8   Section        0  tos_sys.o(i.tos_knl_irq_enter)
    i.tos_knl_irq_leave                      0x08002ec8   Section        0  tos_sys.o(i.tos_knl_irq_leave)
    i.tos_knl_is_running                     0x08002f24   Section        0  tos_sys.o(i.tos_knl_is_running)
    i.tos_knl_sched_lock                     0x08002f34   Section        0  tos_sys.o(i.tos_knl_sched_lock)
    i.tos_knl_sched_unlock                   0x08002f80   Section        0  tos_sys.o(i.tos_knl_sched_unlock)
    i.tos_knl_start                          0x08002fd0   Section        0  tos_sys.o(i.tos_knl_start)
    i.tos_list_empty                         0x08003004   Section        0  tos_tick.o(i.tos_list_empty)
    tos_list_empty                           0x08003005   Thumb Code    14  tos_tick.o(i.tos_list_empty)
    i.tos_mmheap_free                        0x08003012   Section        0  tos_mmheap.o(i.tos_mmheap_free)
    i.tos_mmheap_pool_add                    0x08003044   Section        0  tos_mmheap.o(i.tos_mmheap_pool_add)
    i.tos_robin_default_timeslice_config     0x080030d4   Section        0  tos_robin.o(i.tos_robin_default_timeslice_config)
    i.tos_task_create                        0x080030f8   Section        0  tos_task.o(i.tos_task_create)
    i.tos_task_delay                         0x080031d8   Section        0  tos_task.o(i.tos_task_delay)
    i.tos_task_destroy                       0x08003234   Section        0  tos_task.o(i.tos_task_destroy)
    i.tos_task_prio_change                   0x0800330c   Section        0  tos_task.o(i.tos_task_prio_change)
    i.tos_task_yield                         0x080033cc   Section        0  tos_task.o(i.tos_task_yield)
    i.tos_tick_handler                       0x080033fc   Section        0  tos_tick.o(i.tos_tick_handler)
    .constdata                               0x08003420   Section       25  system_stm32l0xx.o(.constdata)
    .constdata                               0x08003439   Section        8  system_stm32l0xx.o(.constdata)
    .constdata                               0x08003444   Section        4  tos_global.o(.constdata)
    .constdata                               0x08003448   Section        4  tos_global.o(.constdata)
    .data                                    0x20000000   Section       16  main.o(.data)
    .data                                    0x20000010   Section        4  stm32l0xx_hal.o(.data)
    .data                                    0x20000014   Section        4  system_stm32l0xx.o(.data)
    .data                                    0x20000018   Section        1  tos_global.o(.data)
    .data                                    0x20000019   Section        1  tos_global.o(.data)
    .data                                    0x2000001a   Section        1  tos_global.o(.data)
    .data                                    0x2000001c   Section        4  tos_global.o(.data)
    .data                                    0x20000020   Section        4  tos_global.o(.data)
    .data                                    0x20000024   Section        4  tos_global.o(.data)
    .data                                    0x20000028   Section        4  tos_global.o(.data)
    .data                                    0x2000002c   Section        4  tos_global.o(.data)
    .data                                    0x20000030   Section        8  tos_global.o(.data)
    .data                                    0x20000038   Section        8  tos_global.o(.data)
    .data                                    0x20000040   Section        8  tos_global.o(.data)
    .data                                    0x20000048   Section        4  tos_global.o(.data)
    .data                                    0x2000004c   Section       12  tos_global.o(.data)
    .data                                    0x20000058   Section        4  stdout.o(.data)
    .bss                                     0x2000005c   Section     1896  main.o(.bss)
    .bss                                     0x200007c4   Section      128  usart.o(.bss)
    .bss                                     0x20000844   Section       88  tos_global.o(.bss)
    .bss                                     0x2000089c   Section      120  tos_global.o(.bss)
    .bss                                     0x20000914   Section      512  tos_global.o(.bss)
    .bss                                     0x20000b14   Section     1024  tos_global.o(.bss)
    .bss                                     0x20000f14   Section     3204  tos_global.o(.bss)
    STACK                                    0x20001b98   Section     1024  startup_stm32l051xx.o(STACK)

    Global Symbols

    Symbol Name                              Value     Ov Type        Size  Object(Section)

    BuildAttributes$$THM_ISAv3M$S$PE$A:L22$X:L11$S22$IEEE1$IW$USESV6$~STKCKD$USESV7$~SHL$OSPACE$ROPI$EBA8$MICROLIB$REQ8$PRES8$EABIv2 0x00000000   Number         0  anon$$obj.o ABSOLUTE
    __ARM_use_no_argv                        0x00000000   Number         0  main.o ABSOLUTE
    _printf_a                                0x00000000   Number         0  stubs.o ABSOLUTE
    _printf_c                                0x00000000   Number         0  stubs.o ABSOLUTE
    _printf_charcount                        0x00000000   Number         0  stubs.o ABSOLUTE
    _printf_d                                0x00000000   Number         0  stubs.o ABSOLUTE
    _printf_e                                0x00000000   Number         0  stubs.o ABSOLUTE
    _printf_f                                0x00000000   Number         0  stubs.o ABSOLUTE
    _printf_flags                            0x00000000   Number         0  stubs.o ABSOLUTE
    _printf_fp_dec                           0x00000000   Number         0  stubs.o ABSOLUTE
    _printf_fp_hex                           0x00000000   Number         0  stubs.o ABSOLUTE
    _printf_g                                0x00000000   Number         0  stubs.o ABSOLUTE
    _printf_i                                0x00000000   Number         0  stubs.o ABSOLUTE
    _printf_int_dec                          0x00000000   Number         0  stubs.o ABSOLUTE
    _printf_l                                0x00000000   Number         0  stubs.o ABSOLUTE
    _printf_lc                               0x00000000   Number         0  stubs.o ABSOLUTE
    _printf_ll                               0x00000000   Number         0  stubs.o ABSOLUTE
    _printf_lld                              0x00000000   Number         0  stubs.o ABSOLUTE
    _printf_lli                              0x00000000   Number         0  stubs.o ABSOLUTE
    _printf_llo                              0x00000000   Number         0  stubs.o ABSOLUTE
    _printf_llu                              0x00000000   Number         0  stubs.o ABSOLUTE
    _printf_llx                              0x00000000   Number         0  stubs.o ABSOLUTE
    _printf_longlong_dec                     0x00000000   Number         0  stubs.o ABSOLUTE
    _printf_longlong_hex                     0x00000000   Number         0  stubs.o ABSOLUTE
    _printf_longlong_oct                     0x00000000   Number         0  stubs.o ABSOLUTE
    _printf_ls                               0x00000000   Number         0  stubs.o ABSOLUTE
    _printf_mbtowc                           0x00000000   Number         0  stubs.o ABSOLUTE
    _printf_n                                0x00000000   Number         0  stubs.o ABSOLUTE
    _printf_o                                0x00000000   Number         0  stubs.o ABSOLUTE
    _printf_p                                0x00000000   Number         0  stubs.o ABSOLUTE
    _printf_percent                          0x00000000   Number         0  stubs.o ABSOLUTE
    _printf_pre_padding                      0x00000000   Number         0  stubs.o ABSOLUTE
    _printf_return_value                     0x00000000   Number         0  stubs.o ABSOLUTE
    _printf_s                                0x00000000   Number         0  stubs.o ABSOLUTE
    _printf_sizespec                         0x00000000   Number         0  stubs.o ABSOLUTE
    _printf_str                              0x00000000   Number         0  stubs.o ABSOLUTE
    _printf_truncate_signed                  0x00000000   Number         0  stubs.o ABSOLUTE
    _printf_truncate_unsigned                0x00000000   Number         0  stubs.o ABSOLUTE
    _printf_u                                0x00000000   Number         0  stubs.o ABSOLUTE
    _printf_wc                               0x00000000   Number         0  stubs.o ABSOLUTE
    _printf_wctomb                           0x00000000   Number         0  stubs.o ABSOLUTE
    _printf_widthprec                        0x00000000   Number         0  stubs.o ABSOLUTE
    _printf_x                                0x00000000   Number         0  stubs.o ABSOLUTE
    __cpp_initialize__aeabi_                  - Undefined Weak Reference
    __cxa_finalize                            - Undefined Weak Reference
    __decompress                              - Undefined Weak Reference
    _clock_init                               - Undefined Weak Reference
    _microlib_exit                            - Undefined Weak Reference
    __Vectors_Size                           0x000000c0   Number         0  startup_stm32l051xx.o ABSOLUTE
    __Vectors                                0x08000000   Data           4  startup_stm32l051xx.o(RESET)
    __Vectors_End                            0x080000c0   Data           0  startup_stm32l051xx.o(RESET)
    __main                                   0x080000c1   Thumb Code     0  entry.o(.ARM.Collect$$$$00000000)
    _main_stk                                0x080000c1   Thumb Code     0  entry2.o(.ARM.Collect$$$$00000001)
    _main_scatterload                        0x080000c5   Thumb Code     0  entry5.o(.ARM.Collect$$$$00000004)
    __main_after_scatterload                 0x080000c9   Thumb Code     0  entry5.o(.ARM.Collect$$$$00000004)
    _main_clock                              0x080000c9   Thumb Code     0  entry7b.o(.ARM.Collect$$$$00000008)
    _main_cpp_init                           0x080000c9   Thumb Code     0  entry8b.o(.ARM.Collect$$$$0000000A)
    _main_init                               0x080000c9   Thumb Code     0  entry9a.o(.ARM.Collect$$$$0000000B)
    __rt_final_cpp                           0x080000d1   Thumb Code     0  entry10a.o(.ARM.Collect$$$$0000000D)
    __rt_final_exit                          0x080000d1   Thumb Code     0  entry11a.o(.ARM.Collect$$$$0000000F)
    Reset_Handler                            0x080000d5   Thumb Code     8  startup_stm32l051xx.o(.text)
    ADC1_COMP_IRQHandler                     0x080000e7   Thumb Code     0  startup_stm32l051xx.o(.text)
    DMA1_Channel1_IRQHandler                 0x080000e7   Thumb Code     0  startup_stm32l051xx.o(.text)
    DMA1_Channel2_3_IRQHandler               0x080000e7   Thumb Code     0  startup_stm32l051xx.o(.text)
    DMA1_Channel4_5_6_7_IRQHandler           0x080000e7   Thumb Code     0  startup_stm32l051xx.o(.text)
    EXTI0_1_IRQHandler                       0x080000e7   Thumb Code     0  startup_stm32l051xx.o(.text)
    EXTI2_3_IRQHandler                       0x080000e7   Thumb Code     0  startup_stm32l051xx.o(.text)
    EXTI4_15_IRQHandler                      0x080000e7   Thumb Code     0  startup_stm32l051xx.o(.text)
    FLASH_IRQHandler                         0x080000e7   Thumb Code     0  startup_stm32l051xx.o(.text)
    I2C1_IRQHandler                          0x080000e7   Thumb Code     0  startup_stm32l051xx.o(.text)
    I2C2_IRQHandler                          0x080000e7   Thumb Code     0  startup_stm32l051xx.o(.text)
    LPTIM1_IRQHandler                        0x080000e7   Thumb Code     0  startup_stm32l051xx.o(.text)
    LPUART1_IRQHandler                       0x080000e7   Thumb Code     0  startup_stm32l051xx.o(.text)
    PVD_IRQHandler                           0x080000e7   Thumb Code     0  startup_stm32l051xx.o(.text)
    RCC_IRQHandler                           0x080000e7   Thumb Code     0  startup_stm32l051xx.o(.text)
    RTC_IRQHandler                           0x080000e7   Thumb Code     0  startup_stm32l051xx.o(.text)
    SPI1_IRQHandler                          0x080000e7   Thumb Code     0  startup_stm32l051xx.o(.text)
    SPI2_IRQHandler                          0x080000e7   Thumb Code     0  startup_stm32l051xx.o(.text)
    TIM21_IRQHandler                         0x080000e7   Thumb Code     0  startup_stm32l051xx.o(.text)
    TIM22_IRQHandler                         0x080000e7   Thumb Code     0  startup_stm32l051xx.o(.text)
    TIM2_IRQHandler                          0x080000e7   Thumb Code     0  startup_stm32l051xx.o(.text)
    TIM6_IRQHandler                          0x080000e7   Thumb Code     0  startup_stm32l051xx.o(.text)
    USART1_IRQHandler                        0x080000e7   Thumb Code     0  startup_stm32l051xx.o(.text)
    USART2_IRQHandler                        0x080000e7   Thumb Code     0  startup_stm32l051xx.o(.text)
    WWDG_IRQHandler                          0x080000e7   Thumb Code     0  startup_stm32l051xx.o(.text)
    port_int_disable                         0x080000f1   Thumb Code     0  port_s.o(.text)
    port_int_enable                          0x080000f5   Thumb Code     0  port_s.o(.text)
    port_cpsr_save                           0x080000f9   Thumb Code     0  port_s.o(.text)
    port_cpsr_restore                        0x08000101   Thumb Code     0  port_s.o(.text)
    port_sched_start                         0x08000107   Thumb Code     0  port_s.o(.text)
    port_context_switch                      0x0800011d   Thumb Code     0  port_s.o(.text)
    port_irq_context_switch                  0x08000125   Thumb Code     0  port_s.o(.text)
    PendSV_Handler                           0x0800012d   Thumb Code     0  port_s.o(.text)
    __aeabi_uidiv                            0x0800018d   Thumb Code     0  uidiv.o(.text)
    __aeabi_uidivmod                         0x0800018d   Thumb Code    44  uidiv.o(.text)
    __aeabi_uldivmod                         0x080001b9   Thumb Code    96  uldiv.o(.text)
    __aeabi_memset                           0x08000219   Thumb Code    14  memseta.o(.text)
    __aeabi_memset4                          0x08000219   Thumb Code     0  memseta.o(.text)
    __aeabi_memset8                          0x08000219   Thumb Code     0  memseta.o(.text)
    __aeabi_memclr                           0x08000227   Thumb Code     4  memseta.o(.text)
    __aeabi_memclr4                          0x08000227   Thumb Code     0  memseta.o(.text)
    __aeabi_memclr8                          0x08000227   Thumb Code     0  memseta.o(.text)
    _memset$wrapper                          0x0800022b   Thumb Code    18  memseta.o(.text)
    __aeabi_ddiv                             0x0800023d   Thumb Code   234  ddiv.o(.text)
    __aeabi_ul2d                             0x0800032d   Thumb Code    22  dfltul.o(.text)
    __aeabi_llsl                             0x08000349   Thumb Code    32  llshl.o(.text)
    _ll_shift_l                              0x08000349   Thumb Code     0  llshl.o(.text)
    __aeabi_llsr                             0x08000369   Thumb Code    34  llushr.o(.text)
    _ll_ushift_r                             0x08000369   Thumb Code     0  llushr.o(.text)
    __I$use$fp                               0x0800038b   Thumb Code     0  iusefp.o(.text)
    _double_round                            0x0800038b   Thumb Code    26  depilogue.o(.text)
    _double_epilogue                         0x080003a5   Thumb Code   164  depilogue.o(.text)
    __aeabi_dadd                             0x08000449   Thumb Code   328  dadd.o(.text)
    __aeabi_dsub                             0x08000591   Thumb Code    12  dadd.o(.text)
    __aeabi_drsub                            0x0800059d   Thumb Code    12  dadd.o(.text)
    __aeabi_dmul                             0x080005ad   Thumb Code   202  dmul.o(.text)
    __aeabi_d2ulz                            0x0800067d   Thumb Code    54  dfixul.o(.text)
    __aeabi_cdrcmple                         0x080006bd   Thumb Code    38  cdrcmple.o(.text)
    __scatterload                            0x080006e5   Thumb Code    28  init.o(.text)
    __scatterload_rt2                        0x080006e5   Thumb Code     0  init.o(.text)
    __aeabi_lasr                             0x08000709   Thumb Code    38  llsshr.o(.text)
    _ll_sshift_r                             0x08000709   Thumb Code     0  llsshr.o(.text)
    Error_Handler                            0x0800072f   Thumb Code     2  main.o(i.Error_Handler)
    HAL_GPIO_Init                            0x08000731   Thumb Code   346  stm32l0xx_hal_gpio.o(i.HAL_GPIO_Init)
    HAL_GPIO_WritePin                        0x080008a9   Thumb Code    12  stm32l0xx_hal_gpio.o(i.HAL_GPIO_WritePin)
    HAL_GetTick                              0x080008b5   Thumb Code     6  stm32l0xx_hal.o(i.HAL_GetTick)
    HAL_IncTick                              0x080008c1   Thumb Code    10  stm32l0xx_hal.o(i.HAL_IncTick)
    HAL_Init                                 0x080008d1   Thumb Code    36  stm32l0xx_hal.o(i.HAL_Init)
    HAL_InitTick                             0x080008f9   Thumb Code    44  stm32l0xx_hal.o(i.HAL_InitTick)
    HAL_MspInit                              0x08000929   Thumb Code    20  stm32l0xx_hal_msp.o(i.HAL_MspInit)
    HAL_NVIC_SetPriority                     0x08000941   Thumb Code     8  stm32l0xx_hal_cortex.o(i.HAL_NVIC_SetPriority)
    HAL_RCCEx_PeriphCLKConfig                0x08000949   Thumb Code   342  stm32l0xx_hal_rcc_ex.o(i.HAL_RCCEx_PeriphCLKConfig)
    HAL_RCC_ClockConfig                      0x08000aad   Thumb Code   344  stm32l0xx_hal_rcc.o(i.HAL_RCC_ClockConfig)
    HAL_RCC_GetPCLK1Freq                     0x08000c19   Thumb Code    20  stm32l0xx_hal_rcc.o(i.HAL_RCC_GetPCLK1Freq)
    HAL_RCC_GetPCLK2Freq                     0x08000c39   Thumb Code    20  stm32l0xx_hal_rcc.o(i.HAL_RCC_GetPCLK2Freq)
    HAL_RCC_GetSysClockFreq                  0x08000c59   Thumb Code   100  stm32l0xx_hal_rcc.o(i.HAL_RCC_GetSysClockFreq)
    HAL_RCC_OscConfig                        0x08000cd1   Thumb Code  1052  stm32l0xx_hal_rcc.o(i.HAL_RCC_OscConfig)
    HAL_SYSTICK_Config                       0x080010ed   Thumb Code    38  stm32l0xx_hal_cortex.o(i.HAL_SYSTICK_Config)
    HAL_UART_Init                            0x0800111d   Thumb Code   106  stm32l0xx_hal_uart.o(i.HAL_UART_Init)
    HAL_UART_MspInit                         0x08001189   Thumb Code    84  usart.o(i.HAL_UART_MspInit)
    HAL_UART_Transmit                        0x080011e5   Thumb Code   206  stm32l0xx_hal_uart.o(i.HAL_UART_Transmit)
    HardFault_Handler                        0x080012b3   Thumb Code     2  stm32l0xx_it.o(i.HardFault_Handler)
    MX_GPIO_Init                             0x080012b5   Thumb Code   128  gpio.o(i.MX_GPIO_Init)
    MX_USART1_UART_Init                      0x08001341   Thumb Code    48  usart.o(i.MX_USART1_UART_Init)
    NMI_Handler                              0x08001379   Thumb Code     2  stm32l0xx_it.o(i.NMI_Handler)
    SVC_Handler                              0x08001405   Thumb Code     2  stm32l0xx_it.o(i.SVC_Handler)
    SysTick_Handler                          0x08001407   Thumb Code    28  stm32l0xx_it.o(i.SysTick_Handler)
    SystemClock_Config                       0x08001425   Thumb Code   112  main.o(i.SystemClock_Config)
    SystemInit                               0x08001499   Thumb Code    66  system_stm32l0xx.o(i.SystemInit)
    UART_AdvFeatureConfig                    0x080014ed   Thumb Code   202  stm32l0xx_hal_uart.o(i.UART_AdvFeatureConfig)
    UART_CheckIdleState                      0x080015b9   Thumb Code    90  stm32l0xx_hal_uart.o(i.UART_CheckIdleState)
    UART_SetConfig                           0x08001619   Thumb Code   506  stm32l0xx_hal_uart.o(i.UART_SetConfig)
    UART_WaitOnFlagUntilTimeout              0x08001841   Thumb Code    98  stm32l0xx_hal_uart.o(i.UART_WaitOnFlagUntilTimeout)
    __0printf                                0x080018a5   Thumb Code    24  printfa.o(i.__0printf)
    __1printf                                0x080018a5   Thumb Code     0  printfa.o(i.__0printf)
    __2printf                                0x080018a5   Thumb Code     0  printfa.o(i.__0printf)
    __c89printf                              0x080018a5   Thumb Code     0  printfa.o(i.__0printf)
    printf                                   0x080018a5   Thumb Code     0  printfa.o(i.__0printf)
    __ARM_clz                                0x080018c5   Thumb Code    46  depilogue.o(i.__ARM_clz)
    __ARM_common_switch8                     0x080018f3   Thumb Code    26  stm32l0xx_hal_uart.o(i.__ARM_common_switch8)
    __scatterload_copy                       0x08001917   Thumb Code    14  handlers.o(i.__scatterload_copy)
    __scatterload_null                       0x08001925   Thumb Code     2  handlers.o(i.__scatterload_null)
    __scatterload_zeroinit                   0x08001927   Thumb Code    14  handlers.o(i.__scatterload_zeroinit)
    cpu_context_switch                       0x080022c5   Thumb Code     8  tos_cpu.o(i.cpu_context_switch)
    cpu_init                                 0x080022cd   Thumb Code    24  tos_cpu.o(i.cpu_init)
    cpu_irq_context_switch                   0x080022f1   Thumb Code     8  tos_cpu.o(i.cpu_irq_context_switch)
    cpu_sched_start                          0x080022f9   Thumb Code     4  tos_cpu.o(i.cpu_sched_start)
    cpu_systick_init                         0x080022fd   Thumb Code    18  tos_cpu.o(i.cpu_systick_init)
    cpu_task_stk_init                        0x08002311   Thumb Code   118  tos_cpu.o(i.cpu_task_stk_init)
    entry_task_demo1                         0x080023a9   Thumb Code    18  main.o(i.entry_task_demo1)
    entry_task_demo2                         0x080023c1   Thumb Code    18  main.o(i.entry_task_demo2)
    entry_task_sample                        0x080023d9   Thumb Code   104  main.o(i.entry_task_sample)
    fputc                                    0x080024e1   Thumb Code    18  usart.o(i.fputc)
    knl_idle_init                            0x08002535   Thumb Code    32  tos_sys.o(i.knl_idle_init)
    knl_is_idle                              0x0800256d   Thumb Code    14  tos_sys.o(i.knl_is_idle)
    knl_is_inirq                             0x08002581   Thumb Code    12  tos_sys.o(i.knl_is_inirq)
    knl_is_sched_locked                      0x08002591   Thumb Code    12  tos_sys.o(i.knl_is_sched_locked)
    knl_is_self                              0x080025a1   Thumb Code    16  tos_sys.o(i.knl_is_self)
    knl_sched                                0x080025b5   Thumb Code    60  tos_sys.o(i.knl_sched)
    main                                     0x08002605   Thumb Code   120  main.o(i.main)
    mmheap_init_with_pool                    0x08002725   Thumb Code    20  tos_mmheap.o(i.mmheap_init_with_pool)
    mutex_release                            0x08002799   Thumb Code    18  tos_mutex.o(i.mutex_release)
    pend_highest_pending_prio_get            0x080027ab   Thumb Code    18  tos_pend.o(i.pend_highest_pending_prio_get)
    pend_list_adjust                         0x080027f3   Thumb Code    18  tos_pend.o(i.pend_list_adjust)
    pend_list_remove                         0x08002805   Thumb Code    22  tos_pend.o(i.pend_list_remove)
    pend_task_wakeup                         0x0800281b   Thumb Code    46  tos_pend.o(i.pend_task_wakeup)
    pend_wakeup_all                          0x08002849   Thumb Code    36  tos_pend.o(i.pend_wakeup_all)
    port_systick_config                      0x0800286d   Thumb Code    32  port_c.o(i.port_systick_config)
    port_systick_priority_set                0x08002895   Thumb Code    14  port_c.o(i.port_systick_priority_set)
    readyqueue_add                           0x080028a5   Thumb Code    26  tos_sched.o(i.readyqueue_add)
    readyqueue_add_head                      0x080028c5   Thumb Code    36  tos_sched.o(i.readyqueue_add_head)
    readyqueue_add_tail                      0x080028ed   Thumb Code    36  tos_sched.o(i.readyqueue_add_tail)
    readyqueue_first_task_get                0x08002915   Thumb Code    20  tos_sched.o(i.readyqueue_first_task_get)
    readyqueue_highest_ready_task_get        0x0800292d   Thumb Code    18  tos_sched.o(i.readyqueue_highest_ready_task_get)
    readyqueue_init                          0x08002945   Thumb Code    48  tos_sched.o(i.readyqueue_init)
    readyqueue_is_prio_onlyone               0x08002979   Thumb Code    22  tos_sched.o(i.readyqueue_is_prio_onlyone)
    readyqueue_move_head_to_tail             0x08002995   Thumb Code    32  tos_sched.o(i.readyqueue_move_head_to_tail)
    readyqueue_remove                        0x080029e9   Thumb Code    90  tos_sched.o(i.readyqueue_remove)
    robin_sched                              0x08002a91   Thumb Code   106  tos_robin.o(i.robin_sched)
    task_free_all                            0x08002ba1   Thumb Code    52  tos_task.o(i.task_free_all)
    tick_list_add                            0x08002c11   Thumb Code    18  tos_tick.o(i.tick_list_add)
    tick_list_remove                         0x08002c25   Thumb Code    82  tos_tick.o(i.tick_list_remove)
    tick_update                              0x08002ce1   Thumb Code    86  tos_tick.o(i.tick_update)
    timer_init                               0x08002d41   Thumb Code     4  tos_timer.o(i.timer_init)
    timer_update                             0x08002dd9   Thumb Code    88  tos_timer.o(i.timer_update)
    tos_cpu_clz                              0x08002e39   Thumb Code    50  tos_cpu.o(i.tos_cpu_clz)
    tos_cpu_cpsr_restore                     0x08002e6b   Thumb Code     8  tos_cpu.o(i.tos_cpu_cpsr_restore)
    tos_cpu_cpsr_save                        0x08002e73   Thumb Code     8  tos_cpu.o(i.tos_cpu_cpsr_save)
    tos_knl_init                             0x08002e7d   Thumb Code    38  tos_sys.o(i.tos_knl_init)
    tos_knl_irq_enter                        0x08002ea9   Thumb Code    22  tos_sys.o(i.tos_knl_irq_enter)
    tos_knl_irq_leave                        0x08002ec9   Thumb Code    70  tos_sys.o(i.tos_knl_irq_leave)
    tos_knl_is_running                       0x08002f25   Thumb Code    12  tos_sys.o(i.tos_knl_is_running)
    tos_knl_sched_lock                       0x08002f35   Thumb Code    62  tos_sys.o(i.tos_knl_sched_lock)
    tos_knl_sched_unlock                     0x08002f81   Thumb Code    64  tos_sys.o(i.tos_knl_sched_unlock)
    tos_knl_start                            0x08002fd1   Thumb Code    40  tos_sys.o(i.tos_knl_start)
    tos_mmheap_free                          0x08003013   Thumb Code    50  tos_mmheap.o(i.tos_mmheap_free)
    tos_mmheap_pool_add                      0x08003045   Thumb Code   132  tos_mmheap.o(i.tos_mmheap_pool_add)
    tos_robin_default_timeslice_config       0x080030d5   Thumb Code    32  tos_robin.o(i.tos_robin_default_timeslice_config)
    tos_task_create                          0x080030f9   Thumb Code   200  tos_task.o(i.tos_task_create)
    tos_task_delay                           0x080031d9   Thumb Code    84  tos_task.o(i.tos_task_delay)
    tos_task_destroy                         0x08003235   Thumb Code   194  tos_task.o(i.tos_task_destroy)
    tos_task_prio_change                     0x0800330d   Thumb Code   178  tos_task.o(i.tos_task_prio_change)
    tos_task_yield                           0x080033cd   Thumb Code    42  tos_task.o(i.tos_task_yield)
    tos_tick_handler                         0x080033fd   Thumb Code    32  tos_tick.o(i.tos_tick_handler)
    AHBPrescTable                            0x08003420   Data          16  system_stm32l0xx.o(.constdata)
    PLLMulTable                              0x08003430   Data           9  system_stm32l0xx.o(.constdata)
    APBPrescTable                            0x08003439   Data           8  system_stm32l0xx.o(.constdata)
    k_idle_task_stk_addr                     0x08003444   Data           4  tos_global.o(.constdata)
    k_idle_task_stk_size                     0x08003448   Data           4  tos_global.o(.constdata)
    Region$$Table$$Base                      0x0800344c   Number         0  anon$$obj.o(Region$$Table)
    Region$$Table$$Limit                     0x0800346c   Number         0  anon$$obj.o(Region$$Table)
    demo1_counter                            0x20000000   Data           8  main.o(.data)
    demo2_counter                            0x20000008   Data           8  main.o(.data)
    uwTick                                   0x20000010   Data           4  stm32l0xx_hal.o(.data)
    SystemCoreClock                          0x20000014   Data           4  system_stm32l0xx.o(.data)
    k_irq_nest_cnt                           0x20000018   Data           1  tos_global.o(.data)
    k_sched_lock_nest_cnt                    0x20000019   Data           1  tos_global.o(.data)
    k_knl_state                              0x2000001a   Data           1  tos_global.o(.data)
    k_tick_count                             0x2000001c   Data           4  tos_global.o(.data)
    k_curr_task                              0x20000020   Data           4  tos_global.o(.data)
    k_next_task                              0x20000024   Data           4  tos_global.o(.data)
    k_cpu_tick_per_second                    0x20000028   Data           4  tos_global.o(.data)
    k_cpu_cycle_per_tick                     0x2000002c   Data           4  tos_global.o(.data)
    k_dead_task_list                         0x20000030   Data           8  tos_global.o(.data)
    k_stat_list                              0x20000038   Data           8  tos_global.o(.data)
    k_tick_list                              0x20000040   Data           8  tos_global.o(.data)
    k_robin_default_timeslice                0x20000048   Data           4  tos_global.o(.data)
    k_timer_ctl                              0x2000004c   Data          12  tos_global.o(.data)
    __stdout                                 0x20000058   Data           4  stdout.o(.data)
    stack_task_demo1                         0x2000005c   Data         512  main.o(.bss)
    stack_task_demo2                         0x2000025c   Data         512  main.o(.bss)
    stack_task_sample                        0x2000045c   Data         512  main.o(.bss)
    task_demo1                               0x2000065c   Data         120  main.o(.bss)
    task_demo2                               0x200006d4   Data         120  main.o(.bss)
    task_sample                              0x2000074c   Data         120  main.o(.bss)
    huart1                                   0x200007c4   Data         128  usart.o(.bss)
    k_rdyq                                   0x20000844   Data          88  tos_global.o(.bss)
    k_idle_task                              0x2000089c   Data         120  tos_global.o(.bss)
    k_idle_task_stk                          0x20000914   Data         512  tos_global.o(.bss)
    k_mmheap_default_pool                    0x20000b14   Data        1024  tos_global.o(.bss)
    k_mmheap_ctl                             0x20000f14   Data        3204  tos_global.o(.bss)
    __initial_sp                             0x20001f98   Data           0  startup_stm32l051xx.o(STACK)



==============================================================================

Memory Map of the image

  Image Entry point : 0x080000c1

  Load Region LR_IROM1 (Base: 0x08000000, Size: 0x000034c8, Max: 0x00010000, ABSOLUTE)

    Execution Region ER_IROM1 (Exec base: 0x08000000, Load base: 0x08000000, Size: 0x0000346c, Max: 0x00010000, ABSOLUTE)

    Exec Addr    Load Addr    Size         Type   Attr      Idx    E Section Name        Object

    0x08000000   0x08000000   0x000000c0   Data   RO            3    RESET               startup_stm32l051xx.o
    0x080000c0   0x080000c0   0x00000000   Code   RO         5089  * .ARM.Collect$$$$00000000  mc_p.l(entry.o)
    0x080000c0   0x080000c0   0x00000004   Code   RO         5367    .ARM.Collect$$$$00000001  mc_p.l(entry2.o)
    0x080000c4   0x080000c4   0x00000004   Code   RO         5370    .ARM.Collect$$$$00000004  mc_p.l(entry5.o)
    0x080000c8   0x080000c8   0x00000000   Code   RO         5372    .ARM.Collect$$$$00000008  mc_p.l(entry7b.o)
    0x080000c8   0x080000c8   0x00000000   Code   RO         5374    .ARM.Collect$$$$0000000A  mc_p.l(entry8b.o)
    0x080000c8   0x080000c8   0x00000008   Code   RO         5375    .ARM.Collect$$$$0000000B  mc_p.l(entry9a.o)
    0x080000d0   0x080000d0   0x00000000   Code   RO         5377    .ARM.Collect$$$$0000000D  mc_p.l(entry10a.o)
    0x080000d0   0x080000d0   0x00000000   Code   RO         5379    .ARM.Collect$$$$0000000F  mc_p.l(entry11a.o)
    0x080000d0   0x080000d0   0x00000004   Code   RO         5368    .ARM.Collect$$$$00002712  mc_p.l(entry2.o)
    0x080000d4   0x080000d4   0x0000001c   Code   RO            4    .text               startup_stm32l051xx.o
    0x080000f0   0x080000f0   0x0000009c   Code   RO         2662    .text               port_s.o
    0x0800018c   0x0800018c   0x0000002c   Code   RO         5092    .text               mc_p.l(uidiv.o)
    0x080001b8   0x080001b8   0x00000060   Code   RO         5094    .text               mc_p.l(uldiv.o)
    0x08000218   0x08000218   0x00000024   Code   RO         5098    .text               mc_p.l(memseta.o)
    0x0800023c   0x0800023c   0x000000f0   Code   RO         5363    .text               mf_p.l(ddiv.o)
    0x0800032c   0x0800032c   0x0000001c   Code   RO         5365    .text               mf_p.l(dfltul.o)
    0x08000348   0x08000348   0x00000020   Code   RO         5382    .text               mc_p.l(llshl.o)
    0x08000368   0x08000368   0x00000022   Code   RO         5384    .text               mc_p.l(llushr.o)
    0x0800038a   0x0800038a   0x00000000   Code   RO         5386    .text               mc_p.l(iusefp.o)
    0x0800038a   0x0800038a   0x000000be   Code   RO         5387    .text               mf_p.l(depilogue.o)
    0x08000448   0x08000448   0x00000164   Code   RO         5391    .text               mf_p.l(dadd.o)
    0x080005ac   0x080005ac   0x000000d0   Code   RO         5393    .text               mf_p.l(dmul.o)
    0x0800067c   0x0800067c   0x00000040   Code   RO         5395    .text               mf_p.l(dfixul.o)
    0x080006bc   0x080006bc   0x00000028   Code   RO         5397    .text               mf_p.l(cdrcmple.o)
    0x080006e4   0x080006e4   0x00000024   Code   RO         5399    .text               mc_p.l(init.o)
    0x08000708   0x08000708   0x00000026   Code   RO         5401    .text               mc_p.l(llsshr.o)
    0x0800072e   0x0800072e   0x00000002   Code   RO           12    i.Error_Handler     main.o
    0x08000730   0x08000730   0x00000178   Code   RO         2064    i.HAL_GPIO_Init     stm32l0xx_hal_gpio.o
    0x080008a8   0x080008a8   0x0000000c   Code   RO         2068    i.HAL_GPIO_WritePin  stm32l0xx_hal_gpio.o
    0x080008b4   0x080008b4   0x0000000c   Code   RO          974    i.HAL_GetTick       stm32l0xx_hal.o
    0x080008c0   0x080008c0   0x00000010   Code   RO          978    i.HAL_IncTick       stm32l0xx_hal.o
    0x080008d0   0x080008d0   0x00000028   Code   RO          979    i.HAL_Init          stm32l0xx_hal.o
    0x080008f8   0x080008f8   0x00000030   Code   RO          980    i.HAL_InitTick      stm32l0xx_hal.o
    0x08000928   0x08000928   0x00000018   Code   RO          497    i.HAL_MspInit       stm32l0xx_hal_msp.o
    0x08000940   0x08000940   0x00000008   Code   RO         2395    i.HAL_NVIC_SetPriority  stm32l0xx_hal_cortex.o
    0x08000948   0x08000948   0x00000164   Code   RO         1751    i.HAL_RCCEx_PeriphCLKConfig  stm32l0xx_hal_rcc_ex.o
    0x08000aac   0x08000aac   0x0000016c   Code   RO         1653    i.HAL_RCC_ClockConfig  stm32l0xx_hal_rcc.o
    0x08000c18   0x08000c18   0x00000020   Code   RO         1659    i.HAL_RCC_GetPCLK1Freq  stm32l0xx_hal_rcc.o
    0x08000c38   0x08000c38   0x00000020   Code   RO         1660    i.HAL_RCC_GetPCLK2Freq  stm32l0xx_hal_rcc.o
    0x08000c58   0x08000c58   0x00000078   Code   RO         1661    i.HAL_RCC_GetSysClockFreq  stm32l0xx_hal_rcc.o
    0x08000cd0   0x08000cd0   0x0000041c   Code   RO         1664    i.HAL_RCC_OscConfig  stm32l0xx_hal_rcc.o
    0x080010ec   0x080010ec   0x00000030   Code   RO         2399    i.HAL_SYSTICK_Config  stm32l0xx_hal_cortex.o
    0x0800111c   0x0800111c   0x0000006a   Code   RO          571    i.HAL_UART_Init     stm32l0xx_hal_uart.o
    0x08001186   0x08001186   0x00000002   PAD
    0x08001188   0x08001188   0x0000005c   Code   RO          409    i.HAL_UART_MspInit  usart.o
    0x080011e4   0x080011e4   0x000000ce   Code   RO          579    i.HAL_UART_Transmit  stm32l0xx_hal_uart.o
    0x080012b2   0x080012b2   0x00000002   Code   RO          456    i.HardFault_Handler  stm32l0xx_it.o
    0x080012b4   0x080012b4   0x0000008c   Code   RO          302    i.MX_GPIO_Init      gpio.o
    0x08001340   0x08001340   0x00000038   Code   RO          410    i.MX_USART1_UART_Init  usart.o
    0x08001378   0x08001378   0x00000002   Code   RO          457    i.NMI_Handler       stm32l0xx_it.o
    0x0800137a   0x0800137a   0x00000002   PAD
    0x0800137c   0x0800137c   0x00000044   Code   RO         2401    i.NVIC_SetPriority  stm32l0xx_hal_cortex.o
    0x080013c0   0x080013c0   0x00000044   Code   RO         2624    i.NVIC_SetPriority  port_c.o
    0x08001404   0x08001404   0x00000002   Code   RO          458    i.SVC_Handler       stm32l0xx_it.o
    0x08001406   0x08001406   0x0000001c   Code   RO          459    i.SysTick_Handler   stm32l0xx_it.o
    0x08001422   0x08001422   0x00000002   PAD
    0x08001424   0x08001424   0x00000074   Code   RO           13    i.SystemClock_Config  main.o
    0x08001498   0x08001498   0x00000054   Code   RO         2499    i.SystemInit        system_stm32l0xx.o
    0x080014ec   0x080014ec   0x000000ca   Code   RO          584    i.UART_AdvFeatureConfig  stm32l0xx_hal_uart.o
    0x080015b6   0x080015b6   0x00000002   PAD
    0x080015b8   0x080015b8   0x00000060   Code   RO          585    i.UART_CheckIdleState  stm32l0xx_hal_uart.o
    0x08001618   0x08001618   0x00000228   Code   RO          600    i.UART_SetConfig    stm32l0xx_hal_uart.o
    0x08001840   0x08001840   0x00000062   Code   RO          603    i.UART_WaitOnFlagUntilTimeout  stm32l0xx_hal_uart.o
    0x080018a2   0x080018a2   0x00000002   PAD
    0x080018a4   0x080018a4   0x00000020   Code   RO         5335    i.__0printf         mc_p.l(printfa.o)
    0x080018c4   0x080018c4   0x0000002e   Code   RO         5389    i.__ARM_clz         mf_p.l(depilogue.o)
    0x080018f2   0x080018f2   0x0000001a   Code   RO          892    i.__ARM_common_switch8  stm32l0xx_hal_uart.o
    0x0800190c   0x0800190c   0x0000000a   Code   RO         3334    i.__fls             tos_mmheap.o
    0x08001916   0x08001916   0x0000000e   Code   RO         5405    i.__scatterload_copy  mc_p.l(handlers.o)
    0x08001924   0x08001924   0x00000002   Code   RO         5406    i.__scatterload_null  mc_p.l(handlers.o)
    0x08001926   0x08001926   0x0000000e   Code   RO         5407    i.__scatterload_zeroinit  mc_p.l(handlers.o)
    0x08001934   0x08001934   0x00000174   Code   RO         5342    i._fp_digits        mc_p.l(printfa.o)
    0x08001aa8   0x08001aa8   0x000006ec   Code   RO         5343    i._printf_core      mc_p.l(printfa.o)
    0x08002194   0x08002194   0x00000020   Code   RO         5344    i._printf_post_padding  mc_p.l(printfa.o)
    0x080021b4   0x080021b4   0x0000002c   Code   RO         5345    i._printf_pre_padding  mc_p.l(printfa.o)
    0x080021e0   0x080021e0   0x0000001c   Code   RO         3336    i.blk_absorb        tos_mmheap.o
    0x080021fc   0x080021fc   0x00000050   Code   RO         3338    i.blk_insert        tos_mmheap.o
    0x0800224c   0x0800224c   0x0000000c   Code   RO         3339    i.blk_link_next     tos_mmheap.o
    0x08002258   0x08002258   0x0000001a   Code   RO         3341    i.blk_mark_as_free  tos_mmheap.o
    0x08002272   0x08002272   0x00000024   Code   RO         3343    i.blk_merge_next    tos_mmheap.o
    0x08002296   0x08002296   0x00000010   Code   RO         3344    i.blk_next          tos_mmheap.o
    0x080022a6   0x080022a6   0x0000001e   Code   RO         3346    i.blk_remove        tos_mmheap.o
    0x080022c4   0x080022c4   0x00000008   Code   RO         2532    i.cpu_context_switch  tos_cpu.o
    0x080022cc   0x080022cc   0x00000024   Code   RO         2533    i.cpu_init          tos_cpu.o
    0x080022f0   0x080022f0   0x00000008   Code   RO         2534    i.cpu_irq_context_switch  tos_cpu.o
    0x080022f8   0x080022f8   0x00000004   Code   RO         2536    i.cpu_sched_start   tos_cpu.o
    0x080022fc   0x080022fc   0x00000012   Code   RO         2537    i.cpu_systick_init  tos_cpu.o
    0x0800230e   0x0800230e   0x00000002   PAD
    0x08002310   0x08002310   0x00000098   Code   RO         2539    i.cpu_task_stk_init  tos_cpu.o
    0x080023a8   0x080023a8   0x00000018   Code   RO           14    i.entry_task_demo1  main.o
    0x080023c0   0x080023c0   0x00000018   Code   RO           15    i.entry_task_demo2  main.o
    0x080023d8   0x080023d8   0x00000108   Code   RO           16    i.entry_task_sample  main.o
    0x080024e0   0x080024e0   0x0000001c   Code   RO          411    i.fputc             usart.o
    0x080024fc   0x080024fc   0x00000030   Code   RO         3348    i.generic_fls       tos_mmheap.o
    0x0800252c   0x0800252c   0x00000006   Code   RO         4261    i.knl_idle_entry    tos_sys.o
    0x08002532   0x08002532   0x00000002   PAD
    0x08002534   0x08002534   0x00000038   Code   RO         4262    i.knl_idle_init     tos_sys.o
    0x0800256c   0x0800256c   0x00000014   Code   RO         4263    i.knl_is_idle       tos_sys.o
    0x08002580   0x08002580   0x00000010   Code   RO         4264    i.knl_is_inirq      tos_sys.o
    0x08002590   0x08002590   0x00000010   Code   RO         4265    i.knl_is_sched_locked  tos_sys.o
    0x080025a0   0x080025a0   0x00000014   Code   RO         4266    i.knl_is_self       tos_sys.o
    0x080025b4   0x080025b4   0x00000050   Code   RO         4267    i.knl_sched         tos_sys.o
    0x08002604   0x08002604   0x000000ac   Code   RO           17    i.main              main.o
    0x080026b0   0x080026b0   0x0000002c   Code   RO         3349    i.mapping_insert    tos_mmheap.o
    0x080026dc   0x080026dc   0x00000048   Code   RO         3350    i.mmheap_ctl_init   tos_mmheap.o
    0x08002724   0x08002724   0x00000014   Code   RO         3352    i.mmheap_init_with_pool  tos_mmheap.o
    0x08002738   0x08002738   0x00000028   Code   RO         3353    i.mmheap_pool_is_exist  tos_mmheap.o
    0x08002760   0x08002760   0x00000038   Code   RO         3514    i.mutex_old_owner_release  tos_mutex.o
    0x08002798   0x08002798   0x00000012   Code   RO         3515    i.mutex_release     tos_mutex.o
    0x080027aa   0x080027aa   0x00000012   Code   RO         3619    i.pend_highest_pending_prio_get  tos_pend.o
    0x080027bc   0x080027bc   0x00000036   Code   RO         3622    i.pend_list_add     tos_pend.o
    0x080027f2   0x080027f2   0x00000012   Code   RO         3623    i.pend_list_adjust  tos_pend.o
    0x08002804   0x08002804   0x00000016   Code   RO         3624    i.pend_list_remove  tos_pend.o
    0x0800281a   0x0800281a   0x0000002e   Code   RO         3629    i.pend_task_wakeup  tos_pend.o
    0x08002848   0x08002848   0x00000024   Code   RO         3631    i.pend_wakeup_all   tos_pend.o
    0x0800286c   0x0800286c   0x00000028   Code   RO         2626    i.port_systick_config  port_c.o
    0x08002894   0x08002894   0x0000000e   Code   RO         2627    i.port_systick_priority_set  port_c.o
    0x080028a2   0x080028a2   0x00000002   PAD
    0x080028a4   0x080028a4   0x00000020   Code   RO         4088    i.readyqueue_add    tos_sched.o
    0x080028c4   0x080028c4   0x00000028   Code   RO         4089    i.readyqueue_add_head  tos_sched.o
    0x080028ec   0x080028ec   0x00000028   Code   RO         4090    i.readyqueue_add_tail  tos_sched.o
    0x08002914   0x08002914   0x00000018   Code   RO         4091    i.readyqueue_first_task_get  tos_sched.o
    0x0800292c   0x0800292c   0x00000018   Code   RO         4092    i.readyqueue_highest_ready_task_get  tos_sched.o
    0x08002944   0x08002944   0x00000034   Code   RO         4093    i.readyqueue_init   tos_sched.o
    0x08002978   0x08002978   0x0000001c   Code   RO         4094    i.readyqueue_is_prio_onlyone  tos_sched.o
    0x08002994   0x08002994   0x00000024   Code   RO         4095    i.readyqueue_move_head_to_tail  tos_sched.o
    0x080029b8   0x080029b8   0x00000030   Code   RO         4096    i.readyqueue_prio_mark  tos_sched.o
    0x080029e8   0x080029e8   0x00000060   Code   RO         4097    i.readyqueue_remove  tos_sched.o
    0x08002a48   0x08002a48   0x00000048   Code   RO         3354    i.remove_free_block  tos_mmheap.o
    0x08002a90   0x08002a90   0x00000074   Code   RO         4056    i.robin_sched       tos_robin.o
    0x08002b04   0x08002b04   0x00000080   Code   RO         4359    i.task_do_destroy   tos_task.o
    0x08002b84   0x08002b84   0x0000000a   Code   RO         4360    i.task_exit         tos_task.o
    0x08002b8e   0x08002b8e   0x00000012   Code   RO         4361    i.task_free         tos_task.o
    0x08002ba0   0x08002ba0   0x00000038   Code   RO         4362    i.task_free_all     tos_task.o
    0x08002bd8   0x08002bd8   0x00000038   Code   RO         4363    i.task_reset        tos_task.o
    0x08002c10   0x08002c10   0x00000012   Code   RO         4521    i.tick_list_add     tos_tick.o
    0x08002c22   0x08002c22   0x00000002   PAD
    0x08002c24   0x08002c24   0x00000058   Code   RO         4522    i.tick_list_remove  tos_tick.o
    0x08002c7c   0x08002c7c   0x00000064   Code   RO         4524    i.tick_task_place   tos_tick.o
    0x08002ce0   0x08002ce0   0x00000060   Code   RO         4525    i.tick_update       tos_tick.o
    0x08002d40   0x08002d40   0x00000004   Code   RO         4672    i.timer_init        tos_timer.o
    0x08002d44   0x08002d44   0x00000054   Code   RO         4674    i.timer_place       tos_timer.o
    0x08002d98   0x08002d98   0x00000040   Code   RO         4675    i.timer_takeoff     tos_timer.o
    0x08002dd8   0x08002dd8   0x00000060   Code   RO         4676    i.timer_update      tos_timer.o
    0x08002e38   0x08002e38   0x00000032   Code   RO         2540    i.tos_cpu_clz       tos_cpu.o
    0x08002e6a   0x08002e6a   0x00000008   Code   RO         2541    i.tos_cpu_cpsr_restore  tos_cpu.o
    0x08002e72   0x08002e72   0x00000008   Code   RO         2542    i.tos_cpu_cpsr_save  tos_cpu.o
    0x08002e7a   0x08002e7a   0x00000002   PAD
    0x08002e7c   0x08002e7c   0x0000002c   Code   RO         4268    i.tos_knl_init      tos_sys.o
    0x08002ea8   0x08002ea8   0x00000020   Code   RO         4269    i.tos_knl_irq_enter  tos_sys.o
    0x08002ec8   0x08002ec8   0x0000005c   Code   RO         4270    i.tos_knl_irq_leave  tos_sys.o
    0x08002f24   0x08002f24   0x00000010   Code   RO         4271    i.tos_knl_is_running  tos_sys.o
    0x08002f34   0x08002f34   0x0000004c   Code   RO         4272    i.tos_knl_sched_lock  tos_sys.o
    0x08002f80   0x08002f80   0x00000050   Code   RO         4273    i.tos_knl_sched_unlock  tos_sys.o
    0x08002fd0   0x08002fd0   0x00000034   Code   RO         4274    i.tos_knl_start     tos_sys.o
    0x08003004   0x08003004   0x0000000e   Code   RO         4526    i.tos_list_empty    tos_tick.o
    0x08003012   0x08003012   0x00000032   Code   RO         3359    i.tos_mmheap_free   tos_mmheap.o
    0x08003044   0x08003044   0x00000090   Code   RO         3360    i.tos_mmheap_pool_add  tos_mmheap.o
    0x080030d4   0x080030d4   0x00000024   Code   RO         4057    i.tos_robin_default_timeslice_config  tos_robin.o
    0x080030f8   0x080030f8   0x000000e0   Code   RO         4364    i.tos_task_create   tos_task.o
    0x080031d8   0x080031d8   0x0000005c   Code   RO         4367    i.tos_task_delay    tos_task.o
    0x08003234   0x08003234   0x000000d8   Code   RO         4369    i.tos_task_destroy  tos_task.o
    0x0800330c   0x0800330c   0x000000c0   Code   RO         4371    i.tos_task_prio_change  tos_task.o
    0x080033cc   0x080033cc   0x00000030   Code   RO         4376    i.tos_task_yield    tos_task.o
    0x080033fc   0x080033fc   0x00000024   Code   RO         4527    i.tos_tick_handler  tos_tick.o
    0x08003420   0x08003420   0x00000019   Data   RO         2500    .constdata          system_stm32l0xx.o
    0x08003439   0x08003439   0x00000008   Data   RO         2501    .constdata          system_stm32l0xx.o
    0x08003441   0x08003441   0x00000003   PAD
    0x08003444   0x08003444   0x00000004   Data   RO         3117    .constdata          tos_global.o
    0x08003448   0x08003448   0x00000004   Data   RO         3118    .constdata          tos_global.o
    0x0800344c   0x0800344c   0x00000020   Data   RO         5403    Region$$Table       anon$$obj.o


    Execution Region RW_IRAM1 (Exec base: 0x20000000, Load base: 0x0800346c, Size: 0x00001f98, Max: 0x00002000, ABSOLUTE)

    Exec Addr    Load Addr    Size         Type   Attr      Idx    E Section Name        Object

    0x20000000   0x0800346c   0x00000010   Data   RW           21    .data               main.o
    0x20000010   0x0800347c   0x00000004   Data   RW          989    .data               stm32l0xx_hal.o
    0x20000014   0x08003480   0x00000004   Data   RW         2502    .data               system_stm32l0xx.o
    0x20000018   0x08003484   0x00000001   Data   RW         3119    .data               tos_global.o
    0x20000019   0x08003485   0x00000001   Data   RW         3120    .data               tos_global.o
    0x2000001a   0x08003486   0x00000001   Data   RW         3121    .data               tos_global.o
    0x2000001b   0x08003487   0x00000001   PAD
    0x2000001c   0x08003488   0x00000004   Data   RW         3122    .data               tos_global.o
    0x20000020   0x0800348c   0x00000004   Data   RW         3123    .data               tos_global.o
    0x20000024   0x08003490   0x00000004   Data   RW         3124    .data               tos_global.o
    0x20000028   0x08003494   0x00000004   Data   RW         3125    .data               tos_global.o
    0x2000002c   0x08003498   0x00000004   Data   RW         3126    .data               tos_global.o
    0x20000030   0x0800349c   0x00000008   Data   RW         3127    .data               tos_global.o
    0x20000038   0x080034a4   0x00000008   Data   RW         3128    .data               tos_global.o
    0x20000040   0x080034ac   0x00000008   Data   RW         3129    .data               tos_global.o
    0x20000048   0x080034b4   0x00000004   Data   RW         3130    .data               tos_global.o
    0x2000004c   0x080034b8   0x0000000c   Data   RW         3131    .data               tos_global.o
    0x20000058   0x080034c4   0x00000004   Data   RW         5381    .data               mc_p.l(stdout.o)
    0x2000005c        -       0x00000768   Zero   RW           18    .bss                main.o
    0x200007c4        -       0x00000080   Zero   RW          412    .bss                usart.o
    0x20000844        -       0x00000058   Zero   RW         3112    .bss                tos_global.o
    0x2000089c        -       0x00000078   Zero   RW         3113    .bss                tos_global.o
    0x20000914        -       0x00000200   Zero   RW         3114    .bss                tos_global.o
    0x20000b14        -       0x00000400   Zero   RW         3115    .bss                tos_global.o
    0x20000f14        -       0x00000c84   Zero   RW         3116    .bss                tos_global.o
    0x20001b98        -       0x00000400   Zero   RW            1    STACK               startup_stm32l051xx.o


==============================================================================

Image component sizes


      Code (inc. data)   RO Data    RW Data    ZI Data      Debug   Object Name

       140         12          0          0          0     280719   gpio.o
       602        228          0         16       1896     274730   main.o
       122         16          0          0          0      10206   port_c.o
       156         24          0          0          0        392   port_s.o
        28          8        192          0       1024        648   startup_stm32l051xx.o
       116         20          0          4          0       3267   stm32l0xx_hal.o
       124         18          0          0          0      10092   stm32l0xx_hal_cortex.o
       388         30          0          0          0       2416   stm32l0xx_hal_gpio.o
        24          4          0          0          0        446   stm32l0xx_hal_msp.o
      1600         90          0          0          0       5608   stm32l0xx_hal_rcc.o
       356         14          0          0          0       1484   stm32l0xx_hal_rcc_ex.o
      1286         76          0          0          0       6673   stm32l0xx_hal_uart.o
        34          0          0          0          0       2046   stm32l0xx_it.o
        84         18         33          4          0       1259   system_stm32l0xx.o
         0          0          0          0          0       1744   tos_binary_heap.o
         0          0          0          0          0       1740   tos_completion.o
       292         46          0          0          0       6331   tos_cpu.o
         0          0          8         63       4948       1722   tos_global.o
       728         34          0          0          0      13715   tos_mmheap.o
        74          0          0          0          0       8136   tos_mutex.o
       194          0          0          0          0      10661   tos_pend.o
       152         14          0          0          0       1851   tos_robin.o
       420         50          0          0          0      13705   tos_sched.o
       606        146          0          0          0       8985   tos_sys.o
      1040         84          0          0          0      13350   tos_task.o
       352         26          0          0          0      10696   tos_tick.o
       248         22          0          0          0       4344   tos_timer.o
       176         26          0          0        128       3462   usart.o

    ----------------------------------------------------------------------
      9362       1006        268         88       7996     700428   Object Totals
         0          0         32          0          0          0   (incl. Generated)
        20          0          3          1          0          0   (incl. Padding)

    ----------------------------------------------------------------------

      Code (inc. data)   RO Data    RW Data    ZI Data      Debug   Library Member Name

         0          0          0          0          0          0   entry.o
         0          0          0          0          0          0   entry10a.o
         0          0          0          0          0          0   entry11a.o
         8          4          0          0          0          0   entry2.o
         4          0          0          0          0          0   entry5.o
         0          0          0          0          0          0   entry7b.o
         0          0          0          0          0          0   entry8b.o
         8          4          0          0          0          0   entry9a.o
        30          0          0          0          0          0   handlers.o
        36          8          0          0          0         68   init.o
         0          0          0          0          0          0   iusefp.o
        32          0          0          0          0         68   llshl.o
        38          0          0          0          0         68   llsshr.o
        34          0          0          0          0         68   llushr.o
        36          0          0          0          0        100   memseta.o
      2252         98          0          0          0        412   printfa.o
         0          0          0          4          0          0   stdout.o
        44          0          0          0          0         72   uidiv.o
        96          0          0          0          0         84   uldiv.o
        40          2          0          0          0         68   cdrcmple.o
       356          4          0          0          0        140   dadd.o
       240          6          0          0          0         84   ddiv.o
       236          0          0          0          0        216   depilogue.o
        64         10          0          0          0         68   dfixul.o
        28          6          0          0          0         68   dfltul.o
       208          6          0          0          0         88   dmul.o

    ----------------------------------------------------------------------
      3790        148          0          4          0       1672   Library Totals
         0          0          0          0          0          0   (incl. Padding)

    ----------------------------------------------------------------------

      Code (inc. data)   RO Data    RW Data    ZI Data      Debug   Library Name

      2618        114          0          4          0        940   mc_p.l
      1172         34          0          0          0        732   mf_p.l

    ----------------------------------------------------------------------
      3790        148          0          4          0       1672   Library Totals

    ----------------------------------------------------------------------

==============================================================================


      Code (inc. data)   RO Data    RW Data    ZI Data      Debug   

     13152       1154        268         92       7996     696348   Grand Totals
     13152       1154        268         92       7996     696348   ELF Image Totals
     13152       1154        268         92          0          0   ROM Totals

==============================================================================

    Total RO  Size (Code + RO Data)                13420 (  13.11kB)
    Total RW  Size (RW Data + ZI Data)              8088 (   7.90kB)
    Total ROM Size (Code + RO Data + RW Data)      13512 (  13.20kB)

==============================================================================

