Component: ARM Compiler 5.06 update 6 (build 750) Tool: armlink [4d35ed]

==============================================================================

Section Cross References

    startup_stm32l051xx.o(RESET) refers to startup_stm32l051xx.o(STACK) for __initial_sp
    startup_stm32l051xx.o(RESET) refers to startup_stm32l051xx.o(.text) for Reset_Handler
    startup_stm32l051xx.o(RESET) refers to stm32l0xx_it.o(i.NMI_Handler) for NMI_Handler
    startup_stm32l051xx.o(RESET) refers to stm32l0xx_it.o(i.HardFault_Handler) for HardFault_Handler
    startup_stm32l051xx.o(RESET) refers to stm32l0xx_it.o(i.SVC_Handler) for SVC_Handler
    startup_stm32l051xx.o(RESET) refers to port_s.o(.text) for PendSV_Handler
    startup_stm32l051xx.o(RESET) refers to stm32l0xx_it.o(i.SysTick_Handler) for SysTick_Handler
    startup_stm32l051xx.o(.text) refers to system_stm32l0xx.o(i.SystemInit) for SystemInit
    startup_stm32l051xx.o(.text) refers to entry.o(.ARM.Collect$$$$00000000) for __main
    main.o(i.SystemClock_Config) refers to memseta.o(.text) for __aeabi_memclr4
    main.o(i.SystemClock_Config) refers to stm32l0xx_hal_rcc.o(i.HAL_RCC_OscConfig) for HAL_RCC_OscConfig
    main.o(i.SystemClock_Config) refers to main.o(i.Error_Handler) for Error_Handler
    main.o(i.SystemClock_Config) refers to stm32l0xx_hal_rcc.o(i.HAL_RCC_ClockConfig) for HAL_RCC_ClockConfig
    main.o(i.SystemClock_Config) refers to stm32l0xx_hal_rcc_ex.o(i.HAL_RCCEx_PeriphCLKConfig) for HAL_RCCEx_PeriphCLKConfig
    main.o(i.entry_task_demo) refers to printf5.o(i.__0printf$5) for __2printf
    main.o(i.entry_task_demo) refers to tos_mmblk.o(i.tos_mmblk_alloc) for tos_mmblk_alloc
    main.o(i.entry_task_demo) refers to tos_mmblk.o(i.tos_mmblk_free) for tos_mmblk_free
    main.o(i.entry_task_demo) refers to main.o(.bss) for p
    main.o(i.main) refers to stm32l0xx_hal.o(i.HAL_Init) for HAL_Init
    main.o(i.main) refers to main.o(i.SystemClock_Config) for SystemClock_Config
    main.o(i.main) refers to gpio.o(i.MX_GPIO_Init) for MX_GPIO_Init
    main.o(i.main) refers to usart.o(i.MX_USART1_UART_Init) for MX_USART1_UART_Init
    main.o(i.main) refers to tos_sys.o(i.tos_knl_init) for tos_knl_init
    main.o(i.main) refers to tos_mmblk.o(i.tos_mmblk_pool_create) for tos_mmblk_pool_create
    main.o(i.main) refers to tos_task.o(i.tos_task_create) for tos_task_create
    main.o(i.main) refers to tos_sys.o(i.tos_knl_start) for tos_knl_start
    main.o(i.main) refers to main.o(.bss) for mmblk_pool_buffer
    main.o(i.main) refers to main.o(i.entry_task_demo) for entry_task_demo
    gpio.o(i.MX_GPIO_Init) refers to memseta.o(.text) for __aeabi_memclr4
    gpio.o(i.MX_GPIO_Init) refers to stm32l0xx_hal_gpio.o(i.HAL_GPIO_WritePin) for HAL_GPIO_WritePin
    gpio.o(i.MX_GPIO_Init) refers to stm32l0xx_hal_gpio.o(i.HAL_GPIO_Init) for HAL_GPIO_Init
    usart.o(i.HAL_UART_MspDeInit) refers to stm32l0xx_hal_gpio.o(i.HAL_GPIO_DeInit) for HAL_GPIO_DeInit
    usart.o(i.HAL_UART_MspInit) refers to memseta.o(.text) for __aeabi_memclr4
    usart.o(i.HAL_UART_MspInit) refers to stm32l0xx_hal_gpio.o(i.HAL_GPIO_Init) for HAL_GPIO_Init
    usart.o(i.MX_USART1_UART_Init) refers to stm32l0xx_hal_uart.o(i.HAL_UART_Init) for HAL_UART_Init
    usart.o(i.MX_USART1_UART_Init) refers to main.o(i.Error_Handler) for Error_Handler
    usart.o(i.MX_USART1_UART_Init) refers to usart.o(.bss) for huart1
    usart.o(i.fputc) refers to stm32l0xx_hal_uart.o(i.HAL_UART_Transmit) for HAL_UART_Transmit
    usart.o(i.fputc) refers to usart.o(.bss) for huart1
    stm32l0xx_it.o(i.SysTick_Handler) refers to stm32l0xx_hal.o(i.HAL_IncTick) for HAL_IncTick
    stm32l0xx_it.o(i.SysTick_Handler) refers to tos_sys.o(i.tos_knl_is_running) for tos_knl_is_running
    stm32l0xx_it.o(i.SysTick_Handler) refers to tos_sys.o(i.tos_knl_irq_enter) for tos_knl_irq_enter
    stm32l0xx_it.o(i.SysTick_Handler) refers to tos_tick.o(i.tos_tick_handler) for tos_tick_handler
    stm32l0xx_it.o(i.SysTick_Handler) refers to tos_sys.o(i.tos_knl_irq_leave) for tos_knl_irq_leave
    stm32l0xx_hal_uart.o(i.HAL_HalfDuplex_Init) refers to usart.o(i.HAL_UART_MspInit) for HAL_UART_MspInit
    stm32l0xx_hal_uart.o(i.HAL_HalfDuplex_Init) refers to stm32l0xx_hal_uart.o(i.UART_SetConfig) for UART_SetConfig
    stm32l0xx_hal_uart.o(i.HAL_HalfDuplex_Init) refers to stm32l0xx_hal_uart.o(i.UART_AdvFeatureConfig) for UART_AdvFeatureConfig
    stm32l0xx_hal_uart.o(i.HAL_HalfDuplex_Init) refers to stm32l0xx_hal_uart.o(i.UART_CheckIdleState) for UART_CheckIdleState
    stm32l0xx_hal_uart.o(i.HAL_LIN_Init) refers to usart.o(i.HAL_UART_MspInit) for HAL_UART_MspInit
    stm32l0xx_hal_uart.o(i.HAL_LIN_Init) refers to stm32l0xx_hal_uart.o(i.UART_SetConfig) for UART_SetConfig
    stm32l0xx_hal_uart.o(i.HAL_LIN_Init) refers to stm32l0xx_hal_uart.o(i.UART_AdvFeatureConfig) for UART_AdvFeatureConfig
    stm32l0xx_hal_uart.o(i.HAL_LIN_Init) refers to stm32l0xx_hal_uart.o(i.UART_CheckIdleState) for UART_CheckIdleState
[...]
    Removing tos_task.o(i.tos_task_delay), (144 bytes).
    Removing tos_task.o(i.tos_task_delay_abort), (192 bytes).
    Removing tos_task.o(i.tos_task_info_display), (16 bytes).
    Removing tos_task.o(i.tos_task_resume), (172 bytes).
    Removing tos_task.o(i.tos_task_stack_draught_depth), (120 bytes).
    Removing tos_task.o(i.tos_task_suspend), (164 bytes).
    Removing tos_task.o(i.tos_task_walkthru), (72 bytes).
    Removing tos_task.o(i.tos_task_yield), (64 bytes).
    Removing tos_tick.o(.rev16_text), (4 bytes).
    Removing tos_tick.o(.revsh_text), (4 bytes).
    Removing tos_tick.o(i.tick_list_add), (28 bytes).
    Removing tos_tick.o(i.tick_next_expires_get), (68 bytes).
    Removing tos_tick.o(i.tick_task_place), (148 bytes).
    Removing tos_time.o(.rev16_text), (4 bytes).
    Removing tos_time.o(.revsh_text), (4 bytes).
    Removing tos_time.o(i.tos_millisec2tick), (22 bytes).
    Removing tos_time.o(i.tos_sleep_hmsm), (58 bytes).
    Removing tos_time.o(i.tos_sleep_ms), (18 bytes).
    Removing tos_time.o(i.tos_systick_get), (36 bytes).
    Removing tos_time.o(i.tos_systick_set), (36 bytes).
    Removing tos_time.o(i.tos_tick2millisec), (22 bytes).
    Removing tos_timer.o(.rev16_text), (4 bytes).
    Removing tos_timer.o(.revsh_text), (4 bytes).
    Removing tos_timer.o(i.knl_object_verify), (16 bytes).
    Removing tos_timer.o(i.timer_change), (144 bytes).
    Removing tos_timer.o(i.timer_next_expires_get), (76 bytes).
    Removing tos_timer.o(i.tos_list_init), (6 bytes).
    Removing tos_timer.o(i.tos_timer_create), (180 bytes).
    Removing tos_timer.o(i.tos_timer_delay_change), (18 bytes).
    Removing tos_timer.o(i.tos_timer_destroy), (132 bytes).
    Removing tos_timer.o(i.tos_timer_period_change), (18 bytes).
    Removing tos_timer.o(i.tos_timer_start), (156 bytes).
    Removing tos_timer.o(i.tos_timer_stop), (120 bytes).
    Removing tos_pm.o(.rev16_text), (4 bytes).
    Removing tos_pm.o(.revsh_text), (4 bytes).
    Removing tos_tickless.o(.rev16_text), (4 bytes).
    Removing tos_tickless.o(.revsh_text), (4 bytes).
    Removing cmsis_os.o(.rev16_text), (4 bytes).
    Removing cmsis_os.o(.revsh_text), (4 bytes).
    Removing cmsis_os.o(i.errno_knl2cmsis), (12 bytes).
    Removing cmsis_os.o(i.osDelay), (36 bytes).
    Removing cmsis_os.o(i.osKernelInitialize), (14 bytes).
    Removing cmsis_os.o(i.osKernelRunning), (8 bytes).
    Removing cmsis_os.o(i.osKernelStart), (14 bytes).
    Removing cmsis_os.o(i.osKernelSysTick), (8 bytes).
    Removing cmsis_os.o(i.osMessageCreate), (38 bytes).
    Removing cmsis_os.o(i.osMessageGet), (84 bytes).
    Removing cmsis_os.o(i.osMessagePut), (22 bytes).
    Removing cmsis_os.o(i.osMutexCreate), (30 bytes).
    Removing cmsis_os.o(i.osMutexDelete), (18 bytes).
    Removing cmsis_os.o(i.osMutexRelease), (18 bytes).
    Removing cmsis_os.o(i.osMutexWait), (40 bytes).
    Removing cmsis_os.o(i.osPoolAlloc), (30 bytes).
    Removing cmsis_os.o(i.osPoolCAlloc), (38 bytes).
    Removing cmsis_os.o(i.osPoolCreate), (36 bytes).
    Removing cmsis_os.o(i.osPoolFree), (22 bytes).
    Removing cmsis_os.o(i.osSemaphoreCreate), (34 bytes).
    Removing cmsis_os.o(i.osSemaphoreDelete), (18 bytes).
    Removing cmsis_os.o(i.osSemaphoreRelease), (18 bytes).
    Removing cmsis_os.o(i.osSemaphoreWait), (48 bytes).
    Removing cmsis_os.o(i.osThreadCreate), (124 bytes).
    Removing cmsis_os.o(i.osThreadGetId), (12 bytes).
    Removing cmsis_os.o(i.osThreadGetPriority), (20 bytes).
    Removing cmsis_os.o(i.osThreadSetPriority), (30 bytes).
    Removing cmsis_os.o(i.osThreadTerminate), (18 bytes).
    Removing cmsis_os.o(i.osTimerCreate), (64 bytes).
    Removing cmsis_os.o(i.osTimerDelete), (18 bytes).
    Removing cmsis_os.o(i.osTimerStart), (60 bytes).
    Removing cmsis_os.o(i.osTimerStop), (18 bytes).
    Removing cmsis_os.o(i.priority_cmsis2knl), (18 bytes).
    Removing cmsis_os.o(i.priority_knl2cmsis), (8 bytes).
    Removing dadd.o(.text), (356 bytes).
    Removing dmul.o(.text), (208 bytes).
    Removing ddiv.o(.text), (240 bytes).
    Removing dfixul.o(.text), (64 bytes).
    Removing cdrcmple.o(.text), (40 bytes).
    Removing depilogue.o(.text), (190 bytes).
    Removing stm32l0xx_hal_dma.o(i.__ARM_common_switch8), (28 bytes).
    Removing depilogue.o(i.__ARM_clz), (46 bytes).

637 unused section(s) (total 49495 bytes) removed from the image.

==============================================================================

Image Symbol Table

    Local Symbols

    Symbol Name                              Value     Ov Type        Size  Object(Section)

    ../Drivers/STM32L0xx_HAL_Driver/Src/stm32l0xx_hal.c 0x00000000   Number         0  stm32l0xx_hal.o ABSOLUTE
    ../Drivers/STM32L0xx_HAL_Driver/Src/stm32l0xx_hal_cortex.c 0x00000000   Number         0  stm32l0xx_hal_cortex.o ABSOLUTE
    ../Drivers/STM32L0xx_HAL_Driver/Src/stm32l0xx_hal_dma.c 0x00000000   Number         0  stm32l0xx_hal_dma.o ABSOLUTE
    ../Drivers/STM32L0xx_HAL_Driver/Src/stm32l0xx_hal_flash.c 0x00000000   Number         0  stm32l0xx_hal_flash.o ABSOLUTE
    ../Drivers/STM32L0xx_HAL_Driver/Src/stm32l0xx_hal_flash_ex.c 0x00000000   Number         0  stm32l0xx_hal_flash_ex.o ABSOLUTE
    ../Drivers/STM32L0xx_HAL_Driver/Src/stm32l0xx_hal_flash_ramfunc.c 0x00000000   Number         0  stm32l0xx_hal_flash_ramfunc.o ABSOLUTE
    ../Drivers/STM32L0xx_HAL_Driver/Src/stm32l0xx_hal_gpio.c 0x00000000   Number         0  stm32l0xx_hal_gpio.o ABSOLUTE
    ../Drivers/STM32L0xx_HAL_Driver/Src/stm32l0xx_hal_i2c.c 0x00000000   Number         0  stm32l0xx_hal_i2c.o ABSOLUTE
    ../Drivers/STM32L0xx_HAL_Driver/Src/stm32l0xx_hal_i2c_ex.c 0x00000000   Number         0  stm32l0xx_hal_i2c_ex.o ABSOLUTE
    ../Drivers/STM32L0xx_HAL_Driver/Src/stm32l0xx_hal_pwr.c 0x00000000   Number         0  stm32l0xx_hal_pwr.o ABSOLUTE
    ../Drivers/STM32L0xx_HAL_Driver/Src/stm32l0xx_hal_pwr_ex.c 0x00000000   Number         0  stm32l0xx_hal_pwr_ex.o ABSOLUTE
    ../Drivers/STM32L0xx_HAL_Driver/Src/stm32l0xx_hal_rcc.c 0x00000000   Number         0  stm32l0xx_hal_rcc.o ABSOLUTE
    ../Drivers/STM32L0xx_HAL_Driver/Src/stm32l0xx_hal_rcc_ex.c 0x00000000   Number         0  stm32l0xx_hal_rcc_ex.o ABSOLUTE
    ../Drivers/STM32L0xx_HAL_Driver/Src/stm32l0xx_hal_tim.c 0x00000000   Number         0  stm32l0xx_hal_tim.o ABSOLUTE
    ../Drivers/STM32L0xx_HAL_Driver/Src/stm32l0xx_hal_tim_ex.c 0x00000000   Number         0  stm32l0xx_hal_tim_ex.o ABSOLUTE
    ../Drivers/STM32L0xx_HAL_Driver/Src/stm32l0xx_hal_uart.c 0x00000000   Number         0  stm32l0xx_hal_uart.o ABSOLUTE
    ../Drivers/STM32L0xx_HAL_Driver/Src/stm32l0xx_hal_uart_ex.c 0x00000000   Number         0  stm32l0xx_hal_uart_ex.o ABSOLUTE
    ../Src/gpio.c                            0x00000000   Number         0  gpio.o ABSOLUTE
    ../Src/main.c                            0x00000000   Number         0  main.o ABSOLUTE
    ../Src/stm32l0xx_hal_msp.c               0x00000000   Number         0  stm32l0xx_hal_msp.o ABSOLUTE
    ../Src/stm32l0xx_it.c                    0x00000000   Number         0  stm32l0xx_it.o ABSOLUTE
    ../Src/system_stm32l0xx.c                0x00000000   Number         0  system_stm32l0xx.o ABSOLUTE
    ../Src/usart.c                           0x00000000   Number         0  usart.o ABSOLUTE
    ../clib/microlib/division.c              0x00000000   Number         0  uldiv.o ABSOLUTE
    ../clib/microlib/division.c              0x00000000   Number         0  uidiv.o ABSOLUTE
    ../clib/microlib/init/entry.s            0x00000000   Number         0  entry.o ABSOLUTE
    ../clib/microlib/init/entry.s            0x00000000   Number         0  entry10a.o ABSOLUTE
    ../clib/microlib/init/entry.s            0x00000000   Number         0  entry9b.o ABSOLUTE
    ../clib/microlib/init/entry.s            0x00000000   Number         0  entry8b.o ABSOLUTE
    ../clib/microlib/init/entry.s            0x00000000   Number         0  entry8a.o ABSOLUTE
    ../clib/microlib/init/entry.s            0x00000000   Number         0  entry2.o ABSOLUTE
    ../clib/microlib/init/entry.s            0x00000000   Number         0  entry11a.o ABSOLUTE
    ../clib/microlib/init/entry.s            0x00000000   Number         0  entry10b.o ABSOLUTE
    ../clib/microlib/init/entry.s            0x00000000   Number         0  entry7b.o ABSOLUTE
    ../clib/microlib/init/entry.s            0x00000000   Number         0  entry7a.o ABSOLUTE
    ../clib/microlib/init/entry.s            0x00000000   Number         0  entry11b.o ABSOLUTE
    ../clib/microlib/init/entry.s            0x00000000   Number         0  entry5.o ABSOLUTE
    ../clib/microlib/init/entry.s            0x00000000   Number         0  entry9a.o ABSOLUTE
    ../clib/microlib/longlong.c              0x00000000   Number         0  llsshr.o ABSOLUTE
    ../clib/microlib/longlong.c              0x00000000   Number         0  llshl.o ABSOLUTE
    ../clib/microlib/longlong.c              0x00000000   Number         0  llushr.o ABSOLUTE
    ../clib/microlib/printf/printf.c         0x00000000   Number         0  printfb.o ABSOLUTE
    ../clib/microlib/printf/printf.c         0x00000000   Number         0  printf1.o ABSOLUTE
    ../clib/microlib/printf/printf.c         0x00000000   Number         0  printfa.o ABSOLUTE
    ../clib/microlib/printf/printf.c         0x00000000   Number         0  printf0.o ABSOLUTE
    ../clib/microlib/printf/printf.c         0x00000000   Number         0  printf8.o ABSOLUTE
    ../clib/microlib/printf/printf.c         0x00000000   Number         0  printf7.o ABSOLUTE
    ../clib/microlib/printf/printf.c         0x00000000   Number         0  printf6.o ABSOLUTE
    ../clib/microlib/printf/printf.c         0x00000000   Number         0  printf5.o ABSOLUTE
    ../clib/microlib/printf/printf.c         0x00000000   Number         0  printf4.o ABSOLUTE
    ../clib/microlib/printf/printf.c         0x00000000   Number         0  printf3.o ABSOLUTE
    ../clib/microlib/printf/printf.c         0x00000000   Number         0  printf2.o ABSOLUTE
    ../clib/microlib/printf/stubs.s          0x00000000   Number         0  stubs.o ABSOLUTE
    ../clib/microlib/stdio/streams.c         0x00000000   Number         0  stdout.o ABSOLUTE
    ../clib/microlib/string/memcpy.c         0x00000000   Number         0  memcpyb.o ABSOLUTE
    ../clib/microlib/string/memcpy.c         0x00000000   Number         0  memcpya.o ABSOLUTE
    ../clib/microlib/string/memset.c         0x00000000   Number         0  memseta.o ABSOLUTE
    ../clib/microlib/stubs.s                 0x00000000   Number         0  iusefp.o ABSOLUTE
    ../fplib/microlib/fpadd.c                0x00000000   Number         0  dadd.o ABSOLUTE
    ../fplib/microlib/fpdiv.c                0x00000000   Number         0  ddiv.o ABSOLUTE
    ../fplib/microlib/fpepilogue.c           0x00000000   Number         0  depilogue.o ABSOLUTE
    ../fplib/microlib/fpfix.c                0x00000000   Number         0  dfixul.o ABSOLUTE
    ../fplib/microlib/fpmul.c                0x00000000   Number         0  dmul.o ABSOLUTE
    ..\..\..\arch\arm\arm-v7m\common\tos_cpu.c 0x00000000   Number         0  tos_cpu.o ABSOLUTE
    ..\..\..\arch\arm\arm-v7m\cortex-m0+\armcc\port_c.c 0x00000000   Number         0  port_c.o ABSOLUTE
    ..\..\..\arch\arm\arm-v7m\cortex-m0+\armcc\port_s.S 0x00000000   Number         0  port_s.o ABSOLUTE
    ..\..\..\kernel\core\tos_binary_heap.c   0x00000000   Number         0  tos_binary_heap.o ABSOLUTE
    ..\..\..\kernel\core\tos_char_fifo.c     0x00000000   Number         0  tos_char_fifo.o ABSOLUTE
    ..\..\..\kernel\core\tos_completion.c    0x00000000   Number         0  tos_completion.o ABSOLUTE
    ..\..\..\kernel\core\tos_countdownlatch.c 0x00000000   Number         0  tos_countdownlatch.o ABSOLUTE
    ..\..\..\kernel\core\tos_event.c         0x00000000   Number         0  tos_event.o ABSOLUTE
    ..\..\..\kernel\core\tos_global.c        0x00000000   Number         0  tos_global.o ABSOLUTE
    ..\..\..\kernel\core\tos_mail_queue.c    0x00000000   Number         0  tos_mail_queue.o ABSOLUTE
    ..\..\..\kernel\core\tos_message_queue.c 0x00000000   Number         0  tos_message_queue.o ABSOLUTE
    ..\..\..\kernel\core\tos_mmblk.c         0x00000000   Number         0  tos_mmblk.o ABSOLUTE
    ..\..\..\kernel\core\tos_mmheap.c        0x00000000   Number         0  tos_mmheap.o ABSOLUTE
    ..\..\..\kernel\core\tos_mutex.c         0x00000000   Number         0  tos_mutex.o ABSOLUTE
    ..\..\..\kernel\core\tos_pend.c          0x00000000   Number         0  tos_pend.o ABSOLUTE
    ..\..\..\kernel\core\tos_priority_mail_queue.c 0x00000000   Number         0  tos_priority_mail_queue.o ABSOLUTE
    ..\..\..\kernel\core\tos_priority_message_queue.c 0x00000000   Number         0  tos_priority_message_queue.o ABSOLUTE
    ..\..\..\kernel\core\tos_priority_queue.c 0x00000000   Number         0  tos_priority_queue.o ABSOLUTE
    ..\..\..\kernel\core\tos_ring_queue.c    0x00000000   Number         0  tos_ring_queue.o ABSOLUTE
    ..\..\..\kernel\core\tos_robin.c         0x00000000   Number         0  tos_robin.o ABSOLUTE
    ..\..\..\kernel\core\tos_sched.c         0x00000000   Number         0  tos_sched.o ABSOLUTE
    ..\..\..\kernel\core\tos_sem.c           0x00000000   Number         0  tos_sem.o ABSOLUTE
    ..\..\..\kernel\core\tos_sys.c           0x00000000   Number         0  tos_sys.o ABSOLUTE
    ..\..\..\kernel\core\tos_task.c          0x00000000   Number         0  tos_task.o ABSOLUTE
    ..\..\..\kernel\core\tos_tick.c          0x00000000   Number         0  tos_tick.o ABSOLUTE
    ..\..\..\kernel\core\tos_time.c          0x00000000   Number         0  tos_time.o ABSOLUTE
    ..\..\..\kernel\core\tos_timer.c         0x00000000   Number         0  tos_timer.o ABSOLUTE
    ..\..\..\kernel\pm\tos_pm.c              0x00000000   Number         0  tos_pm.o ABSOLUTE
    ..\..\..\kernel\pm\tos_tickless.c        0x00000000   Number         0  tos_tickless.o ABSOLUTE
    ..\..\..\osal\cmsis_os\cmsis_os.c        0x00000000   Number         0  cmsis_os.o ABSOLUTE
    ..\Drivers\STM32L0xx_HAL_Driver\Src\stm32l0xx_hal.c 0x00000000   Number         0  stm32l0xx_hal.o ABSOLUTE
    ..\Drivers\STM32L0xx_HAL_Driver\Src\stm32l0xx_hal_cortex.c 0x00000000   Number         0  stm32l0xx_hal_cortex.o ABSOLUTE
    ..\Drivers\STM32L0xx_HAL_Driver\Src\stm32l0xx_hal_dma.c 0x00000000   Number         0  stm32l0xx_hal_dma.o ABSOLUTE
    ..\Drivers\STM32L0xx_HAL_Driver\Src\stm32l0xx_hal_flash.c 0x00000000   Number         0  stm32l0xx_hal_flash.o ABSOLUTE
    ..\Drivers\STM32L0xx_HAL_Driver\Src\stm32l0xx_hal_flash_ex.c 0x00000000   Number         0  stm32l0xx_hal_flash_ex.o ABSOLUTE
    ..\Drivers\STM32L0xx_HAL_Driver\Src\stm32l0xx_hal_flash_ramfunc.c 0x00000000   Number         0  stm32l0xx_hal_flash_ramfunc.o ABSOLUTE
    ..\Drivers\STM32L0xx_HAL_Driver\Src\stm32l0xx_hal_gpio.c 0x00000000   Number         0  stm32l0xx_hal_gpio.o ABSOLUTE
    ..\Drivers\STM32L0xx_HAL_Driver\Src\stm32l0xx_hal_i2c.c 0x00000000   Number         0  stm32l0xx_hal_i2c.o ABSOLUTE
    ..\Drivers\STM32L0xx_HAL_Driver\Src\stm32l0xx_hal_i2c_ex.c 0x00000000   Number         0  stm32l0xx_hal_i2c_ex.o ABSOLUTE
    ..\Drivers\STM32L0xx_HAL_Driver\Src\stm32l0xx_hal_pwr.c 0x00000000   Number         0  stm32l0xx_hal_pwr.o ABSOLUTE
    ..\Drivers\STM32L0xx_HAL_Driver\Src\stm32l0xx_hal_pwr_ex.c 0x00000000   Number         0  stm32l0xx_hal_pwr_ex.o ABSOLUTE
    ..\Drivers\STM32L0xx_HAL_Driver\Src\stm32l0xx_hal_rcc.c 0x00000000   Number         0  stm32l0xx_hal_rcc.o ABSOLUTE
    ..\Drivers\STM32L0xx_HAL_Driver\Src\stm32l0xx_hal_rcc_ex.c 0x00000000   Number         0  stm32l0xx_hal_rcc_ex.o ABSOLUTE
    ..\Drivers\STM32L0xx_HAL_Driver\Src\stm32l0xx_hal_tim.c 0x00000000   Number         0  stm32l0xx_hal_tim.o ABSOLUTE
    ..\Drivers\STM32L0xx_HAL_Driver\Src\stm32l0xx_hal_tim_ex.c 0x00000000   Number         0  stm32l0xx_hal_tim_ex.o ABSOLUTE
    ..\Drivers\STM32L0xx_HAL_Driver\Src\stm32l0xx_hal_uart.c 0x00000000   Number         0  stm32l0xx_hal_uart.o ABSOLUTE
    ..\Drivers\STM32L0xx_HAL_Driver\Src\stm32l0xx_hal_uart_ex.c 0x00000000   Number         0  stm32l0xx_hal_uart_ex.o ABSOLUTE
    ..\Src\gpio.c                            0x00000000   Number         0  gpio.o ABSOLUTE
    ..\Src\main.c                            0x00000000   Number         0  main.o ABSOLUTE
    ..\Src\stm32l0xx_hal_msp.c               0x00000000   Number         0  stm32l0xx_hal_msp.o ABSOLUTE
    ..\Src\stm32l0xx_it.c                    0x00000000   Number         0  stm32l0xx_it.o ABSOLUTE
    ..\Src\system_stm32l0xx.c                0x00000000   Number         0  system_stm32l0xx.o ABSOLUTE
    ..\Src\usart.c                           0x00000000   Number         0  usart.o ABSOLUTE
    ..\\..\\..\\arch\\arm\\arm-v7m\\common\\tos_cpu.c 0x00000000   Number         0  tos_cpu.o ABSOLUTE
    ..\\..\\..\\arch\\arm\\arm-v7m\\cortex-m0+\\armcc\\port_c.c 0x00000000   Number         0  port_c.o ABSOLUTE
    ..\\..\\..\\kernel\\core\\tos_binary_heap.c 0x00000000   Number         0  tos_binary_heap.o ABSOLUTE
    ..\\..\\..\\kernel\\core\\tos_char_fifo.c 0x00000000   Number         0  tos_char_fifo.o ABSOLUTE
    ..\\..\\..\\kernel\\core\\tos_completion.c 0x00000000   Number         0  tos_completion.o ABSOLUTE
    ..\\..\\..\\kernel\\core\\tos_countdownlatch.c 0x00000000   Number         0  tos_countdownlatch.o ABSOLUTE
    ..\\..\\..\\kernel\\core\\tos_event.c    0x00000000   Number         0  tos_event.o ABSOLUTE
    ..\\..\\..\\kernel\\core\\tos_global.c   0x00000000   Number         0  tos_global.o ABSOLUTE
    ..\\..\\..\\kernel\\core\\tos_mail_queue.c 0x00000000   Number         0  tos_mail_queue.o ABSOLUTE
    ..\\..\\..\\kernel\\core\\tos_message_queue.c 0x00000000   Number         0  tos_message_queue.o ABSOLUTE
    ..\\..\\..\\kernel\\core\\tos_mmblk.c    0x00000000   Number         0  tos_mmblk.o ABSOLUTE
    ..\\..\\..\\kernel\\core\\tos_mmheap.c   0x00000000   Number         0  tos_mmheap.o ABSOLUTE
    ..\\..\\..\\kernel\\core\\tos_mutex.c    0x00000000   Number         0  tos_mutex.o ABSOLUTE
    ..\\..\\..\\kernel\\core\\tos_pend.c     0x00000000   Number         0  tos_pend.o ABSOLUTE
    ..\\..\\..\\kernel\\core\\tos_priority_mail_queue.c 0x00000000   Number         0  tos_priority_mail_queue.o ABSOLUTE
    ..\\..\\..\\kernel\\core\\tos_priority_message_queue.c 0x00000000   Number         0  tos_priority_message_queue.o ABSOLUTE
    ..\\..\\..\\kernel\\core\\tos_priority_queue.c 0x00000000   Number         0  tos_priority_queue.o ABSOLUTE
    ..\\..\\..\\kernel\\core\\tos_ring_queue.c 0x00000000   Number         0  tos_ring_queue.o ABSOLUTE
    ..\\..\\..\\kernel\\core\\tos_robin.c    0x00000000   Number         0  tos_robin.o ABSOLUTE
    ..\\..\\..\\kernel\\core\\tos_sched.c    0x00000000   Number         0  tos_sched.o ABSOLUTE
    ..\\..\\..\\kernel\\core\\tos_sem.c      0x00000000   Number         0  tos_sem.o ABSOLUTE
    ..\\..\\..\\kernel\\core\\tos_sys.c      0x00000000   Number         0  tos_sys.o ABSOLUTE
    ..\\..\\..\\kernel\\core\\tos_task.c     0x00000000   Number         0  tos_task.o ABSOLUTE
    ..\\..\\..\\kernel\\core\\tos_tick.c     0x00000000   Number         0  tos_tick.o ABSOLUTE
    ..\\..\\..\\kernel\\core\\tos_time.c     0x00000000   Number         0  tos_time.o ABSOLUTE
    ..\\..\\..\\kernel\\core\\tos_timer.c    0x00000000   Number         0  tos_timer.o ABSOLUTE
    ..\\..\\..\\kernel\\pm\\tos_pm.c         0x00000000   Number         0  tos_pm.o ABSOLUTE
    ..\\..\\..\\kernel\\pm\\tos_tickless.c   0x00000000   Number         0  tos_tickless.o ABSOLUTE
    ..\\..\\..\\osal\\cmsis_os\\cmsis_os.c   0x00000000   Number         0  cmsis_os.o ABSOLUTE
    cdrcmple.s                               0x00000000   Number         0  cdrcmple.o ABSOLUTE
    dc.s                                     0x00000000   Number         0  dc.o ABSOLUTE
    handlers.s                               0x00000000   Number         0  handlers.o ABSOLUTE
    init.s                                   0x00000000   Number         0  init.o ABSOLUTE
    startup_stm32l051xx.s                    0x00000000   Number         0  startup_stm32l051xx.o ABSOLUTE
    RESET                                    0x08000000   Section      192  startup_stm32l051xx.o(RESET)
    .ARM.Collect$$$$00000000                 0x080000c0   Section        0  entry.o(.ARM.Collect$$$$00000000)
    .ARM.Collect$$$$00000001                 0x080000c0   Section        4  entry2.o(.ARM.Collect$$$$00000001)
    .ARM.Collect$$$$00000004                 0x080000c4   Section        4  entry5.o(.ARM.Collect$$$$00000004)
    .ARM.Collect$$$$00000008                 0x080000c8   Section        0  entry7b.o(.ARM.Collect$$$$00000008)
    .ARM.Collect$$$$0000000A                 0x080000c8   Section        0  entry8b.o(.ARM.Collect$$$$0000000A)
    .ARM.Collect$$$$0000000B                 0x080000c8   Section        8  entry9a.o(.ARM.Collect$$$$0000000B)
    .ARM.Collect$$$$0000000D                 0x080000d0   Section        0  entry10a.o(.ARM.Collect$$$$0000000D)
    .ARM.Collect$$$$0000000F                 0x080000d0   Section        0  entry11a.o(.ARM.Collect$$$$0000000F)
    .ARM.Collect$$$$00002712                 0x080000d0   Section        4  entry2.o(.ARM.Collect$$$$00002712)
    __lit__00000000                          0x080000d0   Data           4  entry2.o(.ARM.Collect$$$$00002712)
    .text                                    0x080000d4   Section       28  startup_stm32l051xx.o(.text)
    .text                                    0x080000f0   Section      156  port_s.o(.text)
    .text                                    0x0800018c   Section        0  uidiv.o(.text)
    .text                                    0x080001b8   Section        0  uldiv.o(.text)
    .text                                    0x08000218   Section        0  memseta.o(.text)
    .text                                    0x0800023c   Section        0  llshl.o(.text)
    .text                                    0x0800025c   Section        0  llushr.o(.text)
    .text                                    0x08000280   Section       36  init.o(.text)
    i.Error_Handler                          0x080002a4   Section        0  main.o(i.Error_Handler)
    i.HAL_GPIO_Init                          0x080002a8   Section        0  stm32l0xx_hal_gpio.o(i.HAL_GPIO_Init)
    i.HAL_GPIO_WritePin                      0x08000494   Section        0  stm32l0xx_hal_gpio.o(i.HAL_GPIO_WritePin)
    i.HAL_GetTick                            0x080004a0   Section        0  stm32l0xx_hal.o(i.HAL_GetTick)
    i.HAL_IncTick                            0x080004ac   Section        0  stm32l0xx_hal.o(i.HAL_IncTick)
    i.HAL_Init                               0x080004bc   Section        0  stm32l0xx_hal.o(i.HAL_Init)
    i.HAL_InitTick                           0x080004e8   Section        0  stm32l0xx_hal.o(i.HAL_InitTick)
    i.HAL_MspInit                            0x0800051c   Section        0  stm32l0xx_hal_msp.o(i.HAL_MspInit)
    i.HAL_NVIC_SetPriority                   0x0800053c   Section        0  stm32l0xx_hal_cortex.o(i.HAL_NVIC_SetPriority)
    i.HAL_RCCEx_PeriphCLKConfig              0x08000550   Section        0  stm32l0xx_hal_rcc_ex.o(i.HAL_RCCEx_PeriphCLKConfig)
    i.HAL_RCC_ClockConfig                    0x0800077c   Section        0  stm32l0xx_hal_rcc.o(i.HAL_RCC_ClockConfig)
    i.HAL_RCC_GetHCLKFreq                    0x08000984   Section        0  stm32l0xx_hal_rcc.o(i.HAL_RCC_GetHCLKFreq)
    i.HAL_RCC_GetPCLK1Freq                   0x08000990   Section        0  stm32l0xx_hal_rcc.o(i.HAL_RCC_GetPCLK1Freq)
    i.HAL_RCC_GetPCLK2Freq                   0x080009b4   Section        0  stm32l0xx_hal_rcc.o(i.HAL_RCC_GetPCLK2Freq)
    i.HAL_RCC_GetSysClockFreq                0x080009d8   Section        0  stm32l0xx_hal_rcc.o(i.HAL_RCC_GetSysClockFreq)
    i.HAL_RCC_OscConfig                      0x08000aa8   Section        0  stm32l0xx_hal_rcc.o(i.HAL_RCC_OscConfig)
    i.HAL_SYSTICK_Config                     0x080010cc   Section        0  stm32l0xx_hal_cortex.o(i.HAL_SYSTICK_Config)
    i.HAL_UART_Init                          0x08001104   Section        0  stm32l0xx_hal_uart.o(i.HAL_UART_Init)
    i.HAL_UART_MspInit                       0x08001184   Section        0  usart.o(i.HAL_UART_MspInit)
    i.HAL_UART_Transmit                      0x080011f0   Section        0  stm32l0xx_hal_uart.o(i.HAL_UART_Transmit)
    i.HardFault_Handler                      0x080012f0   Section        0  stm32l0xx_it.o(i.HardFault_Handler)
    i.MX_GPIO_Init                           0x080012f4   Section        0  gpio.o(i.MX_GPIO_Init)
    i.MX_USART1_UART_Init                    0x080013a0   Section        0  usart.o(i.MX_USART1_UART_Init)
    i.NMI_Handler                            0x080013e4   Section        0  stm32l0xx_it.o(i.NMI_Handler)
    i.NVIC_SetPriority                       0x080013e8   Section        0  stm32l0xx_hal_cortex.o(i.NVIC_SetPriority)
    NVIC_SetPriority                         0x080013e9   Thumb Code   110  stm32l0xx_hal_cortex.o(i.NVIC_SetPriority)
    i.NVIC_SetPriority                       0x08001460   Section        0  port_c.o(i.NVIC_SetPriority)
    NVIC_SetPriority                         0x08001461   Thumb Code   110  port_c.o(i.NVIC_SetPriority)
    i.SVC_Handler                            0x080014d8   Section        0  stm32l0xx_it.o(i.SVC_Handler)
    i.SysTick_Handler                        0x080014da   Section        0  stm32l0xx_it.o(i.SysTick_Handler)
    i.SystemClock_Config                     0x080014f8   Section        0  main.o(i.SystemClock_Config)
    i.SystemInit                             0x08001590   Section        0  system_stm32l0xx.o(i.SystemInit)
    i.UART_AdvFeatureConfig                  0x080015f8   Section        0  stm32l0xx_hal_uart.o(i.UART_AdvFeatureConfig)
    i.UART_CheckIdleState                    0x080016e8   Section        0  stm32l0xx_hal_uart.o(i.UART_CheckIdleState)
    i.UART_SetConfig                         0x08001758   Section        0  stm32l0xx_hal_uart.o(i.UART_SetConfig)
    i.UART_WaitOnFlagUntilTimeout            0x08001b34   Section        0  stm32l0xx_hal_uart.o(i.UART_WaitOnFlagUntilTimeout)
    i.__0printf$5                            0x08001ba0   Section        0  printf5.o(i.__0printf$5)
    i.__ARM_common_ll_muluu                  0x08001bc0   Section        0  stm32l0xx_hal_uart.o(i.__ARM_common_ll_muluu)
    i.__fls                                  0x08001bf0   Section        0  tos_mmheap.o(i.__fls)
    __fls                                    0x08001bf1   Thumb Code    14  tos_mmheap.o(i.__fls)
    i.__scatterload_copy                     0x08001bfe   Section       14  handlers.o(i.__scatterload_copy)
    i.__scatterload_null                     0x08001c0c   Section        2  handlers.o(i.__scatterload_null)
    i.__scatterload_zeroinit                 0x08001c0e   Section       14  handlers.o(i.__scatterload_zeroinit)
    i._list_add                              0x08001c1c   Section        0  tos_sched.o(i._list_add)
    _list_add                                0x08001c1d   Thumb Code    10  tos_sched.o(i._list_add)
    i._list_del                              0x08001c26   Section        0  tos_sched.o(i._list_del)
    _list_del                                0x08001c27   Thumb Code     6  tos_sched.o(i._list_del)
    i._printf_core                           0x08001c2c   Section        0  printf5.o(i._printf_core)
    _printf_core                             0x08001c2d   Thumb Code   688  printf5.o(i._printf_core)
    i.blk_absorb                             0x08001f08   Section        0  tos_mmheap.o(i.blk_absorb)
    blk_absorb                               0x08001f09   Thumb Code    30  tos_mmheap.o(i.blk_absorb)
    i.blk_insert                             0x08001f26   Section        0  tos_mmheap.o(i.blk_insert)
    blk_insert                               0x08001f27   Thumb Code    32  tos_mmheap.o(i.blk_insert)
    i.blk_link_next                          0x08001f46   Section        0  tos_mmheap.o(i.blk_link_next)
    blk_link_next                            0x08001f47   Thumb Code    18  tos_mmheap.o(i.blk_link_next)
    i.blk_mark_as_free                       0x08001f58   Section        0  tos_mmheap.o(i.blk_mark_as_free)
    blk_mark_as_free                         0x08001f59   Thumb Code    26  tos_mmheap.o(i.blk_mark_as_free)
    i.blk_merge_next                         0x08001f72   Section        0  tos_mmheap.o(i.blk_merge_next)
    blk_merge_next                           0x08001f73   Thumb Code    44  tos_mmheap.o(i.blk_merge_next)
    i.blk_merge_prev                         0x08001f9e   Section        0  tos_mmheap.o(i.blk_merge_prev)
    blk_merge_prev                           0x08001f9f   Thumb Code    42  tos_mmheap.o(i.blk_merge_prev)
    i.blk_next                               0x08001fc8   Section        0  tos_mmheap.o(i.blk_next)
    blk_next                                 0x08001fc9   Thumb Code    32  tos_mmheap.o(i.blk_next)
    i.blk_remove                             0x08001fe8   Section        0  tos_mmheap.o(i.blk_remove)
    blk_remove                               0x08001fe9   Thumb Code    32  tos_mmheap.o(i.blk_remove)
    i.blk_set_free                           0x08002008   Section        0  tos_mmheap.o(i.blk_set_free)
    blk_set_free                             0x08002009   Thumb Code    10  tos_mmheap.o(i.blk_set_free)
    i.blk_set_prev_free                      0x08002012   Section        0  tos_mmheap.o(i.blk_set_prev_free)
    blk_set_prev_free                        0x08002013   Thumb Code    10  tos_mmheap.o(i.blk_set_prev_free)
    i.blk_set_prev_used                      0x0800201c   Section        0  tos_mmheap.o(i.blk_set_prev_used)
    blk_set_prev_used                        0x0800201d   Thumb Code    10  tos_mmheap.o(i.blk_set_prev_used)
    i.blk_set_size                           0x08002026   Section        0  tos_mmheap.o(i.blk_set_size)
    blk_set_size                             0x08002027   Thumb Code    12  tos_mmheap.o(i.blk_set_size)
    i.blk_set_used                           0x08002032   Section        0  tos_mmheap.o(i.blk_set_used)
    blk_set_used                             0x08002033   Thumb Code    10  tos_mmheap.o(i.blk_set_used)
    i.blk_size                               0x0800203c   Section        0  tos_mmheap.o(i.blk_size)
    blk_size                                 0x0800203d   Thumb Code    10  tos_mmheap.o(i.blk_size)
    i.blk_to_ptr                             0x08002046   Section        0  tos_mmheap.o(i.blk_to_ptr)
    blk_to_ptr                               0x08002047   Thumb Code     8  tos_mmheap.o(i.blk_to_ptr)
    i.cpu_context_switch                     0x0800204e   Section        0  tos_cpu.o(i.cpu_context_switch)
    i.cpu_init                               0x08002058   Section        0  tos_cpu.o(i.cpu_init)
    i.cpu_irq_context_switch                 0x08002080   Section        0  tos_cpu.o(i.cpu_irq_context_switch)
    i.cpu_sched_start                        0x08002088   Section        0  tos_cpu.o(i.cpu_sched_start)
    i.cpu_systick_init                       0x0800208c   Section        0  tos_cpu.o(i.cpu_systick_init)
    i.cpu_task_stk_init                      0x080020a0   Section        0  tos_cpu.o(i.cpu_task_stk_init)
    i.entry_task_demo                        0x08002164   Section        0  main.o(i.entry_task_demo)
    i.fputc                                  0x080022b8   Section        0  usart.o(i.fputc)
    i.generic_fls                            0x080022d4   Section        0  tos_mmheap.o(i.generic_fls)
    generic_fls                              0x080022d5   Thumb Code    74  tos_mmheap.o(i.generic_fls)
    i.insert_free_block                      0x08002320   Section        0  tos_mmheap.o(i.insert_free_block)
    insert_free_block                        0x08002321   Thumb Code    74  tos_mmheap.o(i.insert_free_block)
    i.knl_idle_entry                         0x08002370   Section        0  tos_sys.o(i.knl_idle_entry)
    knl_idle_entry                           0x08002371   Thumb Code    10  tos_sys.o(i.knl_idle_entry)
    i.knl_idle_init                          0x0800237c   Section        0  tos_sys.o(i.knl_idle_init)
    i.knl_is_idle                            0x080023bc   Section        0  tos_sys.o(i.knl_is_idle)
    i.knl_is_inirq                           0x080023d0   Section        0  tos_sys.o(i.knl_is_inirq)
    i.knl_is_sched_locked                    0x080023e4   Section        0  tos_sys.o(i.knl_is_sched_locked)
    i.knl_is_self                            0x080023f8   Section        0  tos_sys.o(i.knl_is_self)
    i.knl_object_verify                      0x08002410   Section        0  tos_mmblk.o(i.knl_object_verify)
    knl_object_verify                        0x08002411   Thumb Code    16  tos_mmblk.o(i.knl_object_verify)
    i.knl_object_verify                      0x08002420   Section        0  tos_task.o(i.knl_object_verify)
    knl_object_verify                        0x08002421   Thumb Code    16  tos_task.o(i.knl_object_verify)
    i.knl_sched                              0x08002430   Section        0  tos_sys.o(i.knl_sched)
    i.main                                   0x0800249c   Section        0  main.o(i.main)
    i.mapping_insert                         0x08002510   Section        0  tos_mmheap.o(i.mapping_insert)
    mapping_insert                           0x08002511   Thumb Code    54  tos_mmheap.o(i.mapping_insert)
    i.mmheap_ctl_init                        0x08002548   Section        0  tos_mmheap.o(i.mmheap_ctl_init)
    mmheap_ctl_init                          0x08002549   Thumb Code    90  tos_mmheap.o(i.mmheap_ctl_init)
    i.mmheap_init_with_pool                  0x080025a8   Section        0  tos_mmheap.o(i.mmheap_init_with_pool)
    i.mmheap_pool_is_exist                   0x080025bc   Section        0  tos_mmheap.o(i.mmheap_pool_is_exist)
    mmheap_pool_is_exist                     0x080025bd   Thumb Code    38  tos_mmheap.o(i.mmheap_pool_is_exist)
    i.mutex_old_owner_release                0x080025e8   Section        0  tos_mutex.o(i.mutex_old_owner_release)
    mutex_old_owner_release                  0x080025e9   Thumb Code    74  tos_mutex.o(i.mutex_old_owner_release)
    i.mutex_release                          0x08002632   Section        0  tos_mutex.o(i.mutex_release)
    i.offset_to_blk                          0x08002646   Section        0  tos_mmheap.o(i.offset_to_blk)
    offset_to_blk                            0x08002647   Thumb Code     6  tos_mmheap.o(i.offset_to_blk)
    i.pend_highest_pending_prio_get          0x0800264c   Section        0  tos_pend.o(i.pend_highest_pending_prio_get)
    i.pend_list_add                          0x08002670   Section        0  tos_pend.o(i.pend_list_add)
    pend_list_add                            0x08002671   Thumb Code    76  tos_pend.o(i.pend_list_add)
    i.pend_list_adjust                       0x080026bc   Section        0  tos_pend.o(i.pend_list_adjust)
    i.pend_list_remove                       0x080026d2   Section        0  tos_pend.o(i.pend_list_remove)
    i.pend_task_wakeup                       0x080026f0   Section        0  tos_pend.o(i.pend_task_wakeup)
    i.pend_wakeup_all                        0x08002736   Section        0  tos_pend.o(i.pend_wakeup_all)
    i.port_systick_config                    0x08002764   Section        0  port_c.o(i.port_systick_config)
    i.port_systick_priority_set              0x08002798   Section        0  port_c.o(i.port_systick_priority_set)
    i.readyqueue_add                         0x080027a8   Section        0  tos_sched.o(i.readyqueue_add)
    i.readyqueue_add_head                    0x080027cc   Section        0  tos_sched.o(i.readyqueue_add_head)
    i.readyqueue_add_tail                    0x08002800   Section        0  tos_sched.o(i.readyqueue_add_tail)
    i.readyqueue_highest_ready_task_get      0x0800282c   Section        0  tos_sched.o(i.readyqueue_highest_ready_task_get)
    i.readyqueue_init                        0x08002844   Section        0  tos_sched.o(i.readyqueue_init)
    i.readyqueue_prio_highest_get            0x08002884   Section        0  tos_sched.o(i.readyqueue_prio_highest_get)
    readyqueue_prio_highest_get              0x08002885   Thumb Code    36  tos_sched.o(i.readyqueue_prio_highest_get)
    i.readyqueue_prio_mark                   0x080028ac   Section        0  tos_sched.o(i.readyqueue_prio_mark)
    readyqueue_prio_mark                     0x080028ad   Thumb Code    52  tos_sched.o(i.readyqueue_prio_mark)
    i.readyqueue_remove                      0x080028e4   Section        0  tos_sched.o(i.readyqueue_remove)
    i.remove_free_block                      0x08002948   Section        0  tos_mmheap.o(i.remove_free_block)
    remove_free_block                        0x08002949   Thumb Code    94  tos_mmheap.o(i.remove_free_block)
    i.task_destroy_dyn                       0x080029ac   Section        0  tos_task.o(i.task_destroy_dyn)
    task_destroy_dyn                         0x080029ad   Thumb Code    64  tos_task.o(i.task_destroy_dyn)
    i.task_destroy_static                    0x080029f0   Section        0  tos_task.o(i.task_destroy_static)
    task_destroy_static                      0x080029f1   Thumb Code   122  tos_task.o(i.task_destroy_static)
    i.task_do_destroy                        0x08002a7c   Section        0  tos_task.o(i.task_do_destroy)
    task_do_destroy                          0x08002a7d   Thumb Code   138  tos_task.o(i.task_do_destroy)
    i.task_exit                              0x08002b0c   Section        0  tos_task.o(i.task_exit)
    task_exit                                0x08002b0d   Thumb Code    10  tos_task.o(i.task_exit)
    i.task_free                              0x08002b16   Section        0  tos_task.o(i.task_free)
    task_free                                0x08002b17   Thumb Code    18  tos_task.o(i.task_free)
    i.task_free_all                          0x08002b28   Section        0  tos_task.o(i.task_free_all)
    i.task_highest_pending_prio_get          0x08002b78   Section        0  tos_task.o(i.task_highest_pending_prio_get)
    task_highest_pending_prio_get            0x08002b79   Thumb Code    50  tos_task.o(i.task_highest_pending_prio_get)
    i.task_mutex_release                     0x08002baa   Section        0  tos_task.o(i.task_mutex_release)
    task_mutex_release                       0x08002bab   Thumb Code    46  tos_task.o(i.task_mutex_release)
    i.task_reset                             0x08002bd8   Section        0  tos_task.o(i.task_reset)
    task_reset                               0x08002bd9   Thumb Code    82  tos_task.o(i.task_reset)
    i.task_state_is_pending                  0x08002c2a   Section        0  tos_task.o(i.task_state_is_pending)
    task_state_is_pending                    0x08002c2b   Thumb Code    10  tos_task.o(i.task_state_is_pending)
    i.task_state_is_ready                    0x08002c34   Section        0  tos_task.o(i.task_state_is_ready)
    task_state_is_ready                      0x08002c35   Thumb Code    16  tos_task.o(i.task_state_is_ready)
    i.tick_list_remove                       0x08002c44   Section        0  tos_tick.o(i.tick_list_remove)
    i.tick_task_takeoff                      0x08002c5c   Section        0  tos_tick.o(i.tick_task_takeoff)
    tick_task_takeoff                        0x08002c5d   Thumb Code   106  tos_tick.o(i.tick_task_takeoff)
    i.tick_update                            0x08002ccc   Section        0  tos_tick.o(i.tick_update)
    i.timer_init                             0x08002d70   Section        0  tos_timer.o(i.timer_init)
    i.timer_place                            0x08002d74   Section        0  tos_timer.o(i.timer_place)
    timer_place                              0x08002d75   Thumb Code   120  tos_timer.o(i.timer_place)
    i.timer_takeoff                          0x08002df4   Section        0  tos_timer.o(i.timer_takeoff)
    timer_takeoff                            0x08002df5   Thumb Code   102  tos_timer.o(i.timer_takeoff)
    i.timer_update                           0x08002e60   Section        0  tos_timer.o(i.timer_update)
    i.tos_cpu_clz                            0x08002edc   Section        0  tos_cpu.o(i.tos_cpu_clz)
    i.tos_cpu_cpsr_restore                   0x08002f22   Section        0  tos_cpu.o(i.tos_cpu_cpsr_restore)
    i.tos_cpu_cpsr_save                      0x08002f2e   Section        0  tos_cpu.o(i.tos_cpu_cpsr_save)
    i.tos_knl_init                           0x08002f38   Section        0  tos_sys.o(i.tos_knl_init)
    i.tos_knl_irq_enter                      0x08002f7c   Section        0  tos_sys.o(i.tos_knl_irq_enter)
    i.tos_knl_irq_leave                      0x08002fb0   Section        0  tos_sys.o(i.tos_knl_irq_leave)
    i.tos_knl_is_running                     0x08003048   Section        0  tos_sys.o(i.tos_knl_is_running)
    i.tos_knl_sched_lock                     0x0800305c   Section        0  tos_sys.o(i.tos_knl_sched_lock)
    i.tos_knl_sched_unlock                   0x080030c0   Section        0  tos_sys.o(i.tos_knl_sched_unlock)
    i.tos_knl_start                          0x08003128   Section        0  tos_sys.o(i.tos_knl_start)
    i.tos_list_add                           0x0800316c   Section        0  tos_task.o(i.tos_list_add)
    tos_list_add                             0x0800316d   Thumb Code    14  tos_task.o(i.tos_list_add)
    i.tos_list_add_tail                      0x0800317a   Section        0  tos_sched.o(i.tos_list_add_tail)
    tos_list_add_tail                        0x0800317b   Thumb Code    18  tos_sched.o(i.tos_list_add_tail)
    i.tos_list_del                           0x0800318c   Section        0  tos_pend.o(i.tos_list_del)
    tos_list_del                             0x0800318d   Thumb Code    12  tos_pend.o(i.tos_list_del)
    i.tos_list_del                           0x08003198   Section        0  tos_task.o(i.tos_list_del)
    tos_list_del                             0x08003199   Thumb Code    12  tos_task.o(i.tos_list_del)
    i.tos_list_empty                         0x080031a4   Section        0  tos_pend.o(i.tos_list_empty)
    tos_list_empty                           0x080031a5   Thumb Code    16  tos_pend.o(i.tos_list_empty)
    i.tos_list_empty                         0x080031b4   Section        0  tos_sched.o(i.tos_list_empty)
    tos_list_empty                           0x080031b5   Thumb Code    16  tos_sched.o(i.tos_list_empty)
    i.tos_list_empty                         0x080031c4   Section        0  tos_task.o(i.tos_list_empty)
    tos_list_empty                           0x080031c5   Thumb Code    16  tos_task.o(i.tos_list_empty)
    i.tos_list_empty                         0x080031d4   Section        0  tos_tick.o(i.tos_list_empty)
    tos_list_empty                           0x080031d5   Thumb Code    16  tos_tick.o(i.tos_list_empty)
    i.tos_list_init                          0x080031e4   Section        0  tos_task.o(i.tos_list_init)
    tos_list_init                            0x080031e5   Thumb Code     6  tos_task.o(i.tos_list_init)
    i.tos_mmblk_alloc                        0x080031ec   Section        0  tos_mmblk.o(i.tos_mmblk_alloc)
    i.tos_mmblk_free                         0x0800326c   Section        0  tos_mmblk.o(i.tos_mmblk_free)
    i.tos_mmblk_pool_create                  0x080032fc   Section        0  tos_mmblk.o(i.tos_mmblk_pool_create)
    i.tos_mmheap_free                        0x080033a0   Section        0  tos_mmheap.o(i.tos_mmheap_free)
    i.tos_mmheap_pool_add                    0x080033d4   Section        0  tos_mmheap.o(i.tos_mmheap_pool_add)
    i.tos_task_create                        0x08003494   Section        0  tos_task.o(i.tos_task_create)
    i.tos_task_destroy                       0x080035d8   Section        0  tos_task.o(i.tos_task_destroy)
    i.tos_task_prio_change                   0x08003668   Section        0  tos_task.o(i.tos_task_prio_change)
    i.tos_tick_handler                       0x08003778   Section        0  tos_tick.o(i.tos_tick_handler)
    .constdata                               0x0800379c   Section       33  system_stm32l0xx.o(.constdata)
    .constdata                               0x080037c0   Section        8  tos_global.o(.constdata)
    .data                                    0x20000000   Section        4  stm32l0xx_hal.o(.data)
    .data                                    0x20000004   Section        4  system_stm32l0xx.o(.data)
    .data                                    0x20000008   Section       60  tos_global.o(.data)
    .data                                    0x20000044   Section        4  stdout.o(.data)
    .bss                                     0x20000048   Section      828  main.o(.bss)
    .bss                                     0x20000384   Section      128  usart.o(.bss)
    .bss                                     0x20000404   Section     4172  tos_global.o(.bss)
    STACK                                    0x20001450   Section     1024  startup_stm32l051xx.o(STACK)

    Global Symbols

    Symbol Name                              Value     Ov Type        Size  Object(Section)

    BuildAttributes$$THM_ISAv3M$S$PE$A:L22$X:L11$S22$IEEE1$IW$USESV6$~STKCKD$USESV7$~SHL$OSPACE$ROPI$EBA8$MICROLIB$REQ8$PRES8$EABIv2 0x00000000   Number         0  anon$$obj.o ABSOLUTE
    __ARM_use_no_argv                        0x00000000   Number         0  main.o ABSOLUTE
    _printf_a                                0x00000000   Number         0  stubs.o ABSOLUTE
    _printf_c                                0x00000000   Number         0  stubs.o ABSOLUTE
    _printf_charcount                        0x00000000   Number         0  stubs.o ABSOLUTE
    _printf_d                                0x00000000   Number         0  stubs.o ABSOLUTE
    _printf_e                                0x00000000   Number         0  stubs.o ABSOLUTE
    _printf_f                                0x00000000   Number         0  stubs.o ABSOLUTE
    _printf_flags                            0x00000000   Number         0  stubs.o ABSOLUTE
    _printf_fp_dec                           0x00000000   Number         0  stubs.o ABSOLUTE
    _printf_fp_hex                           0x00000000   Number         0  stubs.o ABSOLUTE
    _printf_g                                0x00000000   Number         0  stubs.o ABSOLUTE
    _printf_i                                0x00000000   Number         0  stubs.o ABSOLUTE
    _printf_int_dec                          0x00000000   Number         0  stubs.o ABSOLUTE
    _printf_l                                0x00000000   Number         0  stubs.o ABSOLUTE
    _printf_lc                               0x00000000   Number         0  stubs.o ABSOLUTE
    _printf_ll                               0x00000000   Number         0  stubs.o ABSOLUTE
    _printf_lld                              0x00000000   Number         0  stubs.o ABSOLUTE
    _printf_lli                              0x00000000   Number         0  stubs.o ABSOLUTE
    _printf_llo                              0x00000000   Number         0  stubs.o ABSOLUTE
    _printf_llu                              0x00000000   Number         0  stubs.o ABSOLUTE
    _printf_llx                              0x00000000   Number         0  stubs.o ABSOLUTE
    _printf_longlong_dec                     0x00000000   Number         0  stubs.o ABSOLUTE
    _printf_longlong_hex                     0x00000000   Number         0  stubs.o ABSOLUTE
    _printf_longlong_oct                     0x00000000   Number         0  stubs.o ABSOLUTE
    _printf_ls                               0x00000000   Number         0  stubs.o ABSOLUTE
    _printf_mbtowc                           0x00000000   Number         0  stubs.o ABSOLUTE
    _printf_n                                0x00000000   Number         0  stubs.o ABSOLUTE
    _printf_o                                0x00000000   Number         0  stubs.o ABSOLUTE
    _printf_p                                0x00000000   Number         0  stubs.o ABSOLUTE
    _printf_percent                          0x00000000   Number         0  stubs.o ABSOLUTE
    _printf_pre_padding                      0x00000000   Number         0  stubs.o ABSOLUTE
    _printf_return_value                     0x00000000   Number         0  stubs.o ABSOLUTE
    _printf_s                                0x00000000   Number         0  stubs.o ABSOLUTE
    _printf_sizespec                         0x00000000   Number         0  stubs.o ABSOLUTE
    _printf_str                              0x00000000   Number         0  stubs.o ABSOLUTE
    _printf_truncate_signed                  0x00000000   Number         0  stubs.o ABSOLUTE
    _printf_truncate_unsigned                0x00000000   Number         0  stubs.o ABSOLUTE
    _printf_u                                0x00000000   Number         0  stubs.o ABSOLUTE
    _printf_wc                               0x00000000   Number         0  stubs.o ABSOLUTE
    _printf_wctomb                           0x00000000   Number         0  stubs.o ABSOLUTE
    _printf_widthprec                        0x00000000   Number         0  stubs.o ABSOLUTE
    _printf_x                                0x00000000   Number         0  stubs.o ABSOLUTE
    __cpp_initialize__aeabi_                  - Undefined Weak Reference
    __cxa_finalize                            - Undefined Weak Reference
    __decompress                              - Undefined Weak Reference
    _clock_init                               - Undefined Weak Reference
    _microlib_exit                            - Undefined Weak Reference
    __Vectors_Size                           0x000000c0   Number         0  startup_stm32l051xx.o ABSOLUTE
    __Vectors                                0x08000000   Data           4  startup_stm32l051xx.o(RESET)
    __Vectors_End                            0x080000c0   Data           0  startup_stm32l051xx.o(RESET)
    __main                                   0x080000c1   Thumb Code     0  entry.o(.ARM.Collect$$$$00000000)
    _main_stk                                0x080000c1   Thumb Code     0  entry2.o(.ARM.Collect$$$$00000001)
    _main_scatterload                        0x080000c5   Thumb Code     0  entry5.o(.ARM.Collect$$$$00000004)
    __main_after_scatterload                 0x080000c9   Thumb Code     0  entry5.o(.ARM.Collect$$$$00000004)
    _main_clock                              0x080000c9   Thumb Code     0  entry7b.o(.ARM.Collect$$$$00000008)
    _main_cpp_init                           0x080000c9   Thumb Code     0  entry8b.o(.ARM.Collect$$$$0000000A)
    _main_init                               0x080000c9   Thumb Code     0  entry9a.o(.ARM.Collect$$$$0000000B)
    __rt_final_cpp                           0x080000d1   Thumb Code     0  entry10a.o(.ARM.Collect$$$$0000000D)
    __rt_final_exit                          0x080000d1   Thumb Code     0  entry11a.o(.ARM.Collect$$$$0000000F)
    Reset_Handler                            0x080000d5   Thumb Code     8  startup_stm32l051xx.o(.text)
    ADC1_COMP_IRQHandler                     0x080000e7   Thumb Code     0  startup_stm32l051xx.o(.text)
    DMA1_Channel1_IRQHandler                 0x080000e7   Thumb Code     0  startup_stm32l051xx.o(.text)
    DMA1_Channel2_3_IRQHandler               0x080000e7   Thumb Code     0  startup_stm32l051xx.o(.text)
    DMA1_Channel4_5_6_7_IRQHandler           0x080000e7   Thumb Code     0  startup_stm32l051xx.o(.text)
    EXTI0_1_IRQHandler                       0x080000e7   Thumb Code     0  startup_stm32l051xx.o(.text)
    EXTI2_3_IRQHandler                       0x080000e7   Thumb Code     0  startup_stm32l051xx.o(.text)
    EXTI4_15_IRQHandler                      0x080000e7   Thumb Code     0  startup_stm32l051xx.o(.text)
    FLASH_IRQHandler                         0x080000e7   Thumb Code     0  startup_stm32l051xx.o(.text)
    I2C1_IRQHandler                          0x080000e7   Thumb Code     0  startup_stm32l051xx.o(.text)
    I2C2_IRQHandler                          0x080000e7   Thumb Code     0  startup_stm32l051xx.o(.text)
    LPTIM1_IRQHandler                        0x080000e7   Thumb Code     0  startup_stm32l051xx.o(.text)
    LPUART1_IRQHandler                       0x080000e7   Thumb Code     0  startup_stm32l051xx.o(.text)
    PVD_IRQHandler                           0x080000e7   Thumb Code     0  startup_stm32l051xx.o(.text)
    RCC_IRQHandler                           0x080000e7   Thumb Code     0  startup_stm32l051xx.o(.text)
    RTC_IRQHandler                           0x080000e7   Thumb Code     0  startup_stm32l051xx.o(.text)
    SPI1_IRQHandler                          0x080000e7   Thumb Code     0  startup_stm32l051xx.o(.text)
    SPI2_IRQHandler                          0x080000e7   Thumb Code     0  startup_stm32l051xx.o(.text)
    TIM21_IRQHandler                         0x080000e7   Thumb Code     0  startup_stm32l051xx.o(.text)
    TIM22_IRQHandler                         0x080000e7   Thumb Code     0  startup_stm32l051xx.o(.text)
    TIM2_IRQHandler                          0x080000e7   Thumb Code     0  startup_stm32l051xx.o(.text)
    TIM6_IRQHandler                          0x080000e7   Thumb Code     0  startup_stm32l051xx.o(.text)
    USART1_IRQHandler                        0x080000e7   Thumb Code     0  startup_stm32l051xx.o(.text)
    USART2_IRQHandler                        0x080000e7   Thumb Code     0  startup_stm32l051xx.o(.text)
    WWDG_IRQHandler                          0x080000e7   Thumb Code     0  startup_stm32l051xx.o(.text)
    port_int_disable                         0x080000f1   Thumb Code     0  port_s.o(.text)
    port_int_enable                          0x080000f5   Thumb Code     0  port_s.o(.text)
    port_cpsr_save                           0x080000f9   Thumb Code     0  port_s.o(.text)
    port_cpsr_restore                        0x08000101   Thumb Code     0  port_s.o(.text)
    port_sched_start                         0x08000107   Thumb Code     0  port_s.o(.text)
    port_context_switch                      0x0800011d   Thumb Code     0  port_s.o(.text)
    port_irq_context_switch                  0x08000125   Thumb Code     0  port_s.o(.text)
    PendSV_Handler                           0x0800012d   Thumb Code     0  port_s.o(.text)
    __aeabi_uidiv                            0x0800018d   Thumb Code     0  uidiv.o(.text)
    __aeabi_uidivmod                         0x0800018d   Thumb Code    44  uidiv.o(.text)
    __aeabi_uldivmod                         0x080001b9   Thumb Code    96  uldiv.o(.text)
    __aeabi_memset                           0x08000219   Thumb Code    14  memseta.o(.text)
    __aeabi_memset4                          0x08000219   Thumb Code     0  memseta.o(.text)
    __aeabi_memset8                          0x08000219   Thumb Code     0  memseta.o(.text)
    __aeabi_memclr                           0x08000227   Thumb Code     4  memseta.o(.text)
    __aeabi_memclr4                          0x08000227   Thumb Code     0  memseta.o(.text)
    __aeabi_memclr8                          0x08000227   Thumb Code     0  memseta.o(.text)
    _memset$wrapper                          0x0800022b   Thumb Code    18  memseta.o(.text)
    __aeabi_llsl                             0x0800023d   Thumb Code    32  llshl.o(.text)
    _ll_shift_l                              0x0800023d   Thumb Code     0  llshl.o(.text)
    __aeabi_llsr                             0x0800025d   Thumb Code    34  llushr.o(.text)
    _ll_ushift_r                             0x0800025d   Thumb Code     0  llushr.o(.text)
    __scatterload                            0x08000281   Thumb Code    28  init.o(.text)
    __scatterload_rt2                        0x08000281   Thumb Code     0  init.o(.text)
    Error_Handler                            0x080002a5   Thumb Code     2  main.o(i.Error_Handler)
    HAL_GPIO_Init                            0x080002a9   Thumb Code   462  stm32l0xx_hal_gpio.o(i.HAL_GPIO_Init)
    HAL_GPIO_WritePin                        0x08000495   Thumb Code    12  stm32l0xx_hal_gpio.o(i.HAL_GPIO_WritePin)
    HAL_GetTick                              0x080004a1   Thumb Code     6  stm32l0xx_hal.o(i.HAL_GetTick)
    HAL_IncTick                              0x080004ad   Thumb Code    12  stm32l0xx_hal.o(i.HAL_IncTick)
    HAL_Init                                 0x080004bd   Thumb Code    38  stm32l0xx_hal.o(i.HAL_Init)
    HAL_InitTick                             0x080004e9   Thumb Code    46  stm32l0xx_hal.o(i.HAL_InitTick)
    HAL_MspInit                              0x0800051d   Thumb Code    26  stm32l0xx_hal_msp.o(i.HAL_MspInit)
    HAL_NVIC_SetPriority                     0x0800053d   Thumb Code    18  stm32l0xx_hal_cortex.o(i.HAL_NVIC_SetPriority)
    HAL_RCCEx_PeriphCLKConfig                0x08000551   Thumb Code   542  stm32l0xx_hal_rcc_ex.o(i.HAL_RCCEx_PeriphCLKConfig)
    HAL_RCC_ClockConfig                      0x0800077d   Thumb Code   498  stm32l0xx_hal_rcc.o(i.HAL_RCC_ClockConfig)
    HAL_RCC_GetHCLKFreq                      0x08000985   Thumb Code     6  stm32l0xx_hal_rcc.o(i.HAL_RCC_GetHCLKFreq)
    HAL_RCC_GetPCLK1Freq                     0x08000991   Thumb Code    26  stm32l0xx_hal_rcc.o(i.HAL_RCC_GetPCLK1Freq)
    HAL_RCC_GetPCLK2Freq                     0x080009b5   Thumb Code    26  stm32l0xx_hal_rcc.o(i.HAL_RCC_GetPCLK2Freq)
    HAL_RCC_GetSysClockFreq                  0x080009d9   Thumb Code   186  stm32l0xx_hal_rcc.o(i.HAL_RCC_GetSysClockFreq)
    HAL_RCC_OscConfig                        0x08000aa9   Thumb Code  1558  stm32l0xx_hal_rcc.o(i.HAL_RCC_OscConfig)
    HAL_SYSTICK_Config                       0x080010cd   Thumb Code    46  stm32l0xx_hal_cortex.o(i.HAL_SYSTICK_Config)
    HAL_UART_Init                            0x08001105   Thumb Code   126  stm32l0xx_hal_uart.o(i.HAL_UART_Init)
    HAL_UART_MspInit                         0x08001185   Thumb Code   100  usart.o(i.HAL_UART_MspInit)
    HAL_UART_Transmit                        0x080011f1   Thumb Code   256  stm32l0xx_hal_uart.o(i.HAL_UART_Transmit)
    HardFault_Handler                        0x080012f1   Thumb Code     4  stm32l0xx_it.o(i.HardFault_Handler)
    MX_GPIO_Init                             0x080012f5   Thumb Code   160  gpio.o(i.MX_GPIO_Init)
    MX_USART1_UART_Init                      0x080013a1   Thumb Code    58  usart.o(i.MX_USART1_UART_Init)
    NMI_Handler                              0x080013e5   Thumb Code     2  stm32l0xx_it.o(i.NMI_Handler)
    SVC_Handler                              0x080014d9   Thumb Code     2  stm32l0xx_it.o(i.SVC_Handler)
    SysTick_Handler                          0x080014db   Thumb Code    28  stm32l0xx_it.o(i.SysTick_Handler)
    SystemClock_Config                       0x080014f9   Thumb Code   148  main.o(i.SystemClock_Config)
    SystemInit                               0x08001591   Thumb Code    88  system_stm32l0xx.o(i.SystemInit)
    UART_AdvFeatureConfig                    0x080015f9   Thumb Code   240  stm32l0xx_hal_uart.o(i.UART_AdvFeatureConfig)
    UART_CheckIdleState                      0x080016e9   Thumb Code   106  stm32l0xx_hal_uart.o(i.UART_CheckIdleState)
    UART_SetConfig                           0x08001759   Thumb Code   942  stm32l0xx_hal_uart.o(i.UART_SetConfig)
    UART_WaitOnFlagUntilTimeout              0x08001b35   Thumb Code   108  stm32l0xx_hal_uart.o(i.UART_WaitOnFlagUntilTimeout)
    __0printf$5                              0x08001ba1   Thumb Code    24  printf5.o(i.__0printf$5)
    __1printf$5                              0x08001ba1   Thumb Code     0  printf5.o(i.__0printf$5)
    __2printf                                0x08001ba1   Thumb Code     0  printf5.o(i.__0printf$5)
    __ARM_common_ll_muluu                    0x08001bc1   Thumb Code    48  stm32l0xx_hal_uart.o(i.__ARM_common_ll_muluu)
    __scatterload_copy                       0x08001bff   Thumb Code    14  handlers.o(i.__scatterload_copy)
    __scatterload_null                       0x08001c0d   Thumb Code     2  handlers.o(i.__scatterload_null)
    __scatterload_zeroinit                   0x08001c0f   Thumb Code    14  handlers.o(i.__scatterload_zeroinit)
    cpu_context_switch                       0x0800204f   Thumb Code     8  tos_cpu.o(i.cpu_context_switch)
    cpu_init                                 0x08002059   Thumb Code    28  tos_cpu.o(i.cpu_init)
    cpu_irq_context_switch                   0x08002081   Thumb Code     8  tos_cpu.o(i.cpu_irq_context_switch)
    cpu_sched_start                          0x08002089   Thumb Code     4  tos_cpu.o(i.cpu_sched_start)
    cpu_systick_init                         0x0800208d   Thumb Code    18  tos_cpu.o(i.cpu_systick_init)
    cpu_task_stk_init                        0x080020a1   Thumb Code   152  tos_cpu.o(i.cpu_task_stk_init)
    entry_task_demo                          0x08002165   Thumb Code   168  main.o(i.entry_task_demo)
    fputc                                    0x080022b9   Thumb Code    20  usart.o(i.fputc)
    knl_idle_init                            0x0800237d   Thumb Code    38  tos_sys.o(i.knl_idle_init)
    knl_is_idle                              0x080023bd   Thumb Code    16  tos_sys.o(i.knl_is_idle)
    knl_is_inirq                             0x080023d1   Thumb Code    16  tos_sys.o(i.knl_is_inirq)
    knl_is_sched_locked                      0x080023e5   Thumb Code    16  tos_sys.o(i.knl_is_sched_locked)
    knl_is_self                              0x080023f9   Thumb Code    18  tos_sys.o(i.knl_is_self)
    knl_sched                                0x08002431   Thumb Code   104  tos_sys.o(i.knl_sched)
    main                                     0x0800249d   Thumb Code    72  main.o(i.main)
    mmheap_init_with_pool                    0x080025a9   Thumb Code    20  tos_mmheap.o(i.mmheap_init_with_pool)
    mutex_release                            0x08002633   Thumb Code    20  tos_mutex.o(i.mutex_release)
    pend_highest_pending_prio_get            0x0800264d   Thumb Code    36  tos_pend.o(i.pend_highest_pending_prio_get)
    pend_list_adjust                         0x080026bd   Thumb Code    22  tos_pend.o(i.pend_list_adjust)
    pend_list_remove                         0x080026d3   Thumb Code    30  tos_pend.o(i.pend_list_remove)
    pend_task_wakeup                         0x080026f1   Thumb Code    70  tos_pend.o(i.pend_task_wakeup)
    pend_wakeup_all                          0x08002737   Thumb Code    46  tos_pend.o(i.pend_wakeup_all)
    port_systick_config                      0x08002765   Thumb Code    44  port_c.o(i.port_systick_config)
    port_systick_priority_set                0x08002799   Thumb Code    16  port_c.o(i.port_systick_priority_set)
    readyqueue_add                           0x080027a9   Thumb Code    32  tos_sched.o(i.readyqueue_add)
    readyqueue_add_head                      0x080027cd   Thumb Code    46  tos_sched.o(i.readyqueue_add_head)
    readyqueue_add_tail                      0x08002801   Thumb Code    40  tos_sched.o(i.readyqueue_add_tail)
    readyqueue_highest_ready_task_get        0x0800282d   Thumb Code    18  tos_sched.o(i.readyqueue_highest_ready_task_get)
    readyqueue_init                          0x08002845   Thumb Code    60  tos_sched.o(i.readyqueue_init)
    readyqueue_remove                        0x080028e5   Thumb Code    96  tos_sched.o(i.readyqueue_remove)
    task_free_all                            0x08002b29   Thumb Code    74  tos_task.o(i.task_free_all)
    tick_list_remove                         0x08002c45   Thumb Code    24  tos_tick.o(i.tick_list_remove)
    tick_update                              0x08002ccd   Thumb Code   154  tos_tick.o(i.tick_update)
    timer_init                               0x08002d71   Thumb Code     4  tos_timer.o(i.timer_init)
    timer_update                             0x08002e61   Thumb Code   114  tos_timer.o(i.timer_update)
    tos_cpu_clz                              0x08002edd   Thumb Code    70  tos_cpu.o(i.tos_cpu_clz)
    tos_cpu_cpsr_restore                     0x08002f23   Thumb Code    12  tos_cpu.o(i.tos_cpu_cpsr_restore)
    tos_cpu_cpsr_save                        0x08002f2f   Thumb Code     8  tos_cpu.o(i.tos_cpu_cpsr_save)
    tos_knl_init                             0x08002f39   Thumb Code    62  tos_sys.o(i.tos_knl_init)
    tos_knl_irq_enter                        0x08002f7d   Thumb Code    46  tos_sys.o(i.tos_knl_irq_enter)
    tos_knl_irq_leave                        0x08002fb1   Thumb Code   144  tos_sys.o(i.tos_knl_irq_leave)
    tos_knl_is_running                       0x08003049   Thumb Code    14  tos_sys.o(i.tos_knl_is_running)
    tos_knl_sched_lock                       0x0800305d   Thumb Code    94  tos_sys.o(i.tos_knl_sched_lock)
    tos_knl_sched_unlock                     0x080030c1   Thumb Code    96  tos_sys.o(i.tos_knl_sched_unlock)
    tos_knl_start                            0x08003129   Thumb Code    56  tos_sys.o(i.tos_knl_start)
    tos_mmblk_alloc                          0x080031ed   Thumb Code   116  tos_mmblk.o(i.tos_mmblk_alloc)
    tos_mmblk_free                           0x0800326d   Thumb Code   134  tos_mmblk.o(i.tos_mmblk_free)
    tos_mmblk_pool_create                    0x080032fd   Thumb Code   152  tos_mmblk.o(i.tos_mmblk_pool_create)
    tos_mmheap_free                          0x080033a1   Thumb Code    50  tos_mmheap.o(i.tos_mmheap_free)
    tos_mmheap_pool_add                      0x080033d5   Thumb Code   184  tos_mmheap.o(i.tos_mmheap_pool_add)
    tos_task_create                          0x08003495   Thumb Code   302  tos_task.o(i.tos_task_create)
    tos_task_destroy                         0x080035d9   Thumb Code   126  tos_task.o(i.tos_task_destroy)
    tos_task_prio_change                     0x08003669   Thumb Code   258  tos_task.o(i.tos_task_prio_change)
    tos_tick_handler                         0x08003779   Thumb Code    36  tos_tick.o(i.tos_tick_handler)
    AHBPrescTable                            0x0800379c   Data          16  system_stm32l0xx.o(.constdata)
    APBPrescTable                            0x080037ac   Data           8  system_stm32l0xx.o(.constdata)
    PLLMulTable                              0x080037b4   Data           9  system_stm32l0xx.o(.constdata)
    k_idle_task_stk_addr                     0x080037c0   Data           4  tos_global.o(.constdata)
    k_idle_task_stk_size                     0x080037c4   Data           4  tos_global.o(.constdata)
    Region$$Table$$Base                      0x080037c8   Number         0  anon$$obj.o(Region$$Table)
    Region$$Table$$Limit                     0x080037e8   Number         0  anon$$obj.o(Region$$Table)
    uwTick                                   0x20000000   Data           4  stm32l0xx_hal.o(.data)
    SystemCoreClock                          0x20000004   Data           4  system_stm32l0xx.o(.data)
    k_irq_nest_cnt                           0x20000008   Data           1  tos_global.o(.data)
    k_sched_lock_nest_cnt                    0x20000009   Data           1  tos_global.o(.data)
    k_knl_state                              0x2000000a   Data           1  tos_global.o(.data)
    k_tick_count                             0x2000000c   Data           4  tos_global.o(.data)
    k_curr_task                              0x20000010   Data           4  tos_global.o(.data)
    k_next_task                              0x20000014   Data           4  tos_global.o(.data)
    k_cpu_tick_per_second                    0x20000018   Data           4  tos_global.o(.data)
    k_cpu_cycle_per_tick                     0x2000001c   Data           4  tos_global.o(.data)
    k_dead_task_list                         0x20000020   Data           8  tos_global.o(.data)
    k_stat_list                              0x20000028   Data           8  tos_global.o(.data)
    k_tick_list                              0x20000030   Data           8  tos_global.o(.data)
    k_timer_ctl                              0x20000038   Data          12  tos_global.o(.data)
    __stdout                                 0x20000044   Data           4  stdout.o(.data)
    stack_task_demo                          0x20000048   Data         512  main.o(.bss)
    task_demo                                0x20000248   Data         112  main.o(.bss)
    mmblk_pool                               0x200002b8   Data          24  main.o(.bss)
    mmblk_pool_buffer                        0x200002d0   Data         160  main.o(.bss)
    p                                        0x20000370   Data          20  main.o(.bss)
    huart1                                   0x20000384   Data         128  usart.o(.bss)
    k_rdyq                                   0x20000404   Data          88  tos_global.o(.bss)
    k_idle_task                              0x2000045c   Data         112  tos_global.o(.bss)
    k_idle_task_stk                          0x200004cc   Data         512  tos_global.o(.bss)
    k_mmheap_default_pool                    0x200006cc   Data         256  tos_global.o(.bss)
    k_mmheap_ctl                             0x200007cc   Data        3204  tos_global.o(.bss)
    __initial_sp                             0x20001850   Data           0  startup_stm32l051xx.o(STACK)



==============================================================================

Memory Map of the image

  Image Entry point : 0x080000c1

  Load Region LR_IROM1 (Base: 0x08000000, Size: 0x00003830, Max: 0x00010000, ABSOLUTE)

    Execution Region ER_IROM1 (Exec base: 0x08000000, Load base: 0x08000000, Size: 0x000037e8, Max: 0x00010000, ABSOLUTE)

    Exec Addr    Load Addr    Size         Type   Attr      Idx    E Section Name        Object

    0x08000000   0x08000000   0x000000c0   Data   RO            3    RESET               startup_stm32l051xx.o
    0x080000c0   0x080000c0   0x00000000   Code   RO         5231  * .ARM.Collect$$$$00000000  mc_p.l(entry.o)
    0x080000c0   0x080000c0   0x00000004   Code   RO         5505    .ARM.Collect$$$$00000001  mc_p.l(entry2.o)
    0x080000c4   0x080000c4   0x00000004   Code   RO         5508    .ARM.Collect$$$$00000004  mc_p.l(entry5.o)
    0x080000c8   0x080000c8   0x00000000   Code   RO         5510    .ARM.Collect$$$$00000008  mc_p.l(entry7b.o)
    0x080000c8   0x080000c8   0x00000000   Code   RO         5512    .ARM.Collect$$$$0000000A  mc_p.l(entry8b.o)
    0x080000c8   0x080000c8   0x00000008   Code   RO         5513    .ARM.Collect$$$$0000000B  mc_p.l(entry9a.o)
    0x080000d0   0x080000d0   0x00000000   Code   RO         5515    .ARM.Collect$$$$0000000D  mc_p.l(entry10a.o)
    0x080000d0   0x080000d0   0x00000000   Code   RO         5517    .ARM.Collect$$$$0000000F  mc_p.l(entry11a.o)
    0x080000d0   0x080000d0   0x00000004   Code   RO         5506    .ARM.Collect$$$$00002712  mc_p.l(entry2.o)
    0x080000d4   0x080000d4   0x0000001c   Code   RO            4    .text               startup_stm32l051xx.o
    0x080000f0   0x080000f0   0x0000009c   Code   RO         2618    .text               port_s.o
    0x0800018c   0x0800018c   0x0000002c   Code   RO         5234    .text               mc_p.l(uidiv.o)
    0x080001b8   0x080001b8   0x00000060   Code   RO         5236    .text               mc_p.l(uldiv.o)
    0x08000218   0x08000218   0x00000024   Code   RO         5240    .text               mc_p.l(memseta.o)
    0x0800023c   0x0800023c   0x00000020   Code   RO         5520    .text               mc_p.l(llshl.o)
    0x0800025c   0x0800025c   0x00000022   Code   RO         5522    .text               mc_p.l(llushr.o)
    0x0800027e   0x0800027e   0x00000002   PAD
    0x08000280   0x08000280   0x00000024   Code   RO         5535    .text               mc_p.l(init.o)
    0x080002a4   0x080002a4   0x00000002   Code   RO           12    i.Error_Handler     main.o
    0x080002a6   0x080002a6   0x00000002   PAD
    0x080002a8   0x080002a8   0x000001ec   Code   RO         2019    i.HAL_GPIO_Init     stm32l0xx_hal_gpio.o
    0x08000494   0x08000494   0x0000000c   Code   RO         2023    i.HAL_GPIO_WritePin  stm32l0xx_hal_gpio.o
    0x080004a0   0x080004a0   0x0000000c   Code   RO          883    i.HAL_GetTick       stm32l0xx_hal.o
    0x080004ac   0x080004ac   0x00000010   Code   RO          887    i.HAL_IncTick       stm32l0xx_hal.o
    0x080004bc   0x080004bc   0x0000002c   Code   RO          888    i.HAL_Init          stm32l0xx_hal.o
    0x080004e8   0x080004e8   0x00000034   Code   RO          889    i.HAL_InitTick      stm32l0xx_hal.o
    0x0800051c   0x0800051c   0x00000020   Code   RO          396    i.HAL_MspInit       stm32l0xx_hal_msp.o
    0x0800053c   0x0800053c   0x00000012   Code   RO         2352    i.HAL_NVIC_SetPriority  stm32l0xx_hal_cortex.o
    0x0800054e   0x0800054e   0x00000002   PAD
    0x08000550   0x08000550   0x0000022c   Code   RO         1660    i.HAL_RCCEx_PeriphCLKConfig  stm32l0xx_hal_rcc_ex.o
    0x0800077c   0x0800077c   0x00000208   Code   RO         1562    i.HAL_RCC_ClockConfig  stm32l0xx_hal_rcc.o
    0x08000984   0x08000984   0x0000000c   Code   RO         1566    i.HAL_RCC_GetHCLKFreq  stm32l0xx_hal_rcc.o
    0x08000990   0x08000990   0x00000024   Code   RO         1568    i.HAL_RCC_GetPCLK1Freq  stm32l0xx_hal_rcc.o
    0x080009b4   0x080009b4   0x00000024   Code   RO         1569    i.HAL_RCC_GetPCLK2Freq  stm32l0xx_hal_rcc.o
    0x080009d8   0x080009d8   0x000000d0   Code   RO         1570    i.HAL_RCC_GetSysClockFreq  stm32l0xx_hal_rcc.o
    0x08000aa8   0x08000aa8   0x00000624   Code   RO         1573    i.HAL_RCC_OscConfig  stm32l0xx_hal_rcc.o
    0x080010cc   0x080010cc   0x00000038   Code   RO         2356    i.HAL_SYSTICK_Config  stm32l0xx_hal_cortex.o
    0x08001104   0x08001104   0x0000007e   Code   RO          470    i.HAL_UART_Init     stm32l0xx_hal_uart.o
    0x08001182   0x08001182   0x00000002   PAD
    0x08001184   0x08001184   0x0000006c   Code   RO          308    i.HAL_UART_MspInit  usart.o
    0x080011f0   0x080011f0   0x00000100   Code   RO          478    i.HAL_UART_Transmit  stm32l0xx_hal_uart.o
    0x080012f0   0x080012f0   0x00000004   Code   RO          355    i.HardFault_Handler  stm32l0xx_it.o
    0x080012f4   0x080012f4   0x000000ac   Code   RO          287    i.MX_GPIO_Init      gpio.o
    0x080013a0   0x080013a0   0x00000044   Code   RO          309    i.MX_USART1_UART_Init  usart.o
    0x080013e4   0x080013e4   0x00000002   Code   RO          356    i.NMI_Handler       stm32l0xx_it.o
    0x080013e6   0x080013e6   0x00000002   PAD
    0x080013e8   0x080013e8   0x00000078   Code   RO         2358    i.NVIC_SetPriority  stm32l0xx_hal_cortex.o
    0x08001460   0x08001460   0x00000078   Code   RO         2580    i.NVIC_SetPriority  port_c.o
    0x080014d8   0x080014d8   0x00000002   Code   RO          357    i.SVC_Handler       stm32l0xx_it.o
    0x080014da   0x080014da   0x0000001c   Code   RO          358    i.SysTick_Handler   stm32l0xx_it.o
    0x080014f6   0x080014f6   0x00000002   PAD
    0x080014f8   0x080014f8   0x00000098   Code   RO           13    i.SystemClock_Config  main.o
    0x08001590   0x08001590   0x00000068   Code   RO         2456    i.SystemInit        system_stm32l0xx.o
    0x080015f8   0x080015f8   0x000000f0   Code   RO          483    i.UART_AdvFeatureConfig  stm32l0xx_hal_uart.o
    0x080016e8   0x080016e8   0x00000070   Code   RO          484    i.UART_CheckIdleState  stm32l0xx_hal_uart.o
    0x08001758   0x08001758   0x000003dc   Code   RO          500    i.UART_SetConfig    stm32l0xx_hal_uart.o
    0x08001b34   0x08001b34   0x0000006c   Code   RO          503    i.UART_WaitOnFlagUntilTimeout  stm32l0xx_hal_uart.o
    0x08001ba0   0x08001ba0   0x00000020   Code   RO         5377    i.__0printf$5       mc_p.l(printf5.o)
    0x08001bc0   0x08001bc0   0x00000030   Code   RO          796    i.__ARM_common_ll_muluu  stm32l0xx_hal_uart.o
    0x08001bf0   0x08001bf0   0x0000000e   Code   RO         3227    i.__fls             tos_mmheap.o
    0x08001bfe   0x08001bfe   0x0000000e   Code   RO         5545    i.__scatterload_copy  mc_p.l(handlers.o)
    0x08001c0c   0x08001c0c   0x00000002   Code   RO         5546    i.__scatterload_null  mc_p.l(handlers.o)
    0x08001c0e   0x08001c0e   0x0000000e   Code   RO         5547    i.__scatterload_zeroinit  mc_p.l(handlers.o)
    0x08001c1c   0x08001c1c   0x0000000a   Code   RO         4143    i._list_add         tos_sched.o
    0x08001c26   0x08001c26   0x00000006   Code   RO         4144    i._list_del         tos_sched.o
    0x08001c2c   0x08001c2c   0x000002dc   Code   RO         5384    i._printf_core      mc_p.l(printf5.o)
    0x08001f08   0x08001f08   0x0000001e   Code   RO         3230    i.blk_absorb        tos_mmheap.o
    0x08001f26   0x08001f26   0x00000020   Code   RO         3232    i.blk_insert        tos_mmheap.o
    0x08001f46   0x08001f46   0x00000012   Code   RO         3233    i.blk_link_next     tos_mmheap.o
    0x08001f58   0x08001f58   0x0000001a   Code   RO         3235    i.blk_mark_as_free  tos_mmheap.o
    0x08001f72   0x08001f72   0x0000002c   Code   RO         3237    i.blk_merge_next    tos_mmheap.o
    0x08001f9e   0x08001f9e   0x0000002a   Code   RO         3238    i.blk_merge_prev    tos_mmheap.o
    0x08001fc8   0x08001fc8   0x00000020   Code   RO         3239    i.blk_next          tos_mmheap.o
    0x08001fe8   0x08001fe8   0x00000020   Code   RO         3241    i.blk_remove        tos_mmheap.o
    0x08002008   0x08002008   0x0000000a   Code   RO         3243    i.blk_set_free      tos_mmheap.o
    0x08002012   0x08002012   0x0000000a   Code   RO         3244    i.blk_set_prev_free  tos_mmheap.o
    0x0800201c   0x0800201c   0x0000000a   Code   RO         3245    i.blk_set_prev_used  tos_mmheap.o
    0x08002026   0x08002026   0x0000000c   Code   RO         3246    i.blk_set_size      tos_mmheap.o
    0x08002032   0x08002032   0x0000000a   Code   RO         3247    i.blk_set_used      tos_mmheap.o
    0x0800203c   0x0800203c   0x0000000a   Code   RO         3248    i.blk_size          tos_mmheap.o
    0x08002046   0x08002046   0x00000008   Code   RO         3250    i.blk_to_ptr        tos_mmheap.o
    0x0800204e   0x0800204e   0x00000008   Code   RO         2488    i.cpu_context_switch  tos_cpu.o
    0x08002056   0x08002056   0x00000002   PAD
    0x08002058   0x08002058   0x00000028   Code   RO         2489    i.cpu_init          tos_cpu.o
    0x08002080   0x08002080   0x00000008   Code   RO         2490    i.cpu_irq_context_switch  tos_cpu.o
    0x08002088   0x08002088   0x00000004   Code   RO         2492    i.cpu_sched_start   tos_cpu.o
    0x0800208c   0x0800208c   0x00000012   Code   RO         2493    i.cpu_systick_init  tos_cpu.o
    0x0800209e   0x0800209e   0x00000002   PAD
    0x080020a0   0x080020a0   0x000000c4   Code   RO         2495    i.cpu_task_stk_init  tos_cpu.o
    0x08002164   0x08002164   0x00000154   Code   RO           14    i.entry_task_demo   main.o
    0x080022b8   0x080022b8   0x0000001c   Code   RO          310    i.fputc             usart.o
    0x080022d4   0x080022d4   0x0000004a   Code   RO         3254    i.generic_fls       tos_mmheap.o
    0x0800231e   0x0800231e   0x00000002   PAD
    0x08002320   0x08002320   0x00000050   Code   RO         3255    i.insert_free_block  tos_mmheap.o
    0x08002370   0x08002370   0x0000000a   Code   RO         4341    i.knl_idle_entry    tos_sys.o
    0x0800237a   0x0800237a   0x00000002   PAD
    0x0800237c   0x0800237c   0x00000040   Code   RO         4342    i.knl_idle_init     tos_sys.o
    0x080023bc   0x080023bc   0x00000014   Code   RO         4343    i.knl_is_idle       tos_sys.o
    0x080023d0   0x080023d0   0x00000014   Code   RO         4344    i.knl_is_inirq      tos_sys.o
    0x080023e4   0x080023e4   0x00000014   Code   RO         4345    i.knl_is_sched_locked  tos_sys.o
    0x080023f8   0x080023f8   0x00000018   Code   RO         4346    i.knl_is_self       tos_sys.o
    0x08002410   0x08002410   0x00000010   Code   RO         3183    i.knl_object_verify  tos_mmblk.o
    0x08002420   0x08002420   0x00000010   Code   RO         4438    i.knl_object_verify  tos_task.o
    0x08002430   0x08002430   0x0000006c   Code   RO         4347    i.knl_sched         tos_sys.o
    0x0800249c   0x0800249c   0x00000074   Code   RO           15    i.main              main.o
    0x08002510   0x08002510   0x00000036   Code   RO         3256    i.mapping_insert    tos_mmheap.o
    0x08002546   0x08002546   0x00000002   PAD
    0x08002548   0x08002548   0x00000060   Code   RO         3258    i.mmheap_ctl_init   tos_mmheap.o
    0x080025a8   0x080025a8   0x00000014   Code   RO         3260    i.mmheap_init_with_pool  tos_mmheap.o
    0x080025bc   0x080025bc   0x0000002c   Code   RO         3261    i.mmheap_pool_is_exist  tos_mmheap.o
    0x080025e8   0x080025e8   0x0000004a   Code   RO         3493    i.mutex_old_owner_release  tos_mutex.o
    0x08002632   0x08002632   0x00000014   Code   RO         3494    i.mutex_release     tos_mutex.o
    0x08002646   0x08002646   0x00000006   Code   RO         3263    i.offset_to_blk     tos_mmheap.o
    0x0800264c   0x0800264c   0x00000024   Code   RO         3596    i.pend_highest_pending_prio_get  tos_pend.o
    0x08002670   0x08002670   0x0000004c   Code   RO         3599    i.pend_list_add     tos_pend.o
    0x080026bc   0x080026bc   0x00000016   Code   RO         3600    i.pend_list_adjust  tos_pend.o
    0x080026d2   0x080026d2   0x0000001e   Code   RO         3601    i.pend_list_remove  tos_pend.o
    0x080026f0   0x080026f0   0x00000046   Code   RO         3606    i.pend_task_wakeup  tos_pend.o
    0x08002736   0x08002736   0x0000002e   Code   RO         3608    i.pend_wakeup_all   tos_pend.o
    0x08002764   0x08002764   0x00000034   Code   RO         2582    i.port_systick_config  port_c.o
    0x08002798   0x08002798   0x00000010   Code   RO         2583    i.port_systick_priority_set  port_c.o
    0x080027a8   0x080027a8   0x00000024   Code   RO         4145    i.readyqueue_add    tos_sched.o
    0x080027cc   0x080027cc   0x00000034   Code   RO         4146    i.readyqueue_add_head  tos_sched.o
    0x08002800   0x08002800   0x0000002c   Code   RO         4147    i.readyqueue_add_tail  tos_sched.o
    0x0800282c   0x0800282c   0x00000018   Code   RO         4149    i.readyqueue_highest_ready_task_get  tos_sched.o
    0x08002844   0x08002844   0x00000040   Code   RO         4150    i.readyqueue_init   tos_sched.o
    0x08002884   0x08002884   0x00000028   Code   RO         4153    i.readyqueue_prio_highest_get  tos_sched.o
    0x080028ac   0x080028ac   0x00000038   Code   RO         4154    i.readyqueue_prio_mark  tos_sched.o
    0x080028e4   0x080028e4   0x00000064   Code   RO         4155    i.readyqueue_remove  tos_sched.o
    0x08002948   0x08002948   0x00000064   Code   RO         3264    i.remove_free_block  tos_mmheap.o
    0x080029ac   0x080029ac   0x00000044   Code   RO         4440    i.task_destroy_dyn  tos_task.o
    0x080029f0   0x080029f0   0x0000008c   Code   RO         4441    i.task_destroy_static  tos_task.o
    0x08002a7c   0x08002a7c   0x00000090   Code   RO         4442    i.task_do_destroy   tos_task.o
    0x08002b0c   0x08002b0c   0x0000000a   Code   RO         4443    i.task_exit         tos_task.o
    0x08002b16   0x08002b16   0x00000012   Code   RO         4444    i.task_free         tos_task.o
    0x08002b28   0x08002b28   0x00000050   Code   RO         4445    i.task_free_all     tos_task.o
    0x08002b78   0x08002b78   0x00000032   Code   RO         4446    i.task_highest_pending_prio_get  tos_task.o
    0x08002baa   0x08002baa   0x0000002e   Code   RO         4447    i.task_mutex_release  tos_task.o
    0x08002bd8   0x08002bd8   0x00000052   Code   RO         4448    i.task_reset        tos_task.o
    0x08002c2a   0x08002c2a   0x0000000a   Code   RO         4449    i.task_state_is_pending  tos_task.o
    0x08002c34   0x08002c34   0x00000010   Code   RO         4450    i.task_state_is_ready  tos_task.o
    0x08002c44   0x08002c44   0x00000018   Code   RO         4662    i.tick_list_remove  tos_tick.o
    0x08002c5c   0x08002c5c   0x00000070   Code   RO         4665    i.tick_task_takeoff  tos_tick.o
    0x08002ccc   0x08002ccc   0x000000a4   Code   RO         4666    i.tick_update       tos_tick.o
    0x08002d70   0x08002d70   0x00000004   Code   RO         4812    i.timer_init        tos_timer.o
    0x08002d74   0x08002d74   0x00000080   Code   RO         4814    i.timer_place       tos_timer.o
    0x08002df4   0x08002df4   0x0000006c   Code   RO         4815    i.timer_takeoff     tos_timer.o
    0x08002e60   0x08002e60   0x0000007c   Code   RO         4816    i.timer_update      tos_timer.o
    0x08002edc   0x08002edc   0x00000046   Code   RO         2496    i.tos_cpu_clz       tos_cpu.o
    0x08002f22   0x08002f22   0x0000000c   Code   RO         2497    i.tos_cpu_cpsr_restore  tos_cpu.o
    0x08002f2e   0x08002f2e   0x00000008   Code   RO         2498    i.tos_cpu_cpsr_save  tos_cpu.o
    0x08002f36   0x08002f36   0x00000002   PAD
    0x08002f38   0x08002f38   0x00000044   Code   RO         4348    i.tos_knl_init      tos_sys.o
    0x08002f7c   0x08002f7c   0x00000034   Code   RO         4349    i.tos_knl_irq_enter  tos_sys.o
    0x08002fb0   0x08002fb0   0x00000098   Code   RO         4350    i.tos_knl_irq_leave  tos_sys.o
    0x08003048   0x08003048   0x00000014   Code   RO         4351    i.tos_knl_is_running  tos_sys.o
    0x0800305c   0x0800305c   0x00000064   Code   RO         4352    i.tos_knl_sched_lock  tos_sys.o
    0x080030c0   0x080030c0   0x00000068   Code   RO         4353    i.tos_knl_sched_unlock  tos_sys.o
    0x08003128   0x08003128   0x00000044   Code   RO         4354    i.tos_knl_start     tos_sys.o
    0x0800316c   0x0800316c   0x0000000e   Code   RO         4452    i.tos_list_add      tos_task.o
    0x0800317a   0x0800317a   0x00000012   Code   RO         4156    i.tos_list_add_tail  tos_sched.o
    0x0800318c   0x0800318c   0x0000000c   Code   RO         3610    i.tos_list_del      tos_pend.o
    0x08003198   0x08003198   0x0000000c   Code   RO         4453    i.tos_list_del      tos_task.o
    0x080031a4   0x080031a4   0x00000010   Code   RO         3611    i.tos_list_empty    tos_pend.o
    0x080031b4   0x080031b4   0x00000010   Code   RO         4157    i.tos_list_empty    tos_sched.o
    0x080031c4   0x080031c4   0x00000010   Code   RO         4454    i.tos_list_empty    tos_task.o
    0x080031d4   0x080031d4   0x00000010   Code   RO         4667    i.tos_list_empty    tos_tick.o
    0x080031e4   0x080031e4   0x00000006   Code   RO         4455    i.tos_list_init     tos_task.o
    0x080031ea   0x080031ea   0x00000002   PAD
    0x080031ec   0x080031ec   0x00000080   Code   RO         3184    i.tos_mmblk_alloc   tos_mmblk.o
    0x0800326c   0x0800326c   0x00000090   Code   RO         3185    i.tos_mmblk_free    tos_mmblk.o
    0x080032fc   0x080032fc   0x000000a4   Code   RO         3186    i.tos_mmblk_pool_create  tos_mmblk.o
    0x080033a0   0x080033a0   0x00000032   Code   RO         3269    i.tos_mmheap_free   tos_mmheap.o
    0x080033d2   0x080033d2   0x00000002   PAD
    0x080033d4   0x080033d4   0x000000c0   Code   RO         3270    i.tos_mmheap_pool_add  tos_mmheap.o
    0x08003494   0x08003494   0x00000144   Code   RO         4456    i.tos_task_create   tos_task.o
    0x080035d8   0x080035d8   0x00000090   Code   RO         4461    i.tos_task_destroy  tos_task.o
    0x08003668   0x08003668   0x00000110   Code   RO         4463    i.tos_task_prio_change  tos_task.o
    0x08003778   0x08003778   0x00000024   Code   RO         4668    i.tos_tick_handler  tos_tick.o
    0x0800379c   0x0800379c   0x00000021   Data   RO         2457    .constdata          system_stm32l0xx.o
    0x080037bd   0x080037bd   0x00000003   PAD
    0x080037c0   0x080037c0   0x00000008   Data   RO         2998    .constdata          tos_global.o
    0x080037c8   0x080037c8   0x00000020   Data   RO         5543    Region$$Table       anon$$obj.o


    Execution Region RW_IRAM1 (Exec base: 0x20000000, Load base: 0x080037e8, Size: 0x00001850, Max: 0x00002000, ABSOLUTE)

    Exec Addr    Load Addr    Size         Type   Attr      Idx    E Section Name        Object

    0x20000000   0x080037e8   0x00000004   Data   RW          898    .data               stm32l0xx_hal.o
    0x20000004   0x080037ec   0x00000004   Data   RW         2458    .data               system_stm32l0xx.o
    0x20000008   0x080037f0   0x0000003c   Data   RW         2999    .data               tos_global.o
    0x20000044   0x0800382c   0x00000004   Data   RW         5519    .data               mc_p.l(stdout.o)
    0x20000048        -       0x0000033c   Zero   RW           16    .bss                main.o
    0x20000384        -       0x00000080   Zero   RW          311    .bss                usart.o
    0x20000404        -       0x0000104c   Zero   RW         2997    .bss                tos_global.o
    0x20001450        -       0x00000400   Zero   RW            1    STACK               startup_stm32l051xx.o


==============================================================================

Image component sizes


      Code (inc. data)   RO Data    RW Data    ZI Data      Debug   Object Name

       172         12          0          0          0        967   gpio.o
       610        220          0          0        828     303253   main.o
       188         18          0          0          0      10090   port_c.o
       156         24          0          0          0        420   port_s.o
        28          8        192          0       1024        676   startup_stm32l051xx.o
       124         22          0          4          0       3431   stm32l0xx_hal.o
       194         20          0          0          0      10256   stm32l0xx_hal_cortex.o
       504         30          0          0          0       2412   stm32l0xx_hal_gpio.o
        32          6          0          0          0        478   stm32l0xx_hal_msp.o
      2384        100          0          0          0       6368   stm32l0xx_hal_rcc.o
       556         14          0          0          0       1556   stm32l0xx_hal_rcc_ex.o
      1878         52          0          0          0       6401   stm32l0xx_hal_uart.o
        36          0          0          0          0       1898   stm32l0xx_it.o
       104         16         33          4          0       1355   system_stm32l0xx.o
         0          0          0          0          0       1708   tos_binary_heap.o
       364         56          0          0          0       5847   tos_cpu.o
         0          0          0          0          0       2340   tos_event.o
         0          0          8         60       4172       1576   tos_global.o
       452         34          0          0          0       3631   tos_mmblk.o
      1056         32          0          0          0      16772   tos_mmheap.o
        94          0          0          0          0       7816   tos_mutex.o
       308          0          0          0          0      11347   tos_pend.o
       466         36          0          0          0      13247   tos_sched.o
       830        100          0          0          0       8545   tos_sys.o
      1468         88          0          0          0      18968   tos_task.o
       352         16          0          0          0       9208   tos_tick.o
       364         24          0          0          0       4328   tos_timer.o
       204         26          0          0        128       3662   usart.o

    ----------------------------------------------------------------------
     12950        954        268         68       6152     458556   Object Totals
         0          0         32          0          0          0   (incl. Generated)
        26          0          3          0          0          0   (incl. Padding)

    ----------------------------------------------------------------------

      Code (inc. data)   RO Data    RW Data    ZI Data      Debug   Library Member Name

         0          0          0          0          0          0   entry.o
         0          0          0          0          0          0   entry10a.o
         0          0          0          0          0          0   entry11a.o
         8          4          0          0          0          0   entry2.o
         4          0          0          0          0          0   entry5.o
         0          0          0          0          0          0   entry7b.o
         0          0          0          0          0          0   entry8b.o
         8          4          0          0          0          0   entry9a.o
        30          0          0          0          0          0   handlers.o
        36          8          0          0          0         68   init.o
        32          0          0          0          0         68   llshl.o
        34          0          0          0          0         68   llushr.o
        36          0          0          0          0        100   memseta.o
       764         52          0          0          0        168   printf5.o
         0          0          0          4          0          0   stdout.o
        44          0          0          0          0         72   uidiv.o
        96          0          0          0          0         84   uldiv.o

    ----------------------------------------------------------------------
      1094         68          0          4          0        628   Library Totals
         2          0          0          0          0          0   (incl. Padding)

    ----------------------------------------------------------------------

      Code (inc. data)   RO Data    RW Data    ZI Data      Debug   Library Name

      1092         68          0          4          0        628   mc_p.l

    ----------------------------------------------------------------------
      1094         68          0          4          0        628   Library Totals

    ----------------------------------------------------------------------

==============================================================================


      Code (inc. data)   RO Data    RW Data    ZI Data      Debug   

     14044       1022        268         72       6152     453000   Grand Totals
     14044       1022        268         72       6152     453000   ELF Image Totals
     14044       1022        268         72          0          0   ROM Totals

==============================================================================

    Total RO  Size (Code + RO Data)                14312 (  13.98kB)
    Total RW  Size (RW Data + ZI Data)              6224 (   6.08kB)
    Total ROM Size (Code + RO Data + RW Data)      14384 (  14.05kB)

==============================================================================

